Component: Arm Compiler for Embedded 6.24 Tool: armlink [5f371500]

==============================================================================

Section Cross References

    startup_stm32f042x6.o(STACK) refers (Special) to heapauxi.o(.text) for __use_two_region_memory
    startup_stm32f042x6.o(HEAP) refers (Special) to heapauxi.o(.text) for __use_two_region_memory
    startup_stm32f042x6.o(RESET) refers (Special) to heapauxi.o(.text) for __use_two_region_memory
    startup_stm32f042x6.o(RESET) refers to startup_stm32f042x6.o(STACK) for __initial_sp
    startup_stm32f042x6.o(RESET) refers to startup_stm32f042x6.o(.text) for Reset_Handler
    startup_stm32f042x6.o(RESET) refers to stm32f0xx_it.o(.text.NMI_Handler) for NMI_Handler
    startup_stm32f042x6.o(RESET) refers to stm32f0xx_it.o(.text.HardFault_Handler) for HardFault_Handler
    startup_stm32f042x6.o(RESET) refers to stm32f0xx_it.o(.text.SVC_Handler) for SVC_Handler
    startup_stm32f042x6.o(RESET) refers to stm32f0xx_it.o(.text.PendSV_Handler) for PendSV_Handler
    startup_stm32f042x6.o(RESET) refers to stm32f0xx_it.o(.text.SysTick_Handler) for SysTick_Handler
    startup_stm32f042x6.o(RESET) refers to stm32f0xx_it.o(.text.PVD_VDDIO2_IRQHandler) for PVD_VDDIO2_IRQHandler
    startup_stm32f042x6.o(RESET) refers to stm32f0xx_it.o(.text.EXTI2_3_IRQHandler) for EXTI2_3_IRQHandler
    startup_stm32f042x6.o(RESET) refers to stm32f0xx_it.o(.text.TIM2_IRQHandler) for TIM2_IRQHandler
    startup_stm32f042x6.o(RESET) refers to stm32f0xx_it.o(.text.TIM3_IRQHandler) for TIM3_IRQHandler
    startup_stm32f042x6.o(RESET) refers to stm32f0xx_it.o(.text.CEC_CAN_IRQHandler) for CEC_CAN_IRQHandler
    startup_stm32f042x6.o(.text) refers (Special) to heapauxi.o(.text) for __use_two_region_memory
    startup_stm32f042x6.o(.text) refers to startup_stm32f042x6.o(STACK) for __initial_sp
    startup_stm32f042x6.o(.text) refers to system_stm32f0xx.o(.text.SystemInit) for SystemInit
    startup_stm32f042x6.o(.text) refers to __main.o(!!!main) for __main
    startup_stm32f042x6.o(.text) refers to startup_stm32f042x6.o(HEAP) for Heap_Mem
    main.o(.text.main) refers to stm32f0xx_hal.o(.text.HAL_Init) for HAL_Init
    main.o(.text.main) refers to main.o(.text.SystemClock_Config) for SystemClock_Config
    main.o(.text.main) refers to gpio.o(.text.MX_GPIO_Init) for MX_GPIO_Init
    main.o(.text.main) refers to can.o(.text.MX_CAN_Init) for MX_CAN_Init
    main.o(.text.main) refers to spi.o(.text.MX_SPI1_Init) for MX_SPI1_Init
    main.o(.text.main) refers to tim.o(.text.MX_TIM14_Init) for MX_TIM14_Init
    main.o(.text.main) refers to tim.o(.text.MX_TIM16_Init) for MX_TIM16_Init
    main.o(.text.main) refers to tim.o(.text.MX_TIM2_Init) for MX_TIM2_Init
    main.o(.text.main) refers to tim.o(.text.MX_TIM3_Init) for MX_TIM3_Init
    main.o(.text.main) refers to i2c.o(.text.MX_I2C1_Init) for MX_I2C1_Init
    main.o(.text.main) refers to iwdg.o(.text.MX_IWDG_Init) for MX_IWDG_Init
    main.o(.text.main) refers to task.o(.text.Task_Init) for Task_Init
    main.o(.text.main) refers to stm32f0xx_hal_gpio.o(.text.HAL_GPIO_WritePin) for HAL_GPIO_WritePin
    main.o(.text.main) refers to tim.o(.bss.htim16) for htim16
    main.o(.text.main) refers to task.o(.data.CAN_ID) for CAN_ID
    main.o(.text.main) refers to main.o(.data.blink_interval) for blink_interval
    main.o(.ARM.exidx.text.main) refers to main.o(.text.main) for [Anonymous Symbol]
    main.o(.text.SystemClock_Config) refers to rt_memclr.o(.text) for __aeabi_memclr4
    main.o(.text.SystemClock_Config) refers to stm32f0xx_hal_rcc.o(.text.HAL_RCC_OscConfig) for HAL_RCC_OscConfig
    main.o(.text.SystemClock_Config) refers to main.o(.text.Error_Handler) for Error_Handler
    main.o(.text.SystemClock_Config) refers to stm32f0xx_hal_rcc.o(.text.HAL_RCC_ClockConfig) for HAL_RCC_ClockConfig
    main.o(.text.SystemClock_Config) refers to stm32f0xx_hal_rcc_ex.o(.text.HAL_RCCEx_PeriphCLKConfig) for HAL_RCCEx_PeriphCLKConfig
    main.o(.ARM.exidx.text.SystemClock_Config) refers to main.o(.text.SystemClock_Config) for [Anonymous Symbol]
    main.o(.ARM.exidx.text.Error_Handler) refers to main.o(.text.Error_Handler) for [Anonymous Symbol]
    gpio.o(.text.MX_GPIO_Init) refers to stm32f0xx_hal_gpio.o(.text.HAL_GPIO_WritePin) for HAL_GPIO_WritePin
    gpio.o(.text.MX_GPIO_Init) refers to stm32f0xx_hal_gpio.o(.text.HAL_GPIO_Init) for HAL_GPIO_Init
    gpio.o(.text.MX_GPIO_Init) refers to stm32f0xx_hal_cortex.o(.text.HAL_NVIC_SetPriority) for HAL_NVIC_SetPriority
    gpio.o(.text.MX_GPIO_Init) refers to stm32f0xx_hal_cortex.o(.text.HAL_NVIC_EnableIRQ) for HAL_NVIC_EnableIRQ
    gpio.o(.ARM.exidx.text.MX_GPIO_Init) refers to gpio.o(.text.MX_GPIO_Init) for [Anonymous Symbol]
    can.o(.text.MX_CAN_Init) refers to stm32f0xx_hal_can.o(.text.HAL_CAN_Init) for HAL_CAN_Init
    can.o(.text.MX_CAN_Init) refers to main.o(.text.Error_Handler) for Error_Handler
    can.o(.text.MX_CAN_Init) refers to can.o(.bss.hcan) for hcan
[...]
    __arm_cp.9_1                             0x080055a8   Number         4  stm32f0xx_hal_cortex.o(.text.SysTick_Config)
    __arm_cp.9_2                             0x080055ac   Number         4  stm32f0xx_hal_cortex.o(.text.SysTick_Config)
    [Anonymous Symbol]                       0x080055b0   Section        0  stm32f0xx_it.o(.text.SysTick_Handler)
    [Anonymous Symbol]                       0x080055b8   Section        0  main.o(.text.SystemClock_Config)
    [Anonymous Symbol]                       0x08005648   Section        0  system_stm32f0xx.o(.text.SystemInit)
    [Anonymous Symbol]                       0x0800564c   Section        0  stm32f0xx_it.o(.text.TIM2_IRQHandler)
    [Anonymous Symbol]                       0x08005658   Section        0  stm32f0xx_it.o(.text.TIM3_IRQHandler)
    [Anonymous Symbol]                       0x08005664   Section        0  stm32f0xx_hal_tim.o(.text.TIM_Base_SetConfig)
    __arm_cp.2_3                             0x08005768   Number         4  stm32f0xx_hal_tim.o(.text.TIM_Base_SetConfig)
    __arm_cp.2_4                             0x0800576c   Number         4  stm32f0xx_hal_tim.o(.text.TIM_Base_SetConfig)
    [Anonymous Symbol]                       0x08005770   Section        0  drv_can.o(.text.TIM_CAN_PeriodElapsedCallback)
    __arm_cp.3_0                             0x0800579c   Number         4  drv_can.o(.text.TIM_CAN_PeriodElapsedCallback)
    __arm_cp.3_3                             0x080057a0   Number         4  drv_can.o(.text.TIM_CAN_PeriodElapsedCallback)
    [Anonymous Symbol]                       0x080057a4   Section        0  stm32f0xx_hal_tim.o(.text.TIM_CCxChannelCmd)
    [Anonymous Symbol]                       0x080057d6   Section        0  stm32f0xx_hal_tim.o(.text.TIM_ETR_SetConfig)
    TIM_ITRx_SetConfig                       0x0800580d   Thumb Code    42  stm32f0xx_hal_tim.o(.text.TIM_ITRx_SetConfig)
    [Anonymous Symbol]                       0x0800580c   Section        0  stm32f0xx_hal_tim.o(.text.TIM_ITRx_SetConfig)
    [Anonymous Symbol]                       0x08005838   Section        0  drv_tim.o(.text.TIM_Init)
    __arm_cp.0_0                             0x080058ac   Number         4  drv_tim.o(.text.TIM_Init)
    __arm_cp.0_1                             0x080058b0   Number         4  drv_tim.o(.text.TIM_Init)
    __arm_cp.0_2                             0x080058b4   Number         4  drv_tim.o(.text.TIM_Init)
    __arm_cp.0_3                             0x080058b8   Number         4  drv_tim.o(.text.TIM_Init)
    __arm_cp.0_4                             0x080058bc   Number         4  drv_tim.o(.text.TIM_Init)
    __arm_cp.0_5                             0x080058c0   Number         4  drv_tim.o(.text.TIM_Init)
    __arm_cp.0_6                             0x080058c4   Number         4  drv_tim.o(.text.TIM_Init)
    TIM_TI1_ConfigInputStage                 0x080058c9   Thumb Code    80  stm32f0xx_hal_tim.o(.text.TIM_TI1_ConfigInputStage)
    [Anonymous Symbol]                       0x080058c8   Section        0  stm32f0xx_hal_tim.o(.text.TIM_TI1_ConfigInputStage)
    TIM_TI2_ConfigInputStage                 0x08005919   Thumb Code    84  stm32f0xx_hal_tim.o(.text.TIM_TI2_ConfigInputStage)
    [Anonymous Symbol]                       0x08005918   Section        0  stm32f0xx_hal_tim.o(.text.TIM_TI2_ConfigInputStage)
    [Anonymous Symbol]                       0x0800596c   Section        0  task.o(.text.Task_Init)
    __arm_cp.7_0                             0x080059d8   Number         4  task.o(.text.Task_Init)
    __arm_cp.7_1                             0x080059dc   Number         4  task.o(.text.Task_Init)
    __arm_cp.7_2                             0x080059e0   Number         4  task.o(.text.Task_Init)
    __arm_cp.7_3                             0x080059e4   Number         4  task.o(.text.Task_Init)
    __arm_cp.7_4                             0x080059e8   Number         4  task.o(.text.Task_Init)
    __arm_cp.7_5                             0x080059ec   Number         4  task.o(.text.Task_Init)
    __arm_cp.7_7                             0x080059f0   Number         4  task.o(.text.Task_Init)
    __arm_cp.7_9                             0x080059f4   Number         4  task.o(.text.Task_Init)
    __arm_cp.7_10                            0x080059f8   Number         4  task.o(.text.Task_Init)
    __arm_cp.7_11                            0x080059fc   Number         4  task.o(.text.Task_Init)
    __arm_cp.7_12                            0x08005a00   Number         4  task.o(.text.Task_Init)
    _GLOBAL__sub_I_task.cpp                  0x08005a05   Thumb Code     8  task.o(.text._GLOBAL__sub_I_task.cpp)
    [Anonymous Symbol]                       0x08005a04   Section        0  task.o(.text._GLOBAL__sub_I_task.cpp)
    [Anonymous Symbol]                       0x08005a0c   Section        0  task.o(.text._Z11CAN_ID_Initv)
    __arm_cp.5_0                             0x08005a3c   Number         4  task.o(.text._Z11CAN_ID_Initv)
    __arm_cp.5_1                             0x08005a40   Number         4  task.o(.text._Z11CAN_ID_Initv)
    [Anonymous Symbol]                       0x08005a44   Section        0  task.o(.text._Z21Task1ms_TIM2_Callbackv)
    __arm_cp.3_0                             0x08005be0   Number         4  task.o(.text._Z21Task1ms_TIM2_Callbackv)
    __arm_cp.3_1                             0x08005be4   Number         4  task.o(.text._Z21Task1ms_TIM2_Callbackv)
    __arm_cp.3_2                             0x08005be8   Number         4  task.o(.text._Z21Task1ms_TIM2_Callbackv)
    __arm_cp.3_3                             0x08005bec   Number         4  task.o(.text._Z21Task1ms_TIM2_Callbackv)
    __arm_cp.3_4                             0x08005bf0   Number         4  task.o(.text._Z21Task1ms_TIM2_Callbackv)
    __arm_cp.3_5                             0x08005bf4   Number         4  task.o(.text._Z21Task1ms_TIM2_Callbackv)
    __arm_cp.3_6                             0x08005bf8   Number         4  task.o(.text._Z21Task1ms_TIM2_Callbackv)
    __arm_cp.3_7                             0x08005bfc   Number         4  task.o(.text._Z21Task1ms_TIM2_Callbackv)
    __arm_cp.3_8                             0x08005c00   Number         4  task.o(.text._Z21Task1ms_TIM2_Callbackv)
    __arm_cp.3_9                             0x08005c04   Number         4  task.o(.text._Z21Task1ms_TIM2_Callbackv)
    __arm_cp.3_10                            0x08005c08   Number         4  task.o(.text._Z21Task1ms_TIM2_Callbackv)
    __arm_cp.3_11                            0x08005c0c   Number         4  task.o(.text._Z21Task1ms_TIM2_Callbackv)
    __arm_cp.3_12                            0x08005c10   Number         4  task.o(.text._Z21Task1ms_TIM2_Callbackv)
    __arm_cp.3_13                            0x08005c14   Number         4  task.o(.text._Z21Task1ms_TIM2_Callbackv)
    __arm_cp.3_14                            0x08005c18   Number         4  task.o(.text._Z21Task1ms_TIM2_Callbackv)
    __arm_cp.3_15                            0x08005c1c   Number         4  task.o(.text._Z21Task1ms_TIM2_Callbackv)
    __arm_cp.3_16                            0x08005c20   Number         4  task.o(.text._Z21Task1ms_TIM2_Callbackv)
    __arm_cp.3_17                            0x08005c24   Number         4  task.o(.text._Z21Task1ms_TIM2_Callbackv)
    __arm_cp.3_18                            0x08005c28   Number         4  task.o(.text._Z21Task1ms_TIM2_Callbackv)
    __arm_cp.3_19                            0x08005c2c   Number         4  task.o(.text._Z21Task1ms_TIM2_Callbackv)
    __arm_cp.3_20                            0x08005c30   Number         4  task.o(.text._Z21Task1ms_TIM2_Callbackv)
    __arm_cp.3_21                            0x08005c34   Number         4  task.o(.text._Z21Task1ms_TIM2_Callbackv)
    __arm_cp.3_22                            0x08005c38   Number         4  task.o(.text._Z21Task1ms_TIM2_Callbackv)
    __arm_cp.3_23                            0x08005c3c   Number         4  task.o(.text._Z21Task1ms_TIM2_Callbackv)
    __arm_cp.3_24                            0x08005c40   Number         4  task.o(.text._Z21Task1ms_TIM2_Callbackv)
    __arm_cp.3_25                            0x08005c44   Number         4  task.o(.text._Z21Task1ms_TIM2_Callbackv)
    __arm_cp.3_26                            0x08005c48   Number         4  task.o(.text._Z21Task1ms_TIM2_Callbackv)
    __arm_cp.3_27                            0x08005c4c   Number         4  task.o(.text._Z21Task1ms_TIM2_Callbackv)
    [Anonymous Symbol]                       0x08005c50   Section        0  task.o(.text._Z21Task1ms_TIM3_Callbackv)
    [Anonymous Symbol]                       0x08005c52   Section        0  drv_can.o(.text._Z22can_filter_mask_configP17CAN_HandleTypeDefhjj)
    [Anonymous Symbol]                       0x08005cee   Section        0  task.o(.text._Z8callbackP20Struct_CAN_Rx_Buffer)
    [Anonymous Symbol]                       0x08005d02   Section        0  dvc_ma600_spi.o(.text._ZN19Class_Encoder_MA60012getMultiturnEv)
    [Anonymous Symbol]                       0x08005d60   Section        0  dvc_ma600_spi.o(.text._ZN19Class_Encoder_MA60014Get_Now_RadianEv)
    __arm_cp.8_0                             0x08005db4   Number         4  dvc_ma600_spi.o(.text._ZN19Class_Encoder_MA60014Get_Now_RadianEv)
    [Anonymous Symbol]                       0x08005db8   Section        0  dvc_ma600_spi.o(.text._ZN19Class_Encoder_MA60016Get_Single_AngleEv)
    __arm_cp.4_0                             0x08005ddc   Number         4  dvc_ma600_spi.o(.text._ZN19Class_Encoder_MA60016Get_Single_AngleEv)
    [Anonymous Symbol]                       0x08005de0   Section        0  dvc_ma600_spi.o(.text._ZN19Class_Encoder_MA60017Get_Single_RadianEv)
    __arm_cp.6_0                             0x08005e0c   Number         4  dvc_ma600_spi.o(.text._ZN19Class_Encoder_MA60017Get_Single_RadianEv)
    __arm_cp.6_1                             0x08005e10   Number         4  dvc_ma600_spi.o(.text._ZN19Class_Encoder_MA60017Get_Single_RadianEv)
    [Anonymous Symbol]                       0x08005e14   Section        0  dvc_ma600_spi.o(.text._ZN19Class_Encoder_MA6004InitEP19__SPI_HandleTypeDefP12GPIO_TypeDeft)
    [Anonymous Symbol]                       0x08005e58   Section        0  dvc_ma600_spi.o(.text._ZN19Class_Encoder_MA6008getAngleEv)
    [Anonymous Symbol]                       0x08005eb4   Section        0  alg_filter.o(.text._ZN19Class_Filter_Kalman4InitEffff)
    [Anonymous Symbol]                       0x08005ed8   Section        0  task.o(.text._ZN19Class_Filter_KalmanC2Ev)
    __NVIC_DisableIRQ                        0x08005ef9   Thumb Code    48  stm32f0xx_hal_cortex.o(.text.__NVIC_DisableIRQ)
    [Anonymous Symbol]                       0x08005ef8   Section        0  stm32f0xx_hal_cortex.o(.text.__NVIC_DisableIRQ)
    __arm_cp.5_0                             0x08005f28   Number         4  stm32f0xx_hal_cortex.o(.text.__NVIC_DisableIRQ)
    __NVIC_EnableIRQ                         0x08005f2d   Thumb Code    40  stm32f0xx_hal_cortex.o(.text.__NVIC_EnableIRQ)
    [Anonymous Symbol]                       0x08005f2c   Section        0  stm32f0xx_hal_cortex.o(.text.__NVIC_EnableIRQ)
    __arm_cp.3_0                             0x08005f54   Number         4  stm32f0xx_hal_cortex.o(.text.__NVIC_EnableIRQ)
    __NVIC_SetPriority                       0x08005f59   Thumb Code   124  stm32f0xx_hal_cortex.o(.text.__NVIC_SetPriority)
    [Anonymous Symbol]                       0x08005f58   Section        0  stm32f0xx_hal_cortex.o(.text.__NVIC_SetPriority)
    __arm_cp.1_0                             0x08005fd4   Number         4  stm32f0xx_hal_cortex.o(.text.__NVIC_SetPriority)
    __arm_cp.1_1                             0x08005fd8   Number         4  stm32f0xx_hal_cortex.o(.text.__NVIC_SetPriority)
    __cxx_global_var_init                    0x08005fdd   Thumb Code    12  task.o(.text.__cxx_global_var_init)
    [Anonymous Symbol]                       0x08005fdc   Section        0  task.o(.text.__cxx_global_var_init)
    __arm_cp.1_0                             0x08005fe8   Number         4  task.o(.text.__cxx_global_var_init)
    [Anonymous Symbol]                       0x08005fec   Section        0  main.o(.text.main)
    __arm_cp.0_0                             0x08006118   Number         4  main.o(.text.main)
    __arm_cp.0_1                             0x0800611c   Number         4  main.o(.text.main)
    __arm_cp.0_2                             0x08006120   Number         4  main.o(.text.main)
    __arm_cp.0_3                             0x08006124   Number         4  main.o(.text.main)
    __arm_cp.0_4                             0x08006128   Number         4  main.o(.text.main)
    __arm_cp.0_5                             0x0800612c   Number         4  main.o(.text.main)
    __arm_cp.0_6                             0x08006130   Number         4  main.o(.text.main)
    __arm_cp.0_7                             0x08006134   Number         4  main.o(.text.main)
    __arm_cp.0_8                             0x08006138   Number         4  main.o(.text.main)
    i._deq                                   0x0800613c   Section        0  dcmp.o(i._deq)
    i._fgeq                                  0x08006152   Section        0  fcmp.o(i._fgeq)
    i._fleq                                  0x08006168   Section        0  fcmp.o(i._fleq)
    x$fpl$deqf                               0x08006184   Section      100  deqf.o(x$fpl$deqf)
    x$fpl$fadd                               0x080061e8   Section      140  faddsub.o(x$fpl$fadd)
    _fadd1                                   0x080061f5   Thumb Code     0  faddsub.o(x$fpl$fadd)
    x$fpl$fgeqf                              0x08006274   Section       84  fgef.o(x$fpl$fgeqf)
    x$fpl$fleqf                              0x080062c8   Section       84  flef.o(x$fpl$fleqf)
    x$fpl$fmul                               0x0800631c   Section      176  fmul.o(x$fpl$fmul)
    x$fpl$fsub                               0x080063cc   Section      208  faddsub.o(x$fpl$fsub)
    _fsub1                                   0x080063d9   Thumb Code     0  faddsub.o(x$fpl$fsub)
    ddiv_reciptbl                            0x0800649c   Data         128  ddiv.o(.constdata)
    .constdata                               0x0800649c   Section      128  ddiv.o(.constdata)
    x$fpl$usenofp                            0x0800649c   Section        0  usenofp.o(x$fpl$usenofp)
    HAL_RCC_GetSysClockFreq.aPLLMULFactorTable 0x0800652c   Data          16  stm32f0xx_hal_rcc.o(.rodata.HAL_RCC_GetSysClockFreq.aPLLMULFactorTable)
    [Anonymous Symbol]                       0x0800652c   Section        0  stm32f0xx_hal_rcc.o(.rodata.HAL_RCC_GetSysClockFreq.aPLLMULFactorTable)
    HAL_RCC_GetSysClockFreq.aPredivFactorTable 0x0800653c   Data          16  stm32f0xx_hal_rcc.o(.rodata.HAL_RCC_GetSysClockFreq.aPredivFactorTable)
    [Anonymous Symbol]                       0x0800653c   Section        0  stm32f0xx_hal_rcc.o(.rodata.HAL_RCC_GetSysClockFreq.aPredivFactorTable)
    .init_array                              0x08006570   Section        0  init_aeabi.o(.init_array)
    .bss                                     0x20000018   Section       96  libspace.o(.bss)
    cyccntcan1                               0x20000118   Data           1  drv_can.o(.bss._ZL10cyccntcan1)
    [Anonymous Symbol]                       0x20000118   Section        0  drv_can.o(.bss._ZL10cyccntcan1)
    Heap_Mem                                 0x20000380   Data         512  startup_stm32f042x6.o(HEAP)
    HEAP                                     0x20000380   Section      512  startup_stm32f042x6.o(HEAP)
    Stack_Mem                                0x20000580   Data        1024  startup_stm32f042x6.o(STACK)
    STACK                                    0x20000580   Section     1024  startup_stm32f042x6.o(STACK)
    __initial_sp                             0x20000980   Data           0  startup_stm32f042x6.o(STACK)

    Global Symbols

    Symbol Name                              Value     Ov Type        Size  Object(Section)

    BuildAttributes$$THM_ISAv3M$S$PE$A:L22$X:L11$S22$IEEE1$IW$~IW$USESV6$~STKCKD$USESV7$~SHL$OTIME$ROPI$IEEEX$EBA8$UX$STANDARDLIB$REQ8$PRES8$EABIv2 0x00000000   Number         0  anon$$obj.o ABSOLUTE
    __ARM_exceptions_init                     - Undefined Weak Reference
    __alloca_initialize                       - Undefined Weak Reference
    __arm_preinit_                            - Undefined Weak Reference
    __arm_relocate_pie_                       - Undefined Weak Reference
    __cxa_finalize                            - Undefined Weak Reference
    __rt_locale                               - Undefined Weak Reference
    __sigvec_lookup                           - Undefined Weak Reference
    __user_heap_extent                        - Undefined Weak Reference
    _atexit_init                              - Undefined Weak Reference
    _call_atexit_fns                          - Undefined Weak Reference
    _clock_init                               - Undefined Weak Reference
    _fp_trap_init                             - Undefined Weak Reference
    _fp_trap_shutdown                         - Undefined Weak Reference
    _get_lc_collate                           - Undefined Weak Reference
    _get_lc_ctype                             - Undefined Weak Reference
    _get_lc_monetary                          - Undefined Weak Reference
    _get_lc_numeric                           - Undefined Weak Reference
    _get_lc_time                              - Undefined Weak Reference
    _getenv_init                              - Undefined Weak Reference
    _handle_redirection                       - Undefined Weak Reference
    _initio                                   - Undefined Weak Reference
    _mutex_acquire                            - Undefined Weak Reference
    _mutex_free                               - Undefined Weak Reference
    _mutex_release                            - Undefined Weak Reference
    _rand_init                                - Undefined Weak Reference
    _signal_finish                            - Undefined Weak Reference
    _signal_init                              - Undefined Weak Reference
    _terminateio                              - Undefined Weak Reference
    __Vectors_Size                           0x000000c0   Number         0  startup_stm32f042x6.o ABSOLUTE
    __Vectors                                0x08000000   Data           4  startup_stm32f042x6.o(RESET)
    __Vectors_End                            0x080000c0   Data           0  startup_stm32f042x6.o(RESET)
    __main                                   0x080000c1   Thumb Code     8  __main.o(!!!main)
    __scatterload                            0x080000c9   Thumb Code     0  __scatter.o(!!!scatter)
    __scatterload_rt2                        0x080000c9   Thumb Code    74  __scatter.o(!!!scatter)
    __scatterload_rt2_thumb_only             0x080000c9   Thumb Code     0  __scatter.o(!!!scatter)
    __scatterload_loop                       0x080000d3   Thumb Code     0  __scatter.o(!!!scatter)
    __scatterload_copy                       0x0800011d   Thumb Code    26  __scatter_copy.o(!!handler_copy)
    __scatterload_null                       0x08000139   Thumb Code     2  __scatter.o(!!handler_null)
    __scatterload_zeroinit                   0x0800013d   Thumb Code    28  __scatter_zi.o(!!handler_zi)
    __rt_lib_init                            0x08000159   Thumb Code     0  libinit.o(.ARM.Collect$$libinit$$00000000)
    __rt_lib_init_alloca_1                   0x0800015b   Thumb Code     0  libinit2.o(.ARM.Collect$$libinit$$00000030)
    __rt_lib_init_argv_1                     0x0800015b   Thumb Code     0  libinit2.o(.ARM.Collect$$libinit$$0000002E)
    __rt_lib_init_atexit_1                   0x0800015b   Thumb Code     0  libinit2.o(.ARM.Collect$$libinit$$0000001D)
    __rt_lib_init_clock_1                    0x0800015b   Thumb Code     0  libinit2.o(.ARM.Collect$$libinit$$00000023)
    __rt_lib_init_cpp_2                      0x0800015b   Thumb Code     0  libinit2.o(.ARM.Collect$$libinit$$00000033)
    __rt_lib_init_exceptions_1               0x0800015b   Thumb Code     0  libinit2.o(.ARM.Collect$$libinit$$00000032)
    __rt_lib_init_fp_1                       0x0800015b   Thumb Code     0  libinit2.o(.ARM.Collect$$libinit$$00000002)
    __rt_lib_init_fp_trap_1                  0x0800015b   Thumb Code     0  libinit2.o(.ARM.Collect$$libinit$$00000021)
    __rt_lib_init_getenv_1                   0x0800015b   Thumb Code     0  libinit2.o(.ARM.Collect$$libinit$$00000025)
    __rt_lib_init_heap_1                     0x0800015b   Thumb Code     0  libinit2.o(.ARM.Collect$$libinit$$0000000C)
    __rt_lib_init_lc_collate_1               0x0800015b   Thumb Code     0  libinit2.o(.ARM.Collect$$libinit$$00000013)
    __rt_lib_init_lc_ctype_1                 0x0800015b   Thumb Code     0  libinit2.o(.ARM.Collect$$libinit$$00000015)
    __rt_lib_init_lc_monetary_1              0x0800015b   Thumb Code     0  libinit2.o(.ARM.Collect$$libinit$$00000017)
    __rt_lib_init_lc_numeric_1               0x0800015b   Thumb Code     0  libinit2.o(.ARM.Collect$$libinit$$00000019)
    __rt_lib_init_lc_time_1                  0x0800015b   Thumb Code     0  libinit2.o(.ARM.Collect$$libinit$$0000001B)
    __rt_lib_init_preinit_1                  0x0800015b   Thumb Code     0  libinit2.o(.ARM.Collect$$libinit$$00000006)
    __rt_lib_init_rand_1                     0x0800015b   Thumb Code     0  libinit2.o(.ARM.Collect$$libinit$$00000010)
    __rt_lib_init_relocate_pie_1             0x0800015b   Thumb Code     0  libinit2.o(.ARM.Collect$$libinit$$00000004)
    __rt_lib_init_signal_1                   0x0800015b   Thumb Code     0  libinit2.o(.ARM.Collect$$libinit$$0000001F)
    __rt_lib_init_stdio_1                    0x0800015b   Thumb Code     0  libinit2.o(.ARM.Collect$$libinit$$00000027)
    __rt_lib_init_user_alloc_1               0x0800015b   Thumb Code     0  libinit2.o(.ARM.Collect$$libinit$$0000000E)
    __rt_lib_init_cpp_1                      0x0800015f   Thumb Code     0  libinit2.o(.ARM.Collect$$libinit$$00000034)
    __rt_lib_init_return                     0x0800015f   Thumb Code     0  libinit2.o(.ARM.Collect$$libinit$$00000035)
    __rt_lib_shutdown                        0x08000161   Thumb Code     0  libshutdown.o(.ARM.Collect$$libshutdown$$00000000)
    __rt_lib_shutdown_cpp_1                  0x08000163   Thumb Code     0  libshutdown2.o(.ARM.Collect$$libshutdown$$00000002)
    __rt_lib_shutdown_fp_trap_1              0x08000163   Thumb Code     0  libshutdown2.o(.ARM.Collect$$libshutdown$$00000007)
    __rt_lib_shutdown_heap_1                 0x08000163   Thumb Code     0  libshutdown2.o(.ARM.Collect$$libshutdown$$0000000F)
    __rt_lib_shutdown_return                 0x08000163   Thumb Code     0  libshutdown2.o(.ARM.Collect$$libshutdown$$00000010)
    __rt_lib_shutdown_signal_1               0x08000163   Thumb Code     0  libshutdown2.o(.ARM.Collect$$libshutdown$$0000000A)
    __rt_lib_shutdown_stdio_1                0x08000163   Thumb Code     0  libshutdown2.o(.ARM.Collect$$libshutdown$$00000004)
    __rt_lib_shutdown_user_alloc_1           0x08000163   Thumb Code     0  libshutdown2.o(.ARM.Collect$$libshutdown$$0000000C)
    __rt_entry                               0x08000165   Thumb Code     0  __rtentry.o(.ARM.Collect$$rtentry$$00000000)
    __rt_entry_presh_1                       0x08000165   Thumb Code     0  __rtentry2.o(.ARM.Collect$$rtentry$$00000002)
    __rt_entry_sh                            0x08000165   Thumb Code     0  __rtentry4.o(.ARM.Collect$$rtentry$$00000004)
    __rt_entry_li                            0x0800016b   Thumb Code     0  __rtentry2.o(.ARM.Collect$$rtentry$$0000000A)
    __rt_entry_postsh_1                      0x0800016b   Thumb Code     0  __rtentry2.o(.ARM.Collect$$rtentry$$00000009)
    __rt_entry_main                          0x0800016f   Thumb Code     0  __rtentry2.o(.ARM.Collect$$rtentry$$0000000D)
    __rt_entry_postli_1                      0x0800016f   Thumb Code     0  __rtentry2.o(.ARM.Collect$$rtentry$$0000000C)
    __rt_exit                                0x08000177   Thumb Code     0  rtexit.o(.ARM.Collect$$rtexit$$00000000)
    __rt_exit_ls                             0x08000179   Thumb Code     0  rtexit2.o(.ARM.Collect$$rtexit$$00000003)
    __rt_exit_prels_1                        0x08000179   Thumb Code     0  rtexit2.o(.ARM.Collect$$rtexit$$00000002)
    __rt_exit_exit                           0x0800017d   Thumb Code     0  rtexit2.o(.ARM.Collect$$rtexit$$00000004)
    Reset_Handler                            0x08000185   Thumb Code    38  startup_stm32f042x6.o(.text)
    ADC1_IRQHandler                          0x080001b5   Thumb Code     0  startup_stm32f042x6.o(.text)
    DMA1_Channel1_IRQHandler                 0x080001b5   Thumb Code     0  startup_stm32f042x6.o(.text)
    DMA1_Channel2_3_IRQHandler               0x080001b5   Thumb Code     0  startup_stm32f042x6.o(.text)
    DMA1_Channel4_5_IRQHandler               0x080001b5   Thumb Code     0  startup_stm32f042x6.o(.text)
    EXTI0_1_IRQHandler                       0x080001b5   Thumb Code     0  startup_stm32f042x6.o(.text)
    EXTI4_15_IRQHandler                      0x080001b5   Thumb Code     0  startup_stm32f042x6.o(.text)
    FLASH_IRQHandler                         0x080001b5   Thumb Code     0  startup_stm32f042x6.o(.text)
    I2C1_IRQHandler                          0x080001b5   Thumb Code     0  startup_stm32f042x6.o(.text)
    RCC_CRS_IRQHandler                       0x080001b5   Thumb Code     0  startup_stm32f042x6.o(.text)
    RTC_IRQHandler                           0x080001b5   Thumb Code     0  startup_stm32f042x6.o(.text)
    SPI1_IRQHandler                          0x080001b5   Thumb Code     0  startup_stm32f042x6.o(.text)
    SPI2_IRQHandler                          0x080001b5   Thumb Code     0  startup_stm32f042x6.o(.text)
    TIM14_IRQHandler                         0x080001b5   Thumb Code     0  startup_stm32f042x6.o(.text)
    TIM16_IRQHandler                         0x080001b5   Thumb Code     0  startup_stm32f042x6.o(.text)
    TIM17_IRQHandler                         0x080001b5   Thumb Code     0  startup_stm32f042x6.o(.text)
    TIM1_BRK_UP_TRG_COM_IRQHandler           0x080001b5   Thumb Code     0  startup_stm32f042x6.o(.text)
    TIM1_CC_IRQHandler                       0x080001b5   Thumb Code     0  startup_stm32f042x6.o(.text)
    TSC_IRQHandler                           0x080001b5   Thumb Code     0  startup_stm32f042x6.o(.text)
    USART1_IRQHandler                        0x080001b5   Thumb Code     0  startup_stm32f042x6.o(.text)
    USART2_IRQHandler                        0x080001b5   Thumb Code     0  startup_stm32f042x6.o(.text)
    USB_IRQHandler                           0x080001b5   Thumb Code     0  startup_stm32f042x6.o(.text)
    WWDG_IRQHandler                          0x080001b5   Thumb Code     0  startup_stm32f042x6.o(.text)
    __user_initial_stackheap                 0x080001b9   Thumb Code     0  startup_stm32f042x6.o(.text)
    __aeabi_lmul                             0x080001f9   Thumb Code    48  llmul.o(.text)
    _ll_mul                                  0x080001f9   Thumb Code     0  llmul.o(.text)
    __aeabi_uldivmod                         0x08000229   Thumb Code   272  lludiv.o(.text)
    _ll_udiv                                 0x08000229   Thumb Code     0  lludiv.o(.text)
    _memset_w                                0x08000339   Thumb Code    26  rt_memclr.o(.text)
    _memset                                  0x08000353   Thumb Code    30  rt_memclr.o(.text)
    __aeabi_memclr                           0x08000371   Thumb Code     4  rt_memclr.o(.text)
    __rt_memclr                              0x08000371   Thumb Code     0  rt_memclr.o(.text)
    __aeabi_memclr4                          0x08000375   Thumb Code     0  rt_memclr.o(.text)
    __aeabi_memclr8                          0x08000375   Thumb Code     0  rt_memclr.o(.text)
    __rt_memclr_w                            0x08000375   Thumb Code     4  rt_memclr.o(.text)
    __aeabi_uidiv                            0x08000379   Thumb Code     0  aeabi_sdiv.o(.text)
    __aeabi_uidivmod                         0x08000379   Thumb Code    20  aeabi_sdiv.o(.text)
    __aeabi_idiv                             0x0800038d   Thumb Code     0  aeabi_sdiv.o(.text)
    __aeabi_idivmod                          0x0800038d   Thumb Code   338  aeabi_sdiv.o(.text)
    __use_two_region_memory                  0x080004e5   Thumb Code     2  heapauxi.o(.text)
    __rt_heap_escrow                         0x080004e7   Thumb Code     2  heapauxi.o(.text)
    __rt_heap_expand                         0x080004e9   Thumb Code     2  heapauxi.o(.text)
    __cpp_initialize__aeabi_                 0x080004ed   Thumb Code    36  init_aeabi.o(.text)
    __aeabi_d2f                              0x08000519   Thumb Code     0  d2f.o(.text)
    __truncdfsf2                             0x08000519   Thumb Code     0  d2f.o(.text)
    _d2f                                     0x08000519   Thumb Code   120  d2f.o(.text)
    __aeabi_ddiv                             0x08000595   Thumb Code     0  ddiv.o(.text)
    __divdf3                                 0x08000595   Thumb Code     0  ddiv.o(.text)
    _ddiv                                    0x08000595   Thumb Code  1072  ddiv.o(.text)
    _drdiv                                   0x080009c5   Thumb Code    20  ddiv.o(.text)
    __aeabi_i2d_normalise                    0x080009dd   Thumb Code    66  dflti.o(.text)
    __aeabi_i2d                              0x08000a1f   Thumb Code    16  dflti.o(.text)
    _dflt                                    0x08000a1f   Thumb Code     0  dflti.o(.text)
    __aeabi_ui2d                             0x08000a2f   Thumb Code     6  dflti.o(.text)
    _dfltu                                   0x08000a2f   Thumb Code     0  dflti.o(.text)
    __aeabi_dmul                             0x08000a35   Thumb Code     0  dmul.o(.text)
    __muldf3                                 0x08000a35   Thumb Code     0  dmul.o(.text)
    _dmul                                    0x08000a35   Thumb Code   558  dmul.o(.text)
    __aeabi_f2d                              0x08000c7d   Thumb Code     0  f2d.o(.text)
    __extendsfdf2                            0x08000c7d   Thumb Code     0  f2d.o(.text)
    _f2d                                     0x08000c7d   Thumb Code    80  f2d.o(.text)
    __aeabi_f2iz                             0x08000cd1   Thumb Code     0  ffixi.o(.text)
    _ffix                                    0x08000cd1   Thumb Code    76  ffixi.o(.text)
    __aeabi_i2f_normalise                    0x08000d1d   Thumb Code    72  fflti.o(.text)
    __aeabi_i2f                              0x08000d65   Thumb Code    16  fflti.o(.text)
    _fflt                                    0x08000d65   Thumb Code     0  fflti.o(.text)
    __aeabi_ui2f                             0x08000d75   Thumb Code     6  fflti.o(.text)
    _ffltu                                   0x08000d75   Thumb Code     0  fflti.o(.text)
    __user_libspace                          0x08000d7d   Thumb Code     8  libspace.o(.text)
    __user_perproc_libspace                  0x08000d7d   Thumb Code     0  libspace.o(.text)
    __user_perthread_libspace                0x08000d7d   Thumb Code     0  libspace.o(.text)
    __fpl_dcmp_InfNaN                        0x08000d85   Thumb Code   154  dcmpin.o(.text)
    __fpl_fcmp_InfNaN                        0x08000e25   Thumb Code    96  fcmpin.o(.text)
    __I$use$semihosting                      0x08000e89   Thumb Code     0  use_no_semi.o(.text)
    __use_no_semihosting_swi                 0x08000e89   Thumb Code     2  use_no_semi.o(.text)
    __semihosting_library_function           0x08000e8b   Thumb Code     0  indicate_semi.o(.text)
    __user_setup_stackheap                   0x08000e8b   Thumb Code    62  sys_stackheap_outer.o(.text)
    exit                                     0x08000ec9   Thumb Code    16  exit.o(.text)
    __fpl_cmpreturn                          0x08000ed9   Thumb Code    46  cmpret.o(.text)
    __fpl_dcheck_NaN2                        0x08000f09   Thumb Code    14  dnan2.o(.text)
    __fpl_fcheck_NaN2                        0x08000f1d   Thumb Code    10  fnan2.o(.text)
    _sys_exit                                0x08000f2d   Thumb Code     8  sys_exit.o(.text)
    __fpl_return_NaN                         0x08000f39   Thumb Code    94  retnan.o(.text)
    CAN_Init                                 0x08000f99   Thumb Code    84  drv_can.o(.text.CAN_Init)
    CAN_Send_Data                            0x08000ff5   Thumb Code    54  drv_can.o(.text.CAN_Send_Data)
    CEC_CAN_IRQHandler                       0x0800102d   Thumb Code    12  stm32f0xx_it.o(.text.CEC_CAN_IRQHandler)
    EXTI2_3_IRQHandler                       0x0800103d   Thumb Code    10  stm32f0xx_it.o(.text.EXTI2_3_IRQHandler)
    Error_Handler                            0x08001047   Thumb Code    14  main.o(.text.Error_Handler)
    HAL_CAN_ActivateNotification             0x08001055   Thumb Code    80  stm32f0xx_hal_can.o(.text.HAL_CAN_ActivateNotification)
    HAL_CAN_AddTxMessage                     0x080010a5   Thumb Code   396  stm32f0xx_hal_can.o(.text.HAL_CAN_AddTxMessage)
    HAL_CAN_ConfigFilter                     0x08001231   Thumb Code   382  stm32f0xx_hal_can.o(.text.HAL_CAN_ConfigFilter)
    HAL_CAN_ErrorCallback                    0x080013af   Thumb Code     8  stm32f0xx_hal_can.o(.text.HAL_CAN_ErrorCallback)
    HAL_CAN_GetRxMessage                     0x080013b7   Thumb Code   540  stm32f0xx_hal_can.o(.text.HAL_CAN_GetRxMessage)
    HAL_CAN_IRQHandler                       0x080015d3   Thumb Code  1040  stm32f0xx_hal_can.o(.text.HAL_CAN_IRQHandler)
    HAL_CAN_Init                             0x080019e3   Thumb Code   476  stm32f0xx_hal_can.o(.text.HAL_CAN_Init)
    HAL_CAN_MspInit                          0x08001bc1   Thumb Code   136  can.o(.text.HAL_CAN_MspInit)
    HAL_CAN_RxFifo0FullCallback              0x08001c51   Thumb Code     8  stm32f0xx_hal_can.o(.text.HAL_CAN_RxFifo0FullCallback)
    HAL_CAN_RxFifo0MsgPendingCallback        0x08001c59   Thumb Code    52  drv_can.o(.text.HAL_CAN_RxFifo0MsgPendingCallback)
    HAL_CAN_RxFifo1FullCallback              0x08001c8d   Thumb Code     8  stm32f0xx_hal_can.o(.text.HAL_CAN_RxFifo1FullCallback)
    HAL_CAN_RxFifo1MsgPendingCallback        0x08001c95   Thumb Code    52  drv_can.o(.text.HAL_CAN_RxFifo1MsgPendingCallback)
    HAL_CAN_SleepCallback                    0x08001cd1   Thumb Code     8  stm32f0xx_hal_can.o(.text.HAL_CAN_SleepCallback)
    HAL_CAN_Start                            0x08001cd9   Thumb Code   140  stm32f0xx_hal_can.o(.text.HAL_CAN_Start)
    HAL_CAN_TxMailbox0AbortCallback          0x08001d65   Thumb Code     8  stm32f0xx_hal_can.o(.text.HAL_CAN_TxMailbox0AbortCallback)
    HAL_CAN_TxMailbox0CompleteCallback       0x08001d6d   Thumb Code     8  stm32f0xx_hal_can.o(.text.HAL_CAN_TxMailbox0CompleteCallback)
    HAL_CAN_TxMailbox1AbortCallback          0x08001d75   Thumb Code     8  stm32f0xx_hal_can.o(.text.HAL_CAN_TxMailbox1AbortCallback)
    HAL_CAN_TxMailbox1CompleteCallback       0x08001d7d   Thumb Code     8  stm32f0xx_hal_can.o(.text.HAL_CAN_TxMailbox1CompleteCallback)
    HAL_CAN_TxMailbox2AbortCallback          0x08001d85   Thumb Code     8  stm32f0xx_hal_can.o(.text.HAL_CAN_TxMailbox2AbortCallback)
    HAL_CAN_TxMailbox2CompleteCallback       0x08001d8d   Thumb Code     8  stm32f0xx_hal_can.o(.text.HAL_CAN_TxMailbox2CompleteCallback)
    HAL_CAN_WakeUpFromRxMsgCallback          0x08001d95   Thumb Code     8  stm32f0xx_hal_can.o(.text.HAL_CAN_WakeUpFromRxMsgCallback)
    HAL_GPIO_EXTI_Callback                   0x08001d9d   Thumb Code   428  task.o(.text.HAL_GPIO_EXTI_Callback)
    HAL_GPIO_EXTI_IRQHandler                 0x08001f7d   Thumb Code    40  stm32f0xx_hal_gpio.o(.text.HAL_GPIO_EXTI_IRQHandler)
    HAL_GPIO_Init                            0x08001fa9   Thumb Code   688  stm32f0xx_hal_gpio.o(.text.HAL_GPIO_Init)
    HAL_GPIO_ReadPin                         0x08002275   Thumb Code    50  stm32f0xx_hal_gpio.o(.text.HAL_GPIO_ReadPin)
    HAL_GPIO_WritePin                        0x080022a7   Thumb Code    44  stm32f0xx_hal_gpio.o(.text.HAL_GPIO_WritePin)
    HAL_GetTick                              0x080022d5   Thumb Code     8  stm32f0xx_hal.o(.text.HAL_GetTick)
    HAL_I2CEx_ConfigAnalogFilter             0x080022e1   Thumb Code   150  stm32f0xx_hal_i2c_ex.o(.text.HAL_I2CEx_ConfigAnalogFilter)
    HAL_I2CEx_ConfigDigitalFilter            0x08002377   Thumb Code   160  stm32f0xx_hal_i2c_ex.o(.text.HAL_I2CEx_ConfigDigitalFilter)
    HAL_I2CEx_EnableFastModePlus             0x08002419   Thumb Code    40  stm32f0xx_hal_i2c_ex.o(.text.HAL_I2CEx_EnableFastModePlus)
    HAL_I2C_Init                             0x08002449   Thumb Code   284  stm32f0xx_hal_i2c.o(.text.HAL_I2C_Init)
    HAL_I2C_Mem_Read                         0x08002569   Thumb Code   604  stm32f0xx_hal_i2c.o(.text.HAL_I2C_Mem_Read)
    HAL_I2C_Mem_Write                        0x080027c9   Thumb Code   600  stm32f0xx_hal_i2c.o(.text.HAL_I2C_Mem_Write)
    HAL_I2C_MspInit                          0x08002a25   Thumb Code   128  i2c.o(.text.HAL_I2C_MspInit)
    HAL_IWDG_Init                            0x08002ab1   Thumb Code   168  stm32f0xx_hal_iwdg.o(.text.HAL_IWDG_Init)
    HAL_IWDG_Refresh                         0x08002b61   Thumb Code    20  stm32f0xx_hal_iwdg.o(.text.HAL_IWDG_Refresh)
    HAL_IncTick                              0x08002b79   Thumb Code    16  stm32f0xx_hal.o(.text.HAL_IncTick)
    HAL_Init                                 0x08002b8d   Thumb Code    28  stm32f0xx_hal.o(.text.HAL_Init)
    HAL_InitTick                             0x08002bad   Thumb Code   100  stm32f0xx_hal.o(.text.HAL_InitTick)
    HAL_MspInit                              0x08002c1d   Thumb Code    88  stm32f0xx_hal_msp.o(.text.HAL_MspInit)
    HAL_NVIC_DisableIRQ                      0x08002c81   Thumb Code    22  stm32f0xx_hal_cortex.o(.text.HAL_NVIC_DisableIRQ)
    HAL_NVIC_EnableIRQ                       0x08002c97   Thumb Code    22  stm32f0xx_hal_cortex.o(.text.HAL_NVIC_EnableIRQ)
    HAL_NVIC_SetPriority                     0x08002cad   Thumb Code    28  stm32f0xx_hal_cortex.o(.text.HAL_NVIC_SetPriority)
    HAL_PWREx_Vddio2MonitorCallback          0x08002cc9   Thumb Code     2  stm32f0xx_hal_pwr_ex.o(.text.HAL_PWREx_Vddio2MonitorCallback)
    HAL_PWREx_Vddio2Monitor_IRQHandler       0x08002ccd   Thumb Code    32  stm32f0xx_hal_pwr_ex.o(.text.HAL_PWREx_Vddio2Monitor_IRQHandler)
    HAL_PWR_PVDCallback                      0x08002ced   Thumb Code     2  stm32f0xx_hal_pwr_ex.o(.text.HAL_PWR_PVDCallback)
    HAL_PWR_PVD_IRQHandler                   0x08002cf1   Thumb Code    32  stm32f0xx_hal_pwr_ex.o(.text.HAL_PWR_PVD_IRQHandler)
    HAL_RCCEx_PeriphCLKConfig                0x08002d15   Thumb Code   456  stm32f0xx_hal_rcc_ex.o(.text.HAL_RCCEx_PeriphCLKConfig)
    HAL_RCC_ClockConfig                      0x08002eed   Thumb Code   468  stm32f0xx_hal_rcc.o(.text.HAL_RCC_ClockConfig)
    HAL_RCC_GetSysClockFreq                  0x080030d9   Thumb Code   256  stm32f0xx_hal_rcc.o(.text.HAL_RCC_GetSysClockFreq)
    HAL_RCC_OscConfig                        0x080031f1   Thumb Code  1924  stm32f0xx_hal_rcc.o(.text.HAL_RCC_OscConfig)
    HAL_SPI_Init                             0x08003991   Thumb Code   348  stm32f0xx_hal_spi.o(.text.HAL_SPI_Init)
    HAL_SPI_MspInit                          0x08003af1   Thumb Code   112  spi.o(.text.HAL_SPI_MspInit)
    HAL_SPI_TransmitReceive                  0x08003b6d   Thumb Code   948  stm32f0xx_hal_spi.o(.text.HAL_SPI_TransmitReceive)
    HAL_SYSTICK_Config                       0x08003f25   Thumb Code    16  stm32f0xx_hal_cortex.o(.text.HAL_SYSTICK_Config)
    HAL_TIMEx_BreakCallback                  0x08003f35   Thumb Code     8  stm32f0xx_hal_tim_ex.o(.text.HAL_TIMEx_BreakCallback)
    HAL_TIMEx_CommutCallback                 0x08003f3d   Thumb Code     8  stm32f0xx_hal_tim_ex.o(.text.HAL_TIMEx_CommutCallback)
    HAL_TIMEx_MasterConfigSynchronization    0x08003f45   Thumb Code   192  stm32f0xx_hal_tim_ex.o(.text.HAL_TIMEx_MasterConfigSynchronization)
    HAL_TIM_Base_Init                        0x08004005   Thumb Code   158  stm32f0xx_hal_tim.o(.text.HAL_TIM_Base_Init)
    HAL_TIM_Base_MspInit                     0x080040a5   Thumb Code   204  tim.o(.text.HAL_TIM_Base_MspInit)
    HAL_TIM_Base_Start                       0x08004181   Thumb Code   136  stm32f0xx_hal_tim.o(.text.HAL_TIM_Base_Start)
    HAL_TIM_Base_Start_IT                    0x08004209   Thumb Code   148  stm32f0xx_hal_tim.o(.text.HAL_TIM_Base_Start_IT)
    HAL_TIM_ConfigClockSource                0x080042a5   Thumb Code   394  stm32f0xx_hal_tim.o(.text.HAL_TIM_ConfigClockSource)
    HAL_TIM_IC_CaptureCallback               0x0800442f   Thumb Code     8  stm32f0xx_hal_tim.o(.text.HAL_TIM_IC_CaptureCallback)
    HAL_TIM_IRQHandler                       0x08004437   Thumb Code   550  stm32f0xx_hal_tim.o(.text.HAL_TIM_IRQHandler)
    HAL_TIM_OC_DelayElapsedCallback          0x0800465d   Thumb Code     8  stm32f0xx_hal_tim.o(.text.HAL_TIM_OC_DelayElapsedCallback)
    HAL_TIM_PWM_PulseFinishedCallback        0x08004665   Thumb Code     8  stm32f0xx_hal_tim.o(.text.HAL_TIM_PWM_PulseFinishedCallback)
    HAL_TIM_PWM_Start                        0x0800466d   Thumb Code   372  stm32f0xx_hal_tim.o(.text.HAL_TIM_PWM_Start)
    HAL_TIM_PeriodElapsedCallback            0x080047e5   Thumb Code   140  drv_tim.o(.text.HAL_TIM_PeriodElapsedCallback)
    HAL_TIM_TriggerCallback                  0x08004895   Thumb Code     8  stm32f0xx_hal_tim.o(.text.HAL_TIM_TriggerCallback)
    HardFault_Handler                        0x0800489d   Thumb Code     4  stm32f0xx_it.o(.text.HardFault_Handler)
    MX_CAN_Init                              0x08004eb1   Thumb Code    68  can.o(.text.MX_CAN_Init)
    MX_GPIO_Init                             0x08004efd   Thumb Code   208  gpio.o(.text.MX_GPIO_Init)
    MX_I2C1_Init                             0x08004fd5   Thumb Code    96  i2c.o(.text.MX_I2C1_Init)
    MX_IWDG_Init                             0x08005041   Thumb Code    36  iwdg.o(.text.MX_IWDG_Init)
    MX_SPI1_Init                             0x0800506d   Thumb Code    76  spi.o(.text.MX_SPI1_Init)
    MX_TIM14_Init                            0x080050c1   Thumb Code    44  tim.o(.text.MX_TIM14_Init)
    MX_TIM16_Init                            0x080050f5   Thumb Code    52  tim.o(.text.MX_TIM16_Init)
    MX_TIM2_Init                             0x08005135   Thumb Code   116  tim.o(.text.MX_TIM2_Init)
    MX_TIM3_Init                             0x080051b1   Thumb Code   116  tim.o(.text.MX_TIM3_Init)
    NMI_Handler                              0x08005235   Thumb Code     4  stm32f0xx_it.o(.text.NMI_Handler)
    PVD_VDDIO2_IRQHandler                    0x08005239   Thumb Code    12  stm32f0xx_it.o(.text.PVD_VDDIO2_IRQHandler)
    PendSV_Handler                           0x08005245   Thumb Code     2  stm32f0xx_it.o(.text.PendSV_Handler)
    SVC_Handler                              0x0800555d   Thumb Code     2  stm32f0xx_it.o(.text.SVC_Handler)
    SysTick_Handler                          0x080055b1   Thumb Code     8  stm32f0xx_it.o(.text.SysTick_Handler)
    SystemClock_Config                       0x080055b9   Thumb Code   144  main.o(.text.SystemClock_Config)
    SystemInit                               0x08005649   Thumb Code     2  system_stm32f0xx.o(.text.SystemInit)
    TIM2_IRQHandler                          0x0800564d   Thumb Code    12  stm32f0xx_it.o(.text.TIM2_IRQHandler)
    TIM3_IRQHandler                          0x08005659   Thumb Code    12  stm32f0xx_it.o(.text.TIM3_IRQHandler)
    TIM_Base_SetConfig                       0x08005665   Thumb Code   260  stm32f0xx_hal_tim.o(.text.TIM_Base_SetConfig)
    TIM_CAN_PeriodElapsedCallback            0x08005771   Thumb Code    44  drv_can.o(.text.TIM_CAN_PeriodElapsedCallback)
    TIM_CCxChannelCmd                        0x080057a5   Thumb Code    50  stm32f0xx_hal_tim.o(.text.TIM_CCxChannelCmd)
    TIM_ETR_SetConfig                        0x080057d7   Thumb Code    54  stm32f0xx_hal_tim.o(.text.TIM_ETR_SetConfig)
    TIM_Init                                 0x08005839   Thumb Code   116  drv_tim.o(.text.TIM_Init)
    Task_Init                                0x0800596d   Thumb Code   108  task.o(.text.Task_Init)
    CAN_ID_Init()                            0x08005a0d   Thumb Code    48  task.o(.text._Z11CAN_ID_Initv)
    Task1ms_TIM2_Callback()                  0x08005a45   Thumb Code   412  task.o(.text._Z21Task1ms_TIM2_Callbackv)
    Task1ms_TIM3_Callback()                  0x08005c51   Thumb Code     2  task.o(.text._Z21Task1ms_TIM3_Callbackv)
    can_filter_mask_config(CAN_HandleTypeDef*, unsigned char, unsigned int, unsigned int) 0x08005c53   Thumb Code   156  drv_can.o(.text._Z22can_filter_mask_configP17CAN_HandleTypeDefhjj)
    callback(Struct_CAN_Rx_Buffer*)          0x08005cef   Thumb Code    20  task.o(.text._Z8callbackP20Struct_CAN_Rx_Buffer)
    Class_Encoder_MA600::getMultiturn()      0x08005d03   Thumb Code    92  dvc_ma600_spi.o(.text._ZN19Class_Encoder_MA60012getMultiturnEv)
    Class_Encoder_MA600::Get_Now_Radian()    0x08005d61   Thumb Code    84  dvc_ma600_spi.o(.text._ZN19Class_Encoder_MA60014Get_Now_RadianEv)
    Class_Encoder_MA600::Get_Single_Angle()  0x08005db9   Thumb Code    36  dvc_ma600_spi.o(.text._ZN19Class_Encoder_MA60016Get_Single_AngleEv)
    Class_Encoder_MA600::Get_Single_Radian() 0x08005de1   Thumb Code    44  dvc_ma600_spi.o(.text._ZN19Class_Encoder_MA60017Get_Single_RadianEv)
    Class_Encoder_MA600::Init(__SPI_HandleTypeDef*, GPIO_TypeDef*, unsigned short) 0x08005e15   Thumb Code    68  dvc_ma600_spi.o(.text._ZN19Class_Encoder_MA6004InitEP19__SPI_HandleTypeDefP12GPIO_TypeDeft)
    Class_Encoder_MA600::getAngle()          0x08005e59   Thumb Code    92  dvc_ma600_spi.o(.text._ZN19Class_Encoder_MA6008getAngleEv)
    Class_Filter_Kalman::Init(float, float, float, float) 0x08005eb5   Thumb Code    36  alg_filter.o(.text._ZN19Class_Filter_Kalman4InitEffff)
    Class_Filter_Kalman::Class_Filter_Kalman__sub_object() 0x08005ed9   Thumb Code    30  task.o(.text._ZN19Class_Filter_KalmanC2Ev)
    main                                     0x08005fed   Thumb Code   300  main.o(.text.main)
    __aeabi_dcmpeq                           0x0800613d   Thumb Code     0  dcmp.o(i._deq)
    _deq                                     0x0800613d   Thumb Code    22  dcmp.o(i._deq)
    __aeabi_fcmpge                           0x08006153   Thumb Code     0  fcmp.o(i._fgeq)
    _fgeq                                    0x08006153   Thumb Code    22  fcmp.o(i._fgeq)
    __aeabi_fcmple                           0x08006169   Thumb Code     0  fcmp.o(i._fleq)
    _fleq                                    0x08006169   Thumb Code    26  fcmp.o(i._fleq)
    __aeabi_cdcmpeq                          0x08006185   Thumb Code     0  deqf.o(x$fpl$deqf)
    _dcmpeq                                  0x08006185   Thumb Code    94  deqf.o(x$fpl$deqf)
    __aeabi_fadd                             0x080061e9   Thumb Code     0  faddsub.o(x$fpl$fadd)
    _fadd                                    0x080061e9   Thumb Code   134  faddsub.o(x$fpl$fadd)
    _fcmpge                                  0x08006275   Thumb Code    78  fgef.o(x$fpl$fgeqf)
    __aeabi_cfcmple                          0x080062c9   Thumb Code     0  flef.o(x$fpl$fleqf)
    _fcmple                                  0x080062c9   Thumb Code    78  flef.o(x$fpl$fleqf)
    __aeabi_fmul                             0x0800631d   Thumb Code     0  fmul.o(x$fpl$fmul)
    _fmul                                    0x0800631d   Thumb Code   172  fmul.o(x$fpl$fmul)
    __aeabi_fsub                             0x080063cd   Thumb Code     0  faddsub.o(x$fpl$fsub)
    _fsub                                    0x080063cd   Thumb Code   204  faddsub.o(x$fpl$fsub)
    __I$use$fp                               0x0800649c   Number         0  usenofp.o(x$fpl$usenofp)
    AHBPrescTable                            0x0800651c   Data          16  system_stm32f0xx.o(.rodata.AHBPrescTable)
    Region$$Table$$Base                      0x0800654c   Number         0  anon$$obj.o(Region$$Table)
    Region$$Table$$Limit                     0x0800656c   Number         0  anon$$obj.o(Region$$Table)
    SHT$$INIT_ARRAY$$Base                    0x0800656c   Number         0  task.o(.init_array)
    SHT$$INIT_ARRAY$$Limit                   0x08006570   Number         0  init_aeabi.o(.init_array)
    CAN_ID                                   0x20000000   Data           2  task.o(.data.CAN_ID)
    SystemCoreClock                          0x20000004   Data           4  system_stm32f0xx.o(.data.SystemCoreClock)
    blink_interval                           0x20000008   Data           4  main.o(.data.blink_interval)
    firstflag                                0x2000000c   Data           4  task.o(.data.firstflag)
    uwTickFreq                               0x20000010   Data           1  stm32f0xx_hal.o(.data.uwTickFreq)
    uwTickPrio                               0x20000014   Data           4  stm32f0xx_hal.o(.data.uwTickPrio)
    __libspace_start                         0x20000018   Data          96  libspace.o(.bss)
    CAN1_0x200_Tx_Data                       0x20000078   Data           8  drv_can.o(.bss.CAN1_0x200_Tx_Data)
    __temporary_stack_top$libspace           0x20000078   Data           0  libspace.o(.bss)
    CAN1_Manage_Object                       0x20000080   Data          44  drv_can.o(.bss.CAN1_Manage_Object)
    Filter_Single_Angle                      0x200000ac   Data           4  task.o(.bss.Filter_Single_Angle)
    Filter_Single_AngleR                     0x200000b0   Data           4  task.o(.bss.Filter_Single_AngleR)
    Filter_multi_Angle                       0x200000b4   Data           4  task.o(.bss.Filter_multi_Angle)
    Last_multi_Angle                         0x200000b8   Data           4  task.o(.bss.Last_multi_Angle)
    Multi_Rad_16                             0x200000bc   Data           2  task.o(.bss.Multi_Rad_16)
    Omega_16                                 0x200000be   Data           2  task.o(.bss.Omega_16)
    Radian_Filter                            0x200000c0   Data          44  task.o(.bss.Radian_Filter)
    Single_Rad_16                            0x200000ec   Data           2  task.o(.bss.Single_Rad_16)
    TIM14_Manage_Object                      0x200000f0   Data           8  drv_tim.o(.bss.TIM14_Manage_Object)
    TIM1_Manage_Object                       0x200000f8   Data           8  drv_tim.o(.bss.TIM1_Manage_Object)
    TIM2_Manage_Object                       0x20000100   Data           8  drv_tim.o(.bss.TIM2_Manage_Object)
    TIM3_Manage_Object                       0x20000108   Data           8  drv_tim.o(.bss.TIM3_Manage_Object)
    TIM4_Manage_Object                       0x20000110   Data           8  drv_tim.o(.bss.TIM4_Manage_Object)
    angle16                                  0x2000011a   Data           2  task.o(.bss.angle16)
    angle_deg                                0x2000011c   Data           4  task.o(.bss.angle_deg)
    hcan                                     0x20000120   Data          40  can.o(.bss.hcan)
    hi2c1                                    0x20000148   Data          84  i2c.o(.bss.hi2c1)
    hiwdg                                    0x2000019c   Data          16  iwdg.o(.bss.hiwdg)
    hspi1                                    0x200001ac   Data         100  spi.o(.bss.hspi1)
    htim14                                   0x20000210   Data          72  tim.o(.bss.htim14)
    htim16                                   0x20000258   Data          72  tim.o(.bss.htim16)
    htim2                                    0x200002a0   Data          72  tim.o(.bss.htim2)
    htim3                                    0x200002e8   Data          72  tim.o(.bss.htim3)
    last_multi_Angle                         0x20000330   Data           4  task.o(.bss.last_multi_Angle)
    last_single_Angle                        0x20000338   Data           8  task.o(.bss.last_single_Angle)
    last_speed                               0x20000340   Data           4  task.o(.bss.last_speed)
    ma600                                    0x20000344   Data          12  task.o(.bss.ma600)
    mtt16                                    0x20000350   Data           2  task.o(.bss.mtt16)
    multi_Angle                              0x20000354   Data           4  task.o(.bss.multi_Angle)
    pl                                       0x20000358   Data           4  task.o(.bss.pl)
    pressed                                  0x2000035c   Data           4  task.o(.bss.pressed)
    pressed_flag                             0x20000360   Data           4  task.o(.bss.pressed_flag)
    pressed_times                            0x20000364   Data           4  task.o(.bss.pressed_times)
    single_Angle                             0x20000368   Data           4  task.o(.bss.single_Angle)
    single_Angle_Rad                         0x2000036c   Data           4  task.o(.bss.single_Angle_Rad)
    speed_1ms                                0x20000370   Data           4  task.o(.bss.speed_1ms)
    tick                                     0x20000374   Data           4  task.o(.bss.tick)
    uwTick                                   0x20000378   Data           4  stm32f0xx_hal.o(.bss.uwTick)



==============================================================================

Memory Map of the image

  Image Entry point : 0x080000c1

  Load Region LR_IROM1 (Base: 0x08000000, Size: 0x00006588, Max: 0x00008000, ABSOLUTE)

    Execution Region ER_IROM1 (Exec base: 0x08000000, Load base: 0x08000000, Size: 0x00006570, Max: 0x00008000, ABSOLUTE)

    Exec Addr    Load Addr    Size         Type   Attr      Idx    E Section Name        Object

    0x08000000   0x08000000   0x000000c0   Data   RO            3    RESET               startup_stm32f042x6.o
    0x080000c0   0x080000c0   0x00000008   Code   RO         1737  * !!!main             c_p.l(__main.o)
    0x080000c8   0x080000c8   0x00000054   Code   RO         2104    !!!scatter          c_p.l(__scatter.o)
    0x0800011c   0x0800011c   0x0000001a   Code   RO         2108    !!handler_copy      c_p.l(__scatter_copy.o)
    0x08000136   0x08000136   0x00000002   PAD
    0x08000138   0x08000138   0x00000002   Code   RO         2105    !!handler_null      c_p.l(__scatter.o)
    0x0800013a   0x0800013a   0x00000002   PAD
    0x0800013c   0x0800013c   0x0000001c   Code   RO         2110    !!handler_zi        c_p.l(__scatter_zi.o)
    0x08000158   0x08000158   0x00000002   Code   RO         2031    .ARM.Collect$$libinit$$00000000  c_p.l(libinit.o)
    0x0800015a   0x0800015a   0x00000000   Code   RO         1862    .ARM.Collect$$libinit$$00000002  c_p.l(libinit2.o)
    0x0800015a   0x0800015a   0x00000000   Code   RO         1864    .ARM.Collect$$libinit$$00000004  c_p.l(libinit2.o)
    0x0800015a   0x0800015a   0x00000000   Code   RO         1866    .ARM.Collect$$libinit$$00000006  c_p.l(libinit2.o)
    0x0800015a   0x0800015a   0x00000000   Code   RO         1869    .ARM.Collect$$libinit$$0000000C  c_p.l(libinit2.o)
    0x0800015a   0x0800015a   0x00000000   Code   RO         1871    .ARM.Collect$$libinit$$0000000E  c_p.l(libinit2.o)
    0x0800015a   0x0800015a   0x00000000   Code   RO         1873    .ARM.Collect$$libinit$$00000010  c_p.l(libinit2.o)
    0x0800015a   0x0800015a   0x00000000   Code   RO         1876    .ARM.Collect$$libinit$$00000013  c_p.l(libinit2.o)
    0x0800015a   0x0800015a   0x00000000   Code   RO         1878    .ARM.Collect$$libinit$$00000015  c_p.l(libinit2.o)
    0x0800015a   0x0800015a   0x00000000   Code   RO         1880    .ARM.Collect$$libinit$$00000017  c_p.l(libinit2.o)
    0x0800015a   0x0800015a   0x00000000   Code   RO         1882    .ARM.Collect$$libinit$$00000019  c_p.l(libinit2.o)
    0x0800015a   0x0800015a   0x00000000   Code   RO         1884    .ARM.Collect$$libinit$$0000001B  c_p.l(libinit2.o)
    0x0800015a   0x0800015a   0x00000000   Code   RO         1886    .ARM.Collect$$libinit$$0000001D  c_p.l(libinit2.o)
    0x0800015a   0x0800015a   0x00000000   Code   RO         1888    .ARM.Collect$$libinit$$0000001F  c_p.l(libinit2.o)
    0x0800015a   0x0800015a   0x00000000   Code   RO         1890    .ARM.Collect$$libinit$$00000021  c_p.l(libinit2.o)
    0x0800015a   0x0800015a   0x00000000   Code   RO         1892    .ARM.Collect$$libinit$$00000023  c_p.l(libinit2.o)
    0x0800015a   0x0800015a   0x00000000   Code   RO         1894    .ARM.Collect$$libinit$$00000025  c_p.l(libinit2.o)
    0x0800015a   0x0800015a   0x00000000   Code   RO         1896    .ARM.Collect$$libinit$$00000027  c_p.l(libinit2.o)
    0x0800015a   0x0800015a   0x00000000   Code   RO         1900    .ARM.Collect$$libinit$$0000002E  c_p.l(libinit2.o)
    0x0800015a   0x0800015a   0x00000000   Code   RO         1902    .ARM.Collect$$libinit$$00000030  c_p.l(libinit2.o)
    0x0800015a   0x0800015a   0x00000000   Code   RO         1904    .ARM.Collect$$libinit$$00000032  c_p.l(libinit2.o)
    0x0800015a   0x0800015a   0x00000004   Code   RO         1905    .ARM.Collect$$libinit$$00000033  c_p.l(libinit2.o)
    0x0800015e   0x0800015e   0x00000000   Code   RO         1906    .ARM.Collect$$libinit$$00000034  c_p.l(libinit2.o)
    0x0800015e   0x0800015e   0x00000002   Code   RO         1907    .ARM.Collect$$libinit$$00000035  c_p.l(libinit2.o)
    0x08000160   0x08000160   0x00000002   Code   RO         2102    .ARM.Collect$$libshutdown$$00000000  c_p.l(libshutdown.o)
    0x08000162   0x08000162   0x00000000   Code   RO         2056    .ARM.Collect$$libshutdown$$00000002  c_p.l(libshutdown2.o)
    0x08000162   0x08000162   0x00000000   Code   RO         2058    .ARM.Collect$$libshutdown$$00000004  c_p.l(libshutdown2.o)
    0x08000162   0x08000162   0x00000000   Code   RO         2061    .ARM.Collect$$libshutdown$$00000007  c_p.l(libshutdown2.o)
    0x08000162   0x08000162   0x00000000   Code   RO         2064    .ARM.Collect$$libshutdown$$0000000A  c_p.l(libshutdown2.o)
    0x08000162   0x08000162   0x00000000   Code   RO         2066    .ARM.Collect$$libshutdown$$0000000C  c_p.l(libshutdown2.o)
    0x08000162   0x08000162   0x00000000   Code   RO         2069    .ARM.Collect$$libshutdown$$0000000F  c_p.l(libshutdown2.o)
    0x08000162   0x08000162   0x00000002   Code   RO         2070    .ARM.Collect$$libshutdown$$00000010  c_p.l(libshutdown2.o)
    0x08000164   0x08000164   0x00000000   Code   RO         1825    .ARM.Collect$$rtentry$$00000000  c_p.l(__rtentry.o)
    0x08000164   0x08000164   0x00000000   Code   RO         1956    .ARM.Collect$$rtentry$$00000002  c_p.l(__rtentry2.o)
    0x08000164   0x08000164   0x00000006   Code   RO         1968    .ARM.Collect$$rtentry$$00000004  c_p.l(__rtentry4.o)
    0x0800016a   0x0800016a   0x00000000   Code   RO         1958    .ARM.Collect$$rtentry$$00000009  c_p.l(__rtentry2.o)
    0x0800016a   0x0800016a   0x00000004   Code   RO         1959    .ARM.Collect$$rtentry$$0000000A  c_p.l(__rtentry2.o)
    0x0800016e   0x0800016e   0x00000000   Code   RO         1961    .ARM.Collect$$rtentry$$0000000C  c_p.l(__rtentry2.o)
    0x0800016e   0x0800016e   0x00000008   Code   RO         1962    .ARM.Collect$$rtentry$$0000000D  c_p.l(__rtentry2.o)
    0x08000176   0x08000176   0x00000002   Code   RO         2043    .ARM.Collect$$rtexit$$00000000  c_p.l(rtexit.o)
    0x08000178   0x08000178   0x00000000   Code   RO         2078    .ARM.Collect$$rtexit$$00000002  c_p.l(rtexit2.o)
    0x08000178   0x08000178   0x00000004   Code   RO         2079    .ARM.Collect$$rtexit$$00000003  c_p.l(rtexit2.o)
    0x0800017c   0x0800017c   0x00000006   Code   RO         2080    .ARM.Collect$$rtexit$$00000004  c_p.l(rtexit2.o)
    0x08000182   0x08000182   0x00000002   PAD
    0x08000184   0x08000184   0x00000074   Code   RO            4    .text               startup_stm32f042x6.o
    0x080001f8   0x080001f8   0x00000030   Code   RO         1719    .text               c_p.l(llmul.o)
    0x08000228   0x08000228   0x00000110   Code   RO         1721    .text               c_p.l(lludiv.o)
    0x08000338   0x08000338   0x00000040   Code   RO         1729    .text               c_p.l(rt_memclr.o)
    0x08000378   0x08000378   0x0000016c   Code   RO         1731    .text               c_p.l(aeabi_sdiv.o)
    0x080004e4   0x080004e4   0x00000006   Code   RO         1735    .text               c_p.l(heapauxi.o)
    0x080004ea   0x080004ea   0x00000002   PAD
    0x080004ec   0x080004ec   0x0000002c   Code   RO         1742    .text               c_p.l(init_aeabi.o)
    0x08000518   0x08000518   0x0000007c   Code   RO         1745    .text               fz_ps.l(d2f.o)
    0x08000594   0x08000594   0x00000448   Code   RO         1771    .text               fz_ps.l(ddiv.o)
    0x080009dc   0x080009dc   0x00000058   Code   RO         1774    .text               fz_ps.l(dflti.o)
    0x08000a34   0x08000a34   0x00000248   Code   RO         1776    .text               fz_ps.l(dmul.o)
    0x08000c7c   0x08000c7c   0x00000054   Code   RO         1778    .text               fz_ps.l(f2d.o)
    0x08000cd0   0x08000cd0   0x0000004c   Code   RO         1813    .text               fz_ps.l(ffixi.o)
    0x08000d1c   0x08000d1c   0x0000005e   Code   RO         1815    .text               fz_ps.l(fflti.o)
    0x08000d7a   0x08000d7a   0x00000002   PAD
    0x08000d7c   0x08000d7c   0x00000008   Code   RO         1952    .text               c_p.l(libspace.o)
    0x08000d84   0x08000d84   0x000000a0   Code   RO         1994    .text               fz_ps.l(dcmpin.o)
    0x08000e24   0x08000e24   0x00000064   Code   RO         1996    .text               fz_ps.l(fcmpin.o)
    0x08000e88   0x08000e88   0x00000002   Code   RO         2002    .text               c_p.l(use_no_semi.o)
    0x08000e8a   0x08000e8a   0x00000000   Code   RO         2004    .text               c_p.l(indicate_semi.o)
    0x08000e8a   0x08000e8a   0x0000003e   Code   RO         2005    .text               c_p.l(sys_stackheap_outer.o)
    0x08000ec8   0x08000ec8   0x00000010   Code   RO         2012    .text               c_p.l(exit.o)
    0x08000ed8   0x08000ed8   0x0000002e   Code   RO         2032    .text               fz_ps.l(cmpret.o)
    0x08000f06   0x08000f06   0x00000002   PAD
    0x08000f08   0x08000f08   0x00000014   Code   RO         2034    .text               fz_ps.l(dnan2.o)
    0x08000f1c   0x08000f1c   0x00000010   Code   RO         2036    .text               fz_ps.l(fnan2.o)
    0x08000f2c   0x08000f2c   0x0000000c   Code   RO         2038    .text               c_p.l(sys_exit.o)
    0x08000f38   0x08000f38   0x0000005e   Code   RO         2071    .text               fz_ps.l(retnan.o)
    0x08000f96   0x08000f96   0x00000002   PAD
    0x08000f98   0x08000f98   0x0000005c   Code   RO         1326    .text.CAN_Init      drv_can.o
    0x08000ff4   0x08000ff4   0x00000036   Code   RO         1328    .text.CAN_Send_Data  drv_can.o
    0x0800102a   0x0800102a   0x00000002   PAD
    0x0800102c   0x0800102c   0x00000010   Code   RO          129    .text.CEC_CAN_IRQHandler  stm32f0xx_it.o
    0x0800103c   0x0800103c   0x0000000a   Code   RO          123    .text.EXTI2_3_IRQHandler  stm32f0xx_it.o
    0x08001046   0x08001046   0x0000000e   Code   RO           15    .text.Error_Handler  main.o
    0x08001054   0x08001054   0x00000050   Code   RO          180    .text.HAL_CAN_ActivateNotification  stm32f0xx_hal_can.o
    0x080010a4   0x080010a4   0x0000018c   Code   RO          166    .text.HAL_CAN_AddTxMessage  stm32f0xx_hal_can.o
    0x08001230   0x08001230   0x0000017e   Code   RO          156    .text.HAL_CAN_ConfigFilter  stm32f0xx_hal_can.o
    0x080013ae   0x080013ae   0x00000008   Code   RO          210    .text.HAL_CAN_ErrorCallback  stm32f0xx_hal_can.o
    0x080013b6   0x080013b6   0x0000021c   Code   RO          176    .text.HAL_CAN_GetRxMessage  stm32f0xx_hal_can.o
    0x080015d2   0x080015d2   0x00000410   Code   RO          184    .text.HAL_CAN_IRQHandler  stm32f0xx_hal_can.o
    0x080019e2   0x080019e2   0x000001dc   Code   RO          146    .text.HAL_CAN_Init  stm32f0xx_hal_can.o
    0x08001bbe   0x08001bbe   0x00000002   PAD
    0x08001bc0   0x08001bc0   0x00000090   Code   RO           39    .text.HAL_CAN_MspInit  can.o
    0x08001c50   0x08001c50   0x00000008   Code   RO          198    .text.HAL_CAN_RxFifo0FullCallback  stm32f0xx_hal_can.o
    0x08001c58   0x08001c58   0x00000034   Code   RO         1332    .text.HAL_CAN_RxFifo0MsgPendingCallback  drv_can.o
    0x08001c8c   0x08001c8c   0x00000008   Code   RO          202    .text.HAL_CAN_RxFifo1FullCallback  stm32f0xx_hal_can.o
    0x08001c94   0x08001c94   0x0000003c   Code   RO         1334    .text.HAL_CAN_RxFifo1MsgPendingCallback  drv_can.o
    0x08001cd0   0x08001cd0   0x00000008   Code   RO          206    .text.HAL_CAN_SleepCallback  stm32f0xx_hal_can.o
    0x08001cd8   0x08001cd8   0x0000008c   Code   RO          158    .text.HAL_CAN_Start  stm32f0xx_hal_can.o
    0x08001d64   0x08001d64   0x00000008   Code   RO          188    .text.HAL_CAN_TxMailbox0AbortCallback  stm32f0xx_hal_can.o
    0x08001d6c   0x08001d6c   0x00000008   Code   RO          186    .text.HAL_CAN_TxMailbox0CompleteCallback  stm32f0xx_hal_can.o
    0x08001d74   0x08001d74   0x00000008   Code   RO          192    .text.HAL_CAN_TxMailbox1AbortCallback  stm32f0xx_hal_can.o
    0x08001d7c   0x08001d7c   0x00000008   Code   RO          190    .text.HAL_CAN_TxMailbox1CompleteCallback  stm32f0xx_hal_can.o
    0x08001d84   0x08001d84   0x00000008   Code   RO          196    .text.HAL_CAN_TxMailbox2AbortCallback  stm32f0xx_hal_can.o
    0x08001d8c   0x08001d8c   0x00000008   Code   RO          194    .text.HAL_CAN_TxMailbox2CompleteCallback  stm32f0xx_hal_can.o
    0x08001d94   0x08001d94   0x00000008   Code   RO          208    .text.HAL_CAN_WakeUpFromRxMsgCallback  stm32f0xx_hal_can.o
    0x08001d9c   0x08001d9c   0x000001e0   Code   RO         1562    .text.HAL_GPIO_EXTI_Callback  task.o
    0x08001f7c   0x08001f7c   0x0000002c   Code   RO          547    .text.HAL_GPIO_EXTI_IRQHandler  stm32f0xx_hal_gpio.o
    0x08001fa8   0x08001fa8   0x000002cc   Code   RO          535    .text.HAL_GPIO_Init  stm32f0xx_hal_gpio.o
    0x08002274   0x08002274   0x00000032   Code   RO          539    .text.HAL_GPIO_ReadPin  stm32f0xx_hal_gpio.o
    0x080022a6   0x080022a6   0x0000002c   Code   RO          541    .text.HAL_GPIO_WritePin  stm32f0xx_hal_gpio.o
    0x080022d2   0x080022d2   0x00000002   PAD
    0x080022d4   0x080022d4   0x0000000c   Code   RO          303    .text.HAL_GetTick   stm32f0xx_hal.o
    0x080022e0   0x080022e0   0x00000096   Code   RO          516    .text.HAL_I2CEx_ConfigAnalogFilter  stm32f0xx_hal_i2c_ex.o
    0x08002376   0x08002376   0x000000a0   Code   RO          518    .text.HAL_I2CEx_ConfigDigitalFilter  stm32f0xx_hal_i2c_ex.o
    0x08002416   0x08002416   0x00000002   PAD
    0x08002418   0x08002418   0x00000030   Code   RO          524    .text.HAL_I2CEx_EnableFastModePlus  stm32f0xx_hal_i2c_ex.o
    0x08002448   0x08002448   0x00000120   Code   RO          347    .text.HAL_I2C_Init  stm32f0xx_hal_i2c.o
    0x08002568   0x08002568   0x00000260   Code   RO          415    .text.HAL_I2C_Mem_Read  stm32f0xx_hal_i2c.o
    0x080027c8   0x080027c8   0x0000025c   Code   RO          411    .text.HAL_I2C_Mem_Write  stm32f0xx_hal_i2c.o
    0x08002a24   0x08002a24   0x0000008c   Code   RO           53    .text.HAL_I2C_MspInit  i2c.o
    0x08002ab0   0x08002ab0   0x000000b0   Code   RO          798    .text.HAL_IWDG_Init  stm32f0xx_hal_iwdg.o
    0x08002b60   0x08002b60   0x00000018   Code   RO          800    .text.HAL_IWDG_Refresh  stm32f0xx_hal_iwdg.o
    0x08002b78   0x08002b78   0x00000014   Code   RO          301    .text.HAL_IncTick   stm32f0xx_hal.o
    0x08002b8c   0x08002b8c   0x00000020   Code   RO          291    .text.HAL_Init      stm32f0xx_hal.o
    0x08002bac   0x08002bac   0x00000070   Code   RO          293    .text.HAL_InitTick  stm32f0xx_hal.o
    0x08002c1c   0x08002c1c   0x00000064   Code   RO          138    .text.HAL_MspInit   stm32f0xx_hal_msp.o
    0x08002c80   0x08002c80   0x00000016   Code   RO          601    .text.HAL_NVIC_DisableIRQ  stm32f0xx_hal_cortex.o
    0x08002c96   0x08002c96   0x00000016   Code   RO          597    .text.HAL_NVIC_EnableIRQ  stm32f0xx_hal_cortex.o
    0x08002cac   0x08002cac   0x0000001c   Code   RO          593    .text.HAL_NVIC_SetPriority  stm32f0xx_hal_cortex.o
    0x08002cc8   0x08002cc8   0x00000002   Code   RO          689    .text.HAL_PWREx_Vddio2MonitorCallback  stm32f0xx_hal_pwr_ex.o
    0x08002cca   0x08002cca   0x00000002   PAD
    0x08002ccc   0x08002ccc   0x00000020   Code   RO          687    .text.HAL_PWREx_Vddio2Monitor_IRQHandler  stm32f0xx_hal_pwr_ex.o
    0x08002cec   0x08002cec   0x00000002   Code   RO          681    .text.HAL_PWR_PVDCallback  stm32f0xx_hal_pwr_ex.o
    0x08002cee   0x08002cee   0x00000002   PAD
    0x08002cf0   0x08002cf0   0x00000024   Code   RO          679    .text.HAL_PWR_PVD_IRQHandler  stm32f0xx_hal_pwr_ex.o
    0x08002d14   0x08002d14   0x000001d8   Code   RO          260    .text.HAL_RCCEx_PeriphCLKConfig  stm32f0xx_hal_rcc_ex.o
    0x08002eec   0x08002eec   0x000001ec   Code   RO          229    .text.HAL_RCC_ClockConfig  stm32f0xx_hal_rcc.o
    0x080030d8   0x080030d8   0x00000118   Code   RO          231    .text.HAL_RCC_GetSysClockFreq  stm32f0xx_hal_rcc.o
    0x080031f0   0x080031f0   0x000007a0   Code   RO          227    .text.HAL_RCC_OscConfig  stm32f0xx_hal_rcc.o
    0x08003990   0x08003990   0x00000160   Code   RO          809    .text.HAL_SPI_Init  stm32f0xx_hal_spi.o
    0x08003af0   0x08003af0   0x0000007c   Code   RO           76    .text.HAL_SPI_MspInit  spi.o
    0x08003b6c   0x08003b6c   0x000003b8   Code   RO          823    .text.HAL_SPI_TransmitReceive  stm32f0xx_hal_spi.o
    0x08003f24   0x08003f24   0x00000010   Code   RO          609    .text.HAL_SYSTICK_Config  stm32f0xx_hal_cortex.o
    0x08003f34   0x08003f34   0x00000008   Code   RO         1259    .text.HAL_TIMEx_BreakCallback  stm32f0xx_hal_tim_ex.o
    0x08003f3c   0x08003f3c   0x00000008   Code   RO         1255    .text.HAL_TIMEx_CommutCallback  stm32f0xx_hal_tim_ex.o
    0x08003f44   0x08003f44   0x000000c0   Code   RO         1249    .text.HAL_TIMEx_MasterConfigSynchronization  stm32f0xx_hal_tim_ex.o
    0x08004004   0x08004004   0x0000009e   Code   RO          936    .text.HAL_TIM_Base_Init  stm32f0xx_hal_tim.o
    0x080040a2   0x080040a2   0x00000002   PAD
    0x080040a4   0x080040a4   0x000000dc   Code   RO           96    .text.HAL_TIM_Base_MspInit  tim.o
    0x08004180   0x08004180   0x00000088   Code   RO          946    .text.HAL_TIM_Base_Start  stm32f0xx_hal_tim.o
    0x08004208   0x08004208   0x0000009c   Code   RO          950    .text.HAL_TIM_Base_Start_IT  stm32f0xx_hal_tim.o
    0x080042a4   0x080042a4   0x0000018a   Code   RO         1128    .text.HAL_TIM_ConfigClockSource  stm32f0xx_hal_tim.o
    0x0800442e   0x0800442e   0x00000008   Code   RO         1072    .text.HAL_TIM_IC_CaptureCallback  stm32f0xx_hal_tim.o
    0x08004436   0x08004436   0x00000226   Code   RO         1070    .text.HAL_TIM_IRQHandler  stm32f0xx_hal_tim.o
    0x0800465c   0x0800465c   0x00000008   Code   RO         1074    .text.HAL_TIM_OC_DelayElapsedCallback  stm32f0xx_hal_tim.o
    0x08004664   0x08004664   0x00000008   Code   RO         1076    .text.HAL_TIM_PWM_PulseFinishedCallback  stm32f0xx_hal_tim.o
    0x0800466c   0x0800466c   0x00000178   Code   RO          998    .text.HAL_TIM_PWM_Start  stm32f0xx_hal_tim.o
    0x080047e4   0x080047e4   0x000000b0   Code   RO         1418    .text.HAL_TIM_PeriodElapsedCallback  drv_tim.o
    0x08004894   0x08004894   0x00000008   Code   RO         1080    .text.HAL_TIM_TriggerCallback  stm32f0xx_hal_tim.o
    0x0800489c   0x0800489c   0x00000004   Code   RO          113    .text.HardFault_Handler  stm32f0xx_it.o
    0x080048a0   0x080048a0   0x00000040   Code   RO          371    .text.I2C_Flush_TXDR  stm32f0xx_hal_i2c.o
    0x080048e0   0x080048e0   0x000001f8   Code   RO          507    .text.I2C_IsErrorOccurred  stm32f0xx_hal_i2c.o
    0x08004ad8   0x08004ad8   0x000000b8   Code   RO          417    .text.I2C_RequestMemoryRead  stm32f0xx_hal_i2c.o
    0x08004b90   0x08004b90   0x000000bc   Code   RO          413    .text.I2C_RequestMemoryWrite  stm32f0xx_hal_i2c.o
    0x08004c4c   0x08004c4c   0x00000054   Code   RO          359    .text.I2C_TransferConfig  stm32f0xx_hal_i2c.o
    0x08004ca0   0x08004ca0   0x000000c2   Code   RO          357    .text.I2C_WaitOnFlagUntilTimeout  stm32f0xx_hal_i2c.o
    0x08004d62   0x08004d62   0x000000a0   Code   RO          363    .text.I2C_WaitOnSTOPFlagUntilTimeout  stm32f0xx_hal_i2c.o
    0x08004e02   0x08004e02   0x000000ac   Code   RO          361    .text.I2C_WaitOnTXISFlagUntilTimeout  stm32f0xx_hal_i2c.o
    0x08004eae   0x08004eae   0x00000002   PAD
    0x08004eb0   0x08004eb0   0x0000004c   Code   RO           37    .text.MX_CAN_Init   can.o
    0x08004efc   0x08004efc   0x000000d8   Code   RO           29    .text.MX_GPIO_Init  gpio.o
    0x08004fd4   0x08004fd4   0x0000006c   Code   RO           51    .text.MX_I2C1_Init  i2c.o
    0x08005040   0x08005040   0x0000002c   Code   RO           65    .text.MX_IWDG_Init  iwdg.o
    0x0800506c   0x0800506c   0x00000054   Code   RO           74    .text.MX_SPI1_Init  spi.o
    0x080050c0   0x080050c0   0x00000034   Code   RO           92    .text.MX_TIM14_Init  tim.o
    0x080050f4   0x080050f4   0x00000040   Code   RO           94    .text.MX_TIM16_Init  tim.o
    0x08005134   0x08005134   0x0000007c   Code   RO           88    .text.MX_TIM2_Init  tim.o
    0x080051b0   0x080051b0   0x00000084   Code   RO           90    .text.MX_TIM3_Init  tim.o
    0x08005234   0x08005234   0x00000004   Code   RO          111    .text.NMI_Handler   stm32f0xx_it.o
    0x08005238   0x08005238   0x0000000c   Code   RO          121    .text.PVD_VDDIO2_IRQHandler  stm32f0xx_it.o
    0x08005244   0x08005244   0x00000002   Code   RO          117    .text.PendSV_Handler  stm32f0xx_it.o
    0x08005246   0x08005246   0x00000096   Code   RO          819    .text.SPI_EndRxTxTransaction  stm32f0xx_hal_spi.o
    0x080052dc   0x080052dc   0x00000150   Code   RO          875    .text.SPI_WaitFifoStateUntilTimeout  stm32f0xx_hal_spi.o
    0x0800542c   0x0800542c   0x00000130   Code   RO          877    .text.SPI_WaitFlagStateUntilTimeout  stm32f0xx_hal_spi.o
    0x0800555c   0x0800555c   0x00000002   Code   RO          115    .text.SVC_Handler   stm32f0xx_it.o
    0x0800555e   0x0800555e   0x00000002   PAD
    0x08005560   0x08005560   0x00000050   Code   RO          611    .text.SysTick_Config  stm32f0xx_hal_cortex.o
    0x080055b0   0x080055b0   0x00000008   Code   RO          119    .text.SysTick_Handler  stm32f0xx_it.o
    0x080055b8   0x080055b8   0x00000090   Code   RO           13    .text.SystemClock_Config  main.o
    0x08005648   0x08005648   0x00000002   Code   RO         1272    .text.SystemInit    system_stm32f0xx.o
    0x0800564a   0x0800564a   0x00000002   PAD
    0x0800564c   0x0800564c   0x0000000c   Code   RO          125    .text.TIM2_IRQHandler  stm32f0xx_it.o
    0x08005658   0x08005658   0x0000000c   Code   RO          127    .text.TIM3_IRQHandler  stm32f0xx_it.o
    0x08005664   0x08005664   0x0000010c   Code   RO          940    .text.TIM_Base_SetConfig  stm32f0xx_hal_tim.o
    0x08005770   0x08005770   0x00000034   Code   RO         1330    .text.TIM_CAN_PeriodElapsedCallback  drv_can.o
    0x080057a4   0x080057a4   0x00000032   Code   RO          974    .text.TIM_CCxChannelCmd  stm32f0xx_hal_tim.o
    0x080057d6   0x080057d6   0x00000036   Code   RO         1126    .text.TIM_ETR_SetConfig  stm32f0xx_hal_tim.o
    0x0800580c   0x0800580c   0x0000002a   Code   RO         1132    .text.TIM_ITRx_SetConfig  stm32f0xx_hal_tim.o
    0x08005836   0x08005836   0x00000002   PAD
    0x08005838   0x08005838   0x00000090   Code   RO         1416    .text.TIM_Init      drv_tim.o
    0x080058c8   0x080058c8   0x00000050   Code   RO         1130    .text.TIM_TI1_ConfigInputStage  stm32f0xx_hal_tim.o
    0x08005918   0x08005918   0x00000054   Code   RO         1134    .text.TIM_TI2_ConfigInputStage  stm32f0xx_hal_tim.o
    0x0800596c   0x0800596c   0x00000098   Code   RO         1564    .text.Task_Init     task.o
    0x08005a04   0x08005a04   0x00000008   Code   RO         1566    .text._GLOBAL__sub_I_task.cpp  task.o
    0x08005a0c   0x08005a0c   0x00000038   Code   RO         1560    .text._Z11CAN_ID_Initv  task.o
    0x08005a44   0x08005a44   0x0000020c   Code   RO         1556    .text._Z21Task1ms_TIM2_Callbackv  task.o
    0x08005c50   0x08005c50   0x00000002   Code   RO         1552    .text._Z21Task1ms_TIM3_Callbackv  task.o
    0x08005c52   0x08005c52   0x0000009c   Code   RO         1324    .text._Z22can_filter_mask_configP17CAN_HandleTypeDefhjj  drv_can.o
    0x08005cee   0x08005cee   0x00000014   Code   RO         1558    .text._Z8callbackP20Struct_CAN_Rx_Buffer  task.o
    0x08005d02   0x08005d02   0x0000005c   Code   RO         1510    .text._ZN19Class_Encoder_MA60012getMultiturnEv  dvc_ma600_spi.o
    0x08005d5e   0x08005d5e   0x00000002   PAD
    0x08005d60   0x08005d60   0x00000058   Code   RO         1524    .text._ZN19Class_Encoder_MA60014Get_Now_RadianEv  dvc_ma600_spi.o
    0x08005db8   0x08005db8   0x00000028   Code   RO         1516    .text._ZN19Class_Encoder_MA60016Get_Single_AngleEv  dvc_ma600_spi.o
    0x08005de0   0x08005de0   0x00000034   Code   RO         1520    .text._ZN19Class_Encoder_MA60017Get_Single_RadianEv  dvc_ma600_spi.o
    0x08005e14   0x08005e14   0x00000044   Code   RO         1508    .text._ZN19Class_Encoder_MA6004InitEP19__SPI_HandleTypeDefP12GPIO_TypeDeft  dvc_ma600_spi.o
    0x08005e58   0x08005e58   0x0000005c   Code   RO         1512    .text._ZN19Class_Encoder_MA6008getAngleEv  dvc_ma600_spi.o
    0x08005eb4   0x08005eb4   0x00000024   Code   RO         1631    .text._ZN19Class_Filter_Kalman4InitEffff  alg_filter.o
    0x08005ed8   0x08005ed8   0x0000001e   Code   RO         1624    .text._ZN19Class_Filter_KalmanC2Ev  task.o
    0x08005ef6   0x08005ef6   0x00000002   PAD
    0x08005ef8   0x08005ef8   0x00000034   Code   RO          603    .text.__NVIC_DisableIRQ  stm32f0xx_hal_cortex.o
    0x08005f2c   0x08005f2c   0x0000002c   Code   RO          599    .text.__NVIC_EnableIRQ  stm32f0xx_hal_cortex.o
    0x08005f58   0x08005f58   0x00000084   Code   RO          595    .text.__NVIC_SetPriority  stm32f0xx_hal_cortex.o
    0x08005fdc   0x08005fdc   0x00000010   Code   RO         1554    .text.__cxx_global_var_init  task.o
    0x08005fec   0x08005fec   0x00000150   Code   RO           11    .text.main          main.o
    0x0800613c   0x0800613c   0x00000016   Code   RO         1753    i._deq              fz_ps.l(dcmp.o)
    0x08006152   0x08006152   0x00000016   Code   RO         1793    i._fgeq             fz_ps.l(fcmp.o)
    0x08006168   0x08006168   0x0000001a   Code   RO         1795    i._fleq             fz_ps.l(fcmp.o)
    0x08006182   0x08006182   0x00000002   PAD
    0x08006184   0x08006184   0x00000064   Code   RO         1912    x$fpl$deqf          fz_ps.l(deqf.o)
    0x080061e8   0x080061e8   0x0000008c   Code   RO         1780    x$fpl$fadd          fz_ps.l(faddsub.o)
    0x08006274   0x08006274   0x00000054   Code   RO         1920    x$fpl$fgeqf         fz_ps.l(fgef.o)
    0x080062c8   0x080062c8   0x00000054   Code   RO         1922    x$fpl$fleqf         fz_ps.l(flef.o)
    0x0800631c   0x0800631c   0x000000b0   Code   RO         1817    x$fpl$fmul          fz_ps.l(fmul.o)
    0x080063cc   0x080063cc   0x000000d0   Code   RO         1782    x$fpl$fsub          fz_ps.l(faddsub.o)
    0x0800649c   0x0800649c   0x00000000   Code   RO         1926    x$fpl$usenofp       fz_ps.l(usenofp.o)
    0x0800649c   0x0800649c   0x00000080   Data   RO         1772    .constdata          fz_ps.l(ddiv.o)
    0x0800651c   0x0800651c   0x00000010   Data   RO         1277    .rodata.AHBPrescTable  system_stm32f0xx.o
    0x0800652c   0x0800652c   0x00000010   Data   RO          251    .rodata.HAL_RCC_GetSysClockFreq.aPLLMULFactorTable  stm32f0xx_hal_rcc.o
    0x0800653c   0x0800653c   0x00000010   Data   RO          252    .rodata.HAL_RCC_GetSysClockFreq.aPredivFactorTable  stm32f0xx_hal_rcc.o
    0x0800654c   0x0800654c   0x00000020   Data   RO         2103    Region$$Table       anon$$obj.o
    0x0800656c   0x0800656c   0x00000004   Data   RO         1617    .init_array         task.o
    0x08006570   0x0800656c   0x00000000   Data   RO         1740    .init_array         c_p.l(init_aeabi.o)


    Execution Region RW_IRAM1 (Exec base: 0x20000000, Load base: 0x08006570, Size: 0x00000980, Max: 0x00001800, ABSOLUTE)

    Exec Addr    Load Addr    Size         Type   Attr      Idx    E Section Name        Object

    0x20000000   0x08006570   0x00000002   Data   RW         1570    .data.CAN_ID        task.o
    0x20000002   0x08006572   0x00000002   PAD
    0x20000004   0x08006574   0x00000004   Data   RW         1276    .data.SystemCoreClock  system_stm32f0xx.o
    0x20000008   0x08006578   0x00000004   Data   RW           20    .data.blink_interval  main.o
    0x2000000c   0x0800657c   0x00000004   Data   RW         1595    .data.firstflag     task.o
    0x20000010   0x08006580   0x00000001   Data   RW          338    .data.uwTickFreq    stm32f0xx_hal.o
    0x20000011   0x08006581   0x00000003   PAD
    0x20000014   0x08006584   0x00000004   Data   RW          337    .data.uwTickPrio    stm32f0xx_hal.o
    0x20000018        -       0x00000060   Zero   RW         1953    .bss                c_p.l(libspace.o)
    0x20000078        -       0x00000008   Zero   RW         1339    .bss.CAN1_0x200_Tx_Data  drv_can.o
    0x20000080        -       0x0000002c   Zero   RW         1336    .bss.CAN1_Manage_Object  drv_can.o
    0x200000ac        -       0x00000004   Zero   RW         1602    .bss.Filter_Single_Angle  task.o
    0x200000b0        -       0x00000004   Zero   RW         1601    .bss.Filter_Single_AngleR  task.o
    0x200000b4        -       0x00000004   Zero   RW         1600    .bss.Filter_multi_Angle  task.o
    0x200000b8        -       0x00000004   Zero   RW         1603    .bss.Last_multi_Angle  task.o
    0x200000bc        -       0x00000002   Zero   RW         1606    .bss.Multi_Rad_16   task.o
    0x200000be        -       0x00000002   Zero   RW         1607    .bss.Omega_16       task.o
    0x200000c0        -       0x0000002c   Zero   RW         1599    .bss.Radian_Filter  task.o
    0x200000ec        -       0x00000002   Zero   RW         1608    .bss.Single_Rad_16  task.o
    0x200000ee   0x08006588   0x00000002   PAD
    0x200000f0        -       0x00000008   Zero   RW         1433    .bss.TIM14_Manage_Object  drv_tim.o
    0x200000f8        -       0x00000008   Zero   RW         1420    .bss.TIM1_Manage_Object  drv_tim.o
    0x20000100        -       0x00000008   Zero   RW         1421    .bss.TIM2_Manage_Object  drv_tim.o
    0x20000108        -       0x00000008   Zero   RW         1422    .bss.TIM3_Manage_Object  drv_tim.o
    0x20000110        -       0x00000008   Zero   RW         1423    .bss.TIM4_Manage_Object  drv_tim.o
    0x20000118        -       0x00000001   Zero   RW         1363    .bss._ZL10cyccntcan1  drv_can.o
    0x20000119   0x08006588   0x00000001   PAD
    0x2000011a        -       0x00000002   Zero   RW         1596    .bss.angle16        task.o
    0x2000011c        -       0x00000004   Zero   RW         1598    .bss.angle_deg      task.o
    0x20000120        -       0x00000028   Zero   RW           43    .bss.hcan           can.o
    0x20000148        -       0x00000054   Zero   RW           57    .bss.hi2c1          i2c.o
    0x2000019c        -       0x00000010   Zero   RW           67    .bss.hiwdg          iwdg.o
    0x200001ac        -       0x00000064   Zero   RW           80    .bss.hspi1          spi.o
    0x20000210        -       0x00000048   Zero   RW          102    .bss.htim14         tim.o
    0x20000258        -       0x00000048   Zero   RW          103    .bss.htim16         tim.o
    0x200002a0        -       0x00000048   Zero   RW          100    .bss.htim2          tim.o
    0x200002e8        -       0x00000048   Zero   RW          101    .bss.htim3          tim.o
    0x20000330        -       0x00000004   Zero   RW         1574    .bss.last_multi_Angle  task.o
    0x20000334   0x08006588   0x00000004   PAD
    0x20000338        -       0x00000008   Zero   RW         1585    .bss.last_single_Angle  task.o
    0x20000340        -       0x00000004   Zero   RW         1591    .bss.last_speed     task.o
    0x20000344        -       0x0000000c   Zero   RW         1568    .bss.ma600          task.o
    0x20000350        -       0x00000002   Zero   RW         1597    .bss.mtt16          task.o
    0x20000352   0x08006588   0x00000002   PAD
    0x20000354        -       0x00000004   Zero   RW         1577    .bss.multi_Angle    task.o
    0x20000358        -       0x00000004   Zero   RW         1616    .bss.pl             task.o
    0x2000035c        -       0x00000004   Zero   RW         1612    .bss.pressed        task.o
    0x20000360        -       0x00000004   Zero   RW         1613    .bss.pressed_flag   task.o
    0x20000364        -       0x00000004   Zero   RW         1614    .bss.pressed_times  task.o
    0x20000368        -       0x00000004   Zero   RW         1572    .bss.single_Angle   task.o
    0x2000036c        -       0x00000004   Zero   RW         1573    .bss.single_Angle_Rad  task.o
    0x20000370        -       0x00000004   Zero   RW         1575    .bss.speed_1ms      task.o
    0x20000374        -       0x00000004   Zero   RW         1615    .bss.tick           task.o
    0x20000378        -       0x00000004   Zero   RW          339    .bss.uwTick         stm32f0xx_hal.o
    0x2000037c   0x08006588   0x00000004   PAD
    0x20000380        -       0x00000200   Zero   RW            2    HEAP                startup_stm32f042x6.o
    0x20000580        -       0x00000400   Zero   RW            1    STACK               startup_stm32f042x6.o


==============================================================================

Image component sizes


      Code (inc. data)   RO Data    RW Data    ZI Data      Debug   Object Name

        36          0          0          0          0      19245   alg_filter.o
       220         16          0          0         40       4461   can.o
       466         24          0          0         53      10897   drv_can.o
       320         64          0          0         40       4436   drv_tim.o
       432         16          0          0          0       4682   dvc_ma600_spi.o
       216          8          0          0          0       2441   gpio.o
       248         24          0          0         84       4651   i2c.o
        44          8          0          0         16       1216   iwdg.o
       494         36          0          4          0       2967   main.o
       208         20          0          0        100       4413   spi.o
       116         56        192          0       1536        660   startup_stm32f042x6.o
       176         24          0          5          4       5202   stm32f0xx_hal.o
      3142          0          0          0          0      12063   stm32f0xx_hal_can.o
       396         28          0          0          0       5181   stm32f0xx_hal_cortex.o
       854         32          0          0          0       4548   stm32f0xx_hal_gpio.o
      3050         28          0          0          0      38192   stm32f0xx_hal_i2c.o
       358          8          0          0          0       5203   stm32f0xx_hal_i2c_ex.o
       200         12          0          0          0       1701   stm32f0xx_hal_iwdg.o
       100         12          0          0          0       1943   stm32f0xx_hal_msp.o
        72          4          0          0          0       2165   stm32f0xx_hal_pwr_ex.o
      2724        152         32          0          0       7946   stm32f0xx_hal_rcc.o
       472         16          0          0          0       5761   stm32f0xx_hal_rcc_ex.o
      2094         12          0          0          0      21240   stm32f0xx_hal_spi.o
      2380         20          0          0          0      37302   stm32f0xx_hal_tim.o
       208          0          0          0          0      15612   stm32f0xx_hal_tim_ex.o
        82          4          0          0          0       1351   stm32f0xx_it.o
         2          0         16          4          0       1671   system_stm32f0xx.o
      1288        220          4          6        138      20872   task.o
       592         60          0          0        288       6059   tim.o

    ----------------------------------------------------------------------
     21016        904        276         24       2312     254081   Object Totals
         0          0         32          0          0          0   (incl. Generated)
        26          0          0          5         13          0   (incl. Padding)

    ----------------------------------------------------------------------

      Code (inc. data)   RO Data    RW Data    ZI Data      Debug   Library Member Name

         8          0          0          0          0         68   __main.o
         0          0          0          0          0          0   __rtentry.o
        12          0          0          0          0          0   __rtentry2.o
         6          0          0          0          0          0   __rtentry4.o
        86         10          0          0          0          0   __scatter.o
        26          0          0          0          0          0   __scatter_copy.o
        28          0          0          0          0          0   __scatter_zi.o
       364          4          0          0          0         92   aeabi_sdiv.o
        16          0          0          0          0         68   exit.o
         6          0          0          0          0        136   heapauxi.o
         0          0          0          0          0          0   indicate_semi.o
        44          8          0          0          0         72   init_aeabi.o
         2          0          0          0          0          0   libinit.o
         6          0          0          0          0          0   libinit2.o
         2          0          0          0          0          0   libshutdown.o
         2          0          0          0          0          0   libshutdown2.o
         8          4          0          0         96         68   libspace.o
        48          0          0          0          0         72   llmul.o
       272          0          0          0          0         88   lludiv.o
        64          0          0          0          0        108   rt_memclr.o
         2          0          0          0          0          0   rtexit.o
        10          0          0          0          0          0   rtexit2.o
        12          4          0          0          0         60   sys_exit.o
        62          0          0          0          0         80   sys_stackheap_outer.o
         2          0          0          0          0         68   use_no_semi.o
        46          0          0          0          0         60   cmpret.o
       124          4          0          0          0         72   d2f.o
        22          0          0          0          0         68   dcmp.o
       160          6          0          0          0         76   dcmpin.o
      1096         26        128          0          0        112   ddiv.o
       100          4          0          0          0         92   deqf.o
        88          0          0          0          0         92   dflti.o
       584         26          0          0          0         84   dmul.o
        20          6          0          0          0         68   dnan2.o
        84          4          0          0          0         60   f2d.o
       348          8          0          0          0        160   faddsub.o
        48          0          0          0          0        136   fcmp.o
       100          4          0          0          0         68   fcmpin.o
        76          0          0          0          0         68   ffixi.o
        94          0          0          0          0         92   fflti.o
        84          4          0          0          0         76   fgef.o
        84          4          0          0          0         76   flef.o
       176          4          0          0          0         80   fmul.o
        16          6          0          0          0         68   fnan2.o
        94          0          0          0          0         68   retnan.o
         0          0          0          0          0          0   usenofp.o

    ----------------------------------------------------------------------
      4548        136        128          0         96       2656   Library Totals
        16          0          0          0          0          0   (incl. Padding)

    ----------------------------------------------------------------------

      Code (inc. data)   RO Data    RW Data    ZI Data      Debug   Library Name

      1088         30          0          0         96        980   c_p.l
      3444        106        128          0          0       1676   fz_ps.l

    ----------------------------------------------------------------------
      4548        136        128          0         96       2656   Library Totals

    ----------------------------------------------------------------------

==============================================================================


      Code (inc. data)   RO Data    RW Data    ZI Data      Debug   

     25564       1040        404         24       2408     254929   Grand Totals
     25564       1040        404         24       2408     254929   ELF Image Totals
     25564       1040        404         24          0          0   ROM Totals

==============================================================================

    Total RO  Size (Code + RO Data)                25968 (  25.36kB)
    Total RW  Size (RW Data + ZI Data)              2432 (   2.38kB)
    Total ROM Size (Code + RO Data + RW Data)      25992 (  25.38kB)

==============================================================================

