<html>
<body>
<pre>
<h1>µVision Build Log</h1>
<h2>Tool Versions:</h2>
IDE-Version: ¦ÌVision V5.43.1.0
Copyright (C) 2025 ARM Ltd and ARM Germany GmbH. All rights reserved.
License Information: js li, 1111, LIC=JL28G-V2RDQ-Y8BFK-ZLGLF-KFD82-DZILN
 
Tool Versions:
Toolchain:       MDK-ARM Plus  Version: 5.43.0.0
Toolchain Path:  C:\Users\js li\AppData\Local\Keil_v5_Arm\ARM\ARMCLANG\Bin
C Compiler:      ArmClang.exe V6.24
Assembler:       Armasm.exe V6.24
Linker/Locator:  ArmLink.exe V6.24
Library Manager: ArmAr.exe V6.24
Hex Converter:   FromElf.exe V6.24
CPU DLL:         SARMCM3.DLL V5.43.0.0
Dialog DLL:      DARMCM1.DLL V1.19.6.0
Target DLL:      Segger\JL2CM3.dll V2.99.45.0
Dialog DLL:      TARMCM1.DLL V1.14.6.0
 
<h2>Project:</h2>
E:\CAN_Encoder\Encoder_STM32\F042_MEC_Dual_IMC2 _WWDG\MDK-ARM\F042600.uvprojx
Project File Date:  01/14/2026

<h2>Output:</h2>
*** Using Compiler 'V6.24', folder: 'C:\Users\js li\AppData\Local\Keil_v5_Arm\ARM\ARMCLANG\Bin'
Rebuild target 'F042600'
compiling gpio.c...
compiling can.c...
compiling main.c...
compiling tim.c...
compiling spi.c...
compiling stm32f0xx_hal_msp.c...
assembling startup_stm32f042x6.s...
compiling stm32f0xx_hal_can.c...
compiling iwdg.c...
compiling i2c.c...
compiling stm32f0xx_it.c...
compiling stm32f0xx_hal_rcc.c...
compiling stm32f0xx_hal_rcc_ex.c...
compiling stm32f0xx_hal.c...
compiling stm32f0xx_hal_i2c_ex.c...
compiling stm32f0xx_hal_gpio.c...
compiling stm32f0xx_hal_dma.c...
compiling stm32f0xx_hal_cortex.c...
compiling stm32f0xx_hal_i2c.c...
compiling stm32f0xx_hal_pwr.c...
compiling stm32f0xx_hal_pwr_ex.c...
compiling stm32f0xx_hal_flash.c...
compiling stm32f0xx_hal_flash_ex.c...
compiling stm32f0xx_hal_exti.c...
compiling stm32f0xx_hal_iwdg.c...
compiling stm32f0xx_hal_spi_ex.c...
compiling stm32f0xx_hal_spi.c...
compiling stm32f0xx_hal_tim_ex.c...
compiling system_stm32f0xx.c...
compiling stm32f0xx_hal_tim.c...
compiling alg_pid.cpp...
compiling drv_can.cpp...
compiling drv_dwt.cpp...
compiling alg_power_limit.cpp...
compiling drv_tim.cpp...
compiling drv_math.cpp...
compiling drv_crclite.cpp...
compiling dvc_ma600_spi.cpp...
compiling dvc_as5600.cpp...
../User/Device/dvc_djimotor.cpp(37): warning: enumeration value 'DJI_Motor_ID_UNDEFINED' not handled in switch [-Wswitch]
   37 |         switch (__CAN_ID)
      |                 ^~~~~~~~
1 warning generated.
compiling dvc_djimotor.cpp...
compiling task.cpp...
compiling alg_filter.cpp...
linking...
Program Size: Code=25564 RO-data=404 RW-data=24 ZI-data=2408  
FromELF: creating hex file...
"F042600\F042600.axf" - 0 Error(s), 1 Warning(s).

<h2>Software Packages used:</h2>

Package Vendor: ARM
                https://www.keil.com/pack/ARM.CMSIS.6.2.0.pack
                ARM::CMSIS@6.2.0
                CMSIS (Common Microcontroller Software Interface Standard)
   * Component: CORE Version: 6.1.1

Package Vendor: Keil
                https://www.keil.com/pack/Keil.STM32F0xx_DFP.3.1.0.pack
                Keil::STM32F0xx_DFP@3.1.0
                STMicroelectronics STM32F0 Series Device Support

<h2>Collection of Component include folders:</h2>
  ./RTE/_F042600
  C:/Users/js li/AppData/Local/Arm/Packs/ARM/CMSIS/6.2.0/CMSIS/Core/Include

<h2>Collection of Component Files used:</h2>

   * Component: ARM::CMSIS:CORE@6.1.1
      Include file:  CMSIS/Core/Include/tz_context.h
Build Time Elapsed:  00:00:05
</pre>
</body>
</html>
