Component: Arm Compiler for Embedded 6.24 Tool: armlink [5f371500]

==============================================================================

Section Cross References

    startup_stm32l431xx.o(STACK) refers (Special) to heapauxi.o(.text) for __use_two_region_memory
    startup_stm32l431xx.o(HEAP) refers (Special) to heapauxi.o(.text) for __use_two_region_memory
    startup_stm32l431xx.o(RESET) refers (Special) to heapauxi.o(.text) for __use_two_region_memory
    startup_stm32l431xx.o(RESET) refers to startup_stm32l431xx.o(STACK) for __initial_sp
    startup_stm32l431xx.o(RESET) refers to startup_stm32l431xx.o(.text) for Reset_Handler
    startup_stm32l431xx.o(RESET) refers to stm32l4xx_it.o(.text.NMI_Handler) for NMI_Handler
    startup_stm32l431xx.o(RESET) refers to stm32l4xx_it.o(.text.HardFault_Handler) for HardFault_Handler
    startup_stm32l431xx.o(RESET) refers to stm32l4xx_it.o(.text.MemManage_Handler) for MemManage_Handler
    startup_stm32l431xx.o(RESET) refers to stm32l4xx_it.o(.text.BusFault_Handler) for BusFault_Handler
    startup_stm32l431xx.o(RESET) refers to stm32l4xx_it.o(.text.UsageFault_Handler) for UsageFault_Handler
    startup_stm32l431xx.o(RESET) refers to stm32l4xx_it.o(.text.SVC_Handler) for SVC_Handler
    startup_stm32l431xx.o(RESET) refers to stm32l4xx_it.o(.text.DebugMon_Handler) for DebugMon_Handler
    startup_stm32l431xx.o(RESET) refers to stm32l4xx_it.o(.text.PendSV_Handler) for PendSV_Handler
    startup_stm32l431xx.o(RESET) refers to stm32l4xx_it.o(.text.SysTick_Handler) for SysTick_Handler
    startup_stm32l431xx.o(RESET) refers to stm32l4xx_it.o(.text.TIM2_IRQHandler) for TIM2_IRQHandler
    startup_stm32l431xx.o(RESET) refers to stm32l4xx_it.o(.text.TIM6_DAC_IRQHandler) for TIM6_DAC_IRQHandler
    startup_stm32l431xx.o(RESET) refers to stm32l4xx_it.o(.text.TIM7_IRQHandler) for TIM7_IRQHandler
    startup_stm32l431xx.o(RESET) refers to stm32l4xx_it.o(.text.LPTIM1_IRQHandler) for LPTIM1_IRQHandler
    startup_stm32l431xx.o(.text) refers (Special) to heapauxi.o(.text) for __use_two_region_memory
    startup_stm32l431xx.o(.text) refers to system_stm32l4xx.o(.text.SystemInit) for SystemInit
    startup_stm32l431xx.o(.text) refers to __main.o(!!!main) for __main
    startup_stm32l431xx.o(.text) refers to startup_stm32l431xx.o(HEAP) for Heap_Mem
    startup_stm32l431xx.o(.text) refers to startup_stm32l431xx.o(STACK) for Stack_Mem
    main.o(.text.main) refers to stm32l4xx_hal.o(.text.HAL_Init) for HAL_Init
    main.o(.text.main) refers to rt_memclr_w.o(.text) for __aeabi_memclr4
    main.o(.text.main) refers to stm32l4xx_hal_pwr_ex.o(.text.HAL_PWREx_ControlVoltageScaling) for HAL_PWREx_ControlVoltageScaling
    main.o(.text.main) refers to stm32l4xx_hal_rcc.o(.text.HAL_RCC_OscConfig) for HAL_RCC_OscConfig
    main.o(.text.main) refers to stm32l4xx_hal_rcc.o(.text.HAL_RCC_ClockConfig) for HAL_RCC_ClockConfig
    main.o(.text.main) refers to gpio.o(.text.MX_GPIO_Init) for MX_GPIO_Init
    main.o(.text.main) refers to can.o(.text.MX_CAN1_Init) for MX_CAN1_Init
    main.o(.text.main) refers to lptim.o(.text.MX_LPTIM1_Init) for MX_LPTIM1_Init
    main.o(.text.main) refers to spi.o(.text.MX_SPI1_Init) for MX_SPI1_Init
    main.o(.text.main) refers to tim.o(.text.MX_TIM2_Init) for MX_TIM2_Init
    main.o(.text.main) refers to tim.o(.text.MX_TIM6_Init) for MX_TIM6_Init
    main.o(.text.main) refers to tim.o(.text.MX_TIM7_Init) for MX_TIM7_Init
    main.o(.text.main) refers to tim.o(.text.MX_TIM16_Init) for MX_TIM16_Init
    main.o(.text.main) refers to task.o(.text.Task_Init) for Task_Init
    main.o(.text.main) refers to tim.o(.bss.htim16) for htim16
    main.o(.text.main) refers to task.o(.data.CAN_ID) for CAN_ID
    main.o(.text.main) refers to main.o(.data.blink_interval) for blink_interval
    main.o(.text.main) refers to stm32l4xx_hal_gpio.o(.text.HAL_GPIO_WritePin) for HAL_GPIO_WritePin
    main.o(.ARM.exidx.text.main) refers to main.o(.text.main) for [Anonymous Symbol]
    main.o(.text.SystemClock_Config) refers to rt_memclr_w.o(.text) for __aeabi_memclr4
    main.o(.text.SystemClock_Config) refers to stm32l4xx_hal_pwr_ex.o(.text.HAL_PWREx_ControlVoltageScaling) for HAL_PWREx_ControlVoltageScaling
    main.o(.text.SystemClock_Config) refers to stm32l4xx_hal_rcc.o(.text.HAL_RCC_OscConfig) for HAL_RCC_OscConfig
    main.o(.text.SystemClock_Config) refers to stm32l4xx_hal_rcc.o(.text.HAL_RCC_ClockConfig) for HAL_RCC_ClockConfig
    main.o(.ARM.exidx.text.SystemClock_Config) refers to main.o(.text.SystemClock_Config) for [Anonymous Symbol]
    main.o(.ARM.exidx.text.Error_Handler) refers to main.o(.text.Error_Handler) for [Anonymous Symbol]
    gpio.o(.text.MX_GPIO_Init) refers to stm32l4xx_hal_gpio.o(.text.HAL_GPIO_WritePin) for HAL_GPIO_WritePin
    gpio.o(.text.MX_GPIO_Init) refers to stm32l4xx_hal_gpio.o(.text.HAL_GPIO_Init) for HAL_GPIO_Init
    gpio.o(.ARM.exidx.text.MX_GPIO_Init) refers to gpio.o(.text.MX_GPIO_Init) for [Anonymous Symbol]
[...]
    stm32l4xx_hal_lptim.c                    0x00000000   Number         0  stm32l4xx_hal_lptim.o ABSOLUTE
    stm32l4xx_hal_msp.c                      0x00000000   Number         0  stm32l4xx_hal_msp.o ABSOLUTE
    stm32l4xx_hal_pwr.c                      0x00000000   Number         0  stm32l4xx_hal_pwr.o ABSOLUTE
    stm32l4xx_hal_pwr_ex.c                   0x00000000   Number         0  stm32l4xx_hal_pwr_ex.o ABSOLUTE
    stm32l4xx_hal_rcc.c                      0x00000000   Number         0  stm32l4xx_hal_rcc.o ABSOLUTE
    stm32l4xx_hal_rcc_ex.c                   0x00000000   Number         0  stm32l4xx_hal_rcc_ex.o ABSOLUTE
    stm32l4xx_hal_spi.c                      0x00000000   Number         0  stm32l4xx_hal_spi.o ABSOLUTE
    stm32l4xx_hal_spi_ex.c                   0x00000000   Number         0  stm32l4xx_hal_spi_ex.o ABSOLUTE
    stm32l4xx_hal_tim.c                      0x00000000   Number         0  stm32l4xx_hal_tim.o ABSOLUTE
    stm32l4xx_hal_tim_ex.c                   0x00000000   Number         0  stm32l4xx_hal_tim_ex.o ABSOLUTE
    stm32l4xx_hal_wwdg.c                     0x00000000   Number         0  stm32l4xx_hal_wwdg.o ABSOLUTE
    stm32l4xx_it.c                           0x00000000   Number         0  stm32l4xx_it.o ABSOLUTE
    system_stm32l4xx.c                       0x00000000   Number         0  system_stm32l4xx.o ABSOLUTE
    task.cpp                                 0x00000000   Number         0  task.o ABSOLUTE
    tim.c                                    0x00000000   Number         0  tim.o ABSOLUTE
    wwdg.c                                   0x00000000   Number         0  wwdg.o ABSOLUTE
    RESET                                    0x08000000   Section      396  startup_stm32l431xx.o(RESET)
    !!!main                                  0x0800018c   Section        8  __main.o(!!!main)
    !!!scatter                               0x08000194   Section       92  __scatter.o(!!!scatter)
    !!handler_copy                           0x080001f0   Section       26  __scatter_copy.o(!!handler_copy)
    !!handler_null                           0x0800020c   Section        2  __scatter.o(!!handler_null)
    !!handler_zi                             0x08000210   Section       28  __scatter_zi.o(!!handler_zi)
    .ARM.Collect$$libinit$$00000000          0x0800022c   Section        2  libinit.o(.ARM.Collect$$libinit$$00000000)
    .ARM.Collect$$libinit$$00000001          0x0800022e   Section        4  libinit2.o(.ARM.Collect$$libinit$$00000001)
    .ARM.Collect$$libinit$$00000004          0x08000232   Section        0  libinit2.o(.ARM.Collect$$libinit$$00000004)
    .ARM.Collect$$libinit$$00000006          0x08000232   Section        0  libinit2.o(.ARM.Collect$$libinit$$00000006)
    .ARM.Collect$$libinit$$0000000C          0x08000232   Section        0  libinit2.o(.ARM.Collect$$libinit$$0000000C)
    .ARM.Collect$$libinit$$0000000E          0x08000232   Section        0  libinit2.o(.ARM.Collect$$libinit$$0000000E)
    .ARM.Collect$$libinit$$00000010          0x08000232   Section        0  libinit2.o(.ARM.Collect$$libinit$$00000010)
    .ARM.Collect$$libinit$$00000013          0x08000232   Section        0  libinit2.o(.ARM.Collect$$libinit$$00000013)
    .ARM.Collect$$libinit$$00000015          0x08000232   Section        0  libinit2.o(.ARM.Collect$$libinit$$00000015)
    .ARM.Collect$$libinit$$00000017          0x08000232   Section        0  libinit2.o(.ARM.Collect$$libinit$$00000017)
    .ARM.Collect$$libinit$$00000019          0x08000232   Section        0  libinit2.o(.ARM.Collect$$libinit$$00000019)
    .ARM.Collect$$libinit$$0000001B          0x08000232   Section        0  libinit2.o(.ARM.Collect$$libinit$$0000001B)
    .ARM.Collect$$libinit$$0000001D          0x08000232   Section        0  libinit2.o(.ARM.Collect$$libinit$$0000001D)
    .ARM.Collect$$libinit$$0000001F          0x08000232   Section        0  libinit2.o(.ARM.Collect$$libinit$$0000001F)
    .ARM.Collect$$libinit$$00000021          0x08000232   Section        0  libinit2.o(.ARM.Collect$$libinit$$00000021)
    .ARM.Collect$$libinit$$00000023          0x08000232   Section        0  libinit2.o(.ARM.Collect$$libinit$$00000023)
    .ARM.Collect$$libinit$$00000025          0x08000232   Section        0  libinit2.o(.ARM.Collect$$libinit$$00000025)
    .ARM.Collect$$libinit$$00000027          0x08000232   Section        0  libinit2.o(.ARM.Collect$$libinit$$00000027)
    .ARM.Collect$$libinit$$0000002E          0x08000232   Section        0  libinit2.o(.ARM.Collect$$libinit$$0000002E)
    .ARM.Collect$$libinit$$00000030          0x08000232   Section        0  libinit2.o(.ARM.Collect$$libinit$$00000030)
    .ARM.Collect$$libinit$$00000032          0x08000232   Section        0  libinit2.o(.ARM.Collect$$libinit$$00000032)
    .ARM.Collect$$libinit$$00000034          0x08000232   Section        0  libinit2.o(.ARM.Collect$$libinit$$00000034)
    .ARM.Collect$$libinit$$00000035          0x08000232   Section        2  libinit2.o(.ARM.Collect$$libinit$$00000035)
    .ARM.Collect$$libshutdown$$00000000      0x08000234   Section        2  libshutdown.o(.ARM.Collect$$libshutdown$$00000000)
    .ARM.Collect$$libshutdown$$00000002      0x08000236   Section        0  libshutdown2.o(.ARM.Collect$$libshutdown$$00000002)
    .ARM.Collect$$libshutdown$$00000004      0x08000236   Section        0  libshutdown2.o(.ARM.Collect$$libshutdown$$00000004)
    .ARM.Collect$$libshutdown$$00000007      0x08000236   Section        0  libshutdown2.o(.ARM.Collect$$libshutdown$$00000007)
    .ARM.Collect$$libshutdown$$0000000A      0x08000236   Section        0  libshutdown2.o(.ARM.Collect$$libshutdown$$0000000A)
    .ARM.Collect$$libshutdown$$0000000C      0x08000236   Section        0  libshutdown2.o(.ARM.Collect$$libshutdown$$0000000C)
    .ARM.Collect$$libshutdown$$0000000F      0x08000236   Section        0  libshutdown2.o(.ARM.Collect$$libshutdown$$0000000F)
    .ARM.Collect$$libshutdown$$00000010      0x08000236   Section        2  libshutdown2.o(.ARM.Collect$$libshutdown$$00000010)
    .ARM.Collect$$rtentry$$00000000          0x08000238   Section        0  __rtentry.o(.ARM.Collect$$rtentry$$00000000)
    .ARM.Collect$$rtentry$$00000002          0x08000238   Section        0  __rtentry2.o(.ARM.Collect$$rtentry$$00000002)
    .ARM.Collect$$rtentry$$00000004          0x08000238   Section        6  __rtentry4.o(.ARM.Collect$$rtentry$$00000004)
    .ARM.Collect$$rtentry$$00000009          0x0800023e   Section        0  __rtentry2.o(.ARM.Collect$$rtentry$$00000009)
    .ARM.Collect$$rtentry$$0000000A          0x0800023e   Section        4  __rtentry2.o(.ARM.Collect$$rtentry$$0000000A)
    .ARM.Collect$$rtentry$$0000000C          0x08000242   Section        0  __rtentry2.o(.ARM.Collect$$rtentry$$0000000C)
    .ARM.Collect$$rtentry$$0000000D          0x08000242   Section        8  __rtentry2.o(.ARM.Collect$$rtentry$$0000000D)
    .ARM.Collect$$rtexit$$00000000           0x0800024a   Section        2  rtexit.o(.ARM.Collect$$rtexit$$00000000)
    .ARM.Collect$$rtexit$$00000002           0x0800024c   Section        0  rtexit2.o(.ARM.Collect$$rtexit$$00000002)
    .ARM.Collect$$rtexit$$00000003           0x0800024c   Section        4  rtexit2.o(.ARM.Collect$$rtexit$$00000003)
    .ARM.Collect$$rtexit$$00000004           0x08000250   Section        6  rtexit2.o(.ARM.Collect$$rtexit$$00000004)
    $v0                                      0x08000258   Number         0  startup_stm32l431xx.o(.text)
    .text                                    0x08000258   Section       64  startup_stm32l431xx.o(.text)
    .text                                    0x08000298   Section       78  rt_memclr_w.o(.text)
    .text                                    0x080002e6   Section        0  heapauxi.o(.text)
    .text                                    0x080002ec   Section        8  libspace.o(.text)
    .text                                    0x080002f4   Section       74  sys_stackheap_outer.o(.text)
    .text                                    0x0800033e   Section        0  exit.o(.text)
    .text                                    0x08000350   Section        0  sys_exit.o(.text)
    .text                                    0x0800035c   Section        2  use_no_semi.o(.text)
    .text                                    0x0800035e   Section        0  indicate_semi.o(.text)
    [Anonymous Symbol]                       0x08000360   Section        0  stm32l4xx_it.o(.text.BusFault_Handler)
    [Anonymous Symbol]                       0x08000364   Section        0  drv_can.o(.text.CAN_Init)
    [Anonymous Symbol]                       0x080003f0   Section        0  stm32l4xx_it.o(.text.DebugMon_Handler)
    [Anonymous Symbol]                       0x080003f4   Section        0  main.o(.text.Error_Handler)
    [Anonymous Symbol]                       0x08000400   Section        0  stm32l4xx_hal_can.o(.text.HAL_CAN_ActivateNotification)
    [Anonymous Symbol]                       0x08000430   Section        0  stm32l4xx_hal_can.o(.text.HAL_CAN_AddTxMessage)
    [Anonymous Symbol]                       0x080004d4   Section        0  stm32l4xx_hal_can.o(.text.HAL_CAN_ConfigFilter)
    [Anonymous Symbol]                       0x080005c0   Section        0  stm32l4xx_hal_can.o(.text.HAL_CAN_Init)
    [Anonymous Symbol]                       0x080006b4   Section        0  can.o(.text.HAL_CAN_MspInit)
    [Anonymous Symbol]                       0x08000728   Section        0  stm32l4xx_hal_can.o(.text.HAL_CAN_Start)
    [Anonymous Symbol]                       0x08000784   Section        0  stm32l4xx_hal_gpio.o(.text.HAL_GPIO_Init)
    [Anonymous Symbol]                       0x0800093c   Section        0  stm32l4xx_hal_gpio.o(.text.HAL_GPIO_WritePin)
    [Anonymous Symbol]                       0x08000948   Section        0  stm32l4xx_hal.o(.text.HAL_GetTick)
    [Anonymous Symbol]                       0x08000954   Section        0  stm32l4xx_hal.o(.text.HAL_IncTick)
    [Anonymous Symbol]                       0x08000970   Section        0  stm32l4xx_hal.o(.text.HAL_Init)
    [Anonymous Symbol]                       0x08000990   Section        0  stm32l4xx_hal.o(.text.HAL_InitTick)
    [Anonymous Symbol]                       0x080009e0   Section        0  stm32l4xx_hal_lptim.o(.text.HAL_LPTIM_AutoReloadMatchCallback)
    [Anonymous Symbol]                       0x080009e4   Section        0  stm32l4xx_hal_lptim.o(.text.HAL_LPTIM_AutoReloadWriteCallback)
    [Anonymous Symbol]                       0x080009e8   Section        0  stm32l4xx_hal_lptim.o(.text.HAL_LPTIM_CompareMatchCallback)
    [Anonymous Symbol]                       0x080009ec   Section        0  stm32l4xx_hal_lptim.o(.text.HAL_LPTIM_CompareWriteCallback)
    [Anonymous Symbol]                       0x080009f0   Section        0  stm32l4xx_hal_lptim.o(.text.HAL_LPTIM_DirectionDownCallback)
    [Anonymous Symbol]                       0x080009f4   Section        0  stm32l4xx_hal_lptim.o(.text.HAL_LPTIM_DirectionUpCallback)
    [Anonymous Symbol]                       0x080009f8   Section        0  stm32l4xx_hal_lptim.o(.text.HAL_LPTIM_IRQHandler)
    [Anonymous Symbol]                       0x08000ad0   Section        0  stm32l4xx_hal_lptim.o(.text.HAL_LPTIM_Init)
    [Anonymous Symbol]                       0x08000bbc   Section        0  lptim.o(.text.HAL_LPTIM_MspInit)
    [Anonymous Symbol]                       0x08000c28   Section        0  stm32l4xx_hal_lptim.o(.text.HAL_LPTIM_TimeOut_Start_IT)
    [Anonymous Symbol]                       0x08000d50   Section        0  stm32l4xx_hal_lptim.o(.text.HAL_LPTIM_TriggerCallback)
    [Anonymous Symbol]                       0x08000d54   Section        0  stm32l4xx_hal_msp.o(.text.HAL_MspInit)
    [Anonymous Symbol]                       0x08000d88   Section        0  stm32l4xx_hal_cortex.o(.text.HAL_NVIC_EnableIRQ)
    [Anonymous Symbol]                       0x08000dac   Section        0  stm32l4xx_hal_cortex.o(.text.HAL_NVIC_SetPriority)
    [Anonymous Symbol]                       0x08000e04   Section        0  stm32l4xx_hal_cortex.o(.text.HAL_NVIC_SetPriorityGrouping)
    [Anonymous Symbol]                       0x08000e24   Section        0  stm32l4xx_hal_pwr_ex.o(.text.HAL_PWREx_ControlVoltageScaling)
    [Anonymous Symbol]                       0x08000eb0   Section        0  stm32l4xx_hal_pwr_ex.o(.text.HAL_PWREx_GetVoltageRange)
    [Anonymous Symbol]                       0x08000ec0   Section        0  stm32l4xx_hal_rcc_ex.o(.text.HAL_RCCEx_PeriphCLKConfig)
    [Anonymous Symbol]                       0x0800116c   Section        0  stm32l4xx_hal_rcc.o(.text.HAL_RCC_ClockConfig)
    [Anonymous Symbol]                       0x080013ac   Section        0  stm32l4xx_hal_rcc.o(.text.HAL_RCC_OscConfig)
    [Anonymous Symbol]                       0x08001ba0   Section        0  stm32l4xx_hal_spi.o(.text.HAL_SPI_Init)
    [Anonymous Symbol]                       0x08001c7c   Section        0  spi.o(.text.HAL_SPI_MspInit)
    [Anonymous Symbol]                       0x08001cec   Section        0  stm32l4xx_hal_spi.o(.text.HAL_SPI_TransmitReceive)
    [Anonymous Symbol]                       0x08001fe8   Section        0  stm32l4xx_hal_cortex.o(.text.HAL_SYSTICK_Config)
    [Anonymous Symbol]                       0x08002014   Section        0  stm32l4xx_hal_tim_ex.o(.text.HAL_TIMEx_Break2Callback)
    [Anonymous Symbol]                       0x08002018   Section        0  stm32l4xx_hal_tim_ex.o(.text.HAL_TIMEx_BreakCallback)
    [Anonymous Symbol]                       0x0800201c   Section        0  stm32l4xx_hal_tim_ex.o(.text.HAL_TIMEx_CommutCallback)
    [Anonymous Symbol]                       0x08002020   Section        0  stm32l4xx_hal_tim_ex.o(.text.HAL_TIMEx_MasterConfigSynchronization)
    [Anonymous Symbol]                       0x0800208c   Section        0  stm32l4xx_hal_tim.o(.text.HAL_TIM_Base_Init)
    [Anonymous Symbol]                       0x08002178   Section        0  tim.o(.text.HAL_TIM_Base_MspInit)
    [Anonymous Symbol]                       0x08002264   Section        0  stm32l4xx_hal_tim.o(.text.HAL_TIM_Base_Start)
    [Anonymous Symbol]                       0x080022bc   Section        0  stm32l4xx_hal_tim.o(.text.HAL_TIM_Base_Start_IT)
    [Anonymous Symbol]                       0x0800231c   Section        0  stm32l4xx_hal_tim.o(.text.HAL_TIM_ConfigClockSource)
    [Anonymous Symbol]                       0x08002538   Section        0  stm32l4xx_hal_tim.o(.text.HAL_TIM_IC_CaptureCallback)
    [Anonymous Symbol]                       0x0800253c   Section        0  stm32l4xx_hal_tim.o(.text.HAL_TIM_IRQHandler)
    [Anonymous Symbol]                       0x080026a8   Section        0  stm32l4xx_hal_tim.o(.text.HAL_TIM_OC_DelayElapsedCallback)
    [Anonymous Symbol]                       0x080026ac   Section        0  stm32l4xx_hal_tim.o(.text.HAL_TIM_PWM_PulseFinishedCallback)
    [Anonymous Symbol]                       0x080026b0   Section        0  drv_tim.o(.text.HAL_TIM_PeriodElapsedCallback)
    [Anonymous Symbol]                       0x08002730   Section        0  stm32l4xx_hal_tim.o(.text.HAL_TIM_TriggerCallback)
    [Anonymous Symbol]                       0x08002734   Section        0  stm32l4xx_hal_wwdg.o(.text.HAL_WWDG_Init)
    [Anonymous Symbol]                       0x0800275c   Section        0  wwdg.o(.text.HAL_WWDG_MspInit)
    [Anonymous Symbol]                       0x0800278c   Section        0  stm32l4xx_hal_wwdg.o(.text.HAL_WWDG_Refresh)
    [Anonymous Symbol]                       0x08002798   Section        0  stm32l4xx_it.o(.text.HardFault_Handler)
    [Anonymous Symbol]                       0x0800279c   Section        0  stm32l4xx_it.o(.text.LPTIM1_IRQHandler)
    [Anonymous Symbol]                       0x080027a8   Section        0  stm32l4xx_hal_lptim.o(.text.LPTIM_Disable)
    [Anonymous Symbol]                       0x080029a0   Section        0  can.o(.text.MX_CAN1_Init)
    [Anonymous Symbol]                       0x080029e0   Section        0  gpio.o(.text.MX_GPIO_Init)
    [Anonymous Symbol]                       0x08002b04   Section        0  lptim.o(.text.MX_LPTIM1_Init)
    [Anonymous Symbol]                       0x08002b40   Section        0  spi.o(.text.MX_SPI1_Init)
    [Anonymous Symbol]                       0x08002b94   Section        0  tim.o(.text.MX_TIM16_Init)
    [Anonymous Symbol]                       0x08002bcc   Section        0  tim.o(.text.MX_TIM2_Init)
    [Anonymous Symbol]                       0x08002c40   Section        0  tim.o(.text.MX_TIM6_Init)
    [Anonymous Symbol]                       0x08002c90   Section        0  tim.o(.text.MX_TIM7_Init)
    [Anonymous Symbol]                       0x08002ce0   Section        0  stm32l4xx_it.o(.text.MemManage_Handler)
    [Anonymous Symbol]                       0x08002ce4   Section        0  stm32l4xx_it.o(.text.NMI_Handler)
    [Anonymous Symbol]                       0x08002ce8   Section        0  stm32l4xx_it.o(.text.PendSV_Handler)
    RCCEx_PLLSAI1_Config                     0x08002ced   Thumb Code   328  stm32l4xx_hal_rcc_ex.o(.text.RCCEx_PLLSAI1_Config)
    [Anonymous Symbol]                       0x08002cec   Section        0  stm32l4xx_hal_rcc_ex.o(.text.RCCEx_PLLSAI1_Config)
    SPI_WaitFifoStateUntilTimeout            0x08002e35   Thumb Code   390  stm32l4xx_hal_spi.o(.text.SPI_WaitFifoStateUntilTimeout)
    [Anonymous Symbol]                       0x08002e34   Section        0  stm32l4xx_hal_spi.o(.text.SPI_WaitFifoStateUntilTimeout)
    SPI_WaitFlagStateUntilTimeout            0x08002fbd   Thumb Code   214  stm32l4xx_hal_spi.o(.text.SPI_WaitFlagStateUntilTimeout)
    [Anonymous Symbol]                       0x08002fbc   Section        0  stm32l4xx_hal_spi.o(.text.SPI_WaitFlagStateUntilTimeout)
    [Anonymous Symbol]                       0x08003094   Section        0  stm32l4xx_it.o(.text.SVC_Handler)
    [Anonymous Symbol]                       0x08003098   Section        0  stm32l4xx_it.o(.text.SysTick_Handler)
    [Anonymous Symbol]                       0x0800309c   Section        0  system_stm32l4xx.o(.text.SystemInit)
    [Anonymous Symbol]                       0x080030b0   Section        0  stm32l4xx_it.o(.text.TIM2_IRQHandler)
    [Anonymous Symbol]                       0x080030bc   Section        0  stm32l4xx_it.o(.text.TIM6_DAC_IRQHandler)
    [Anonymous Symbol]                       0x080030c8   Section        0  stm32l4xx_it.o(.text.TIM7_IRQHandler)
    [Anonymous Symbol]                       0x080030d4   Section        0  drv_can.o(.text.TIM_CAN_PeriodElapsedCallback)
    [Anonymous Symbol]                       0x0800311c   Section        0  drv_tim.o(.text.TIM_Init)
    [Anonymous Symbol]                       0x0800318c   Section        0  task.o(.text.Task_Init)
    [Anonymous Symbol]                       0x0800324c   Section        0  stm32l4xx_it.o(.text.UsageFault_Handler)
    [Anonymous Symbol]                       0x08003250   Section        0  task.o(.text._Z21Task1ms_TIM2_Callbackv)
    [Anonymous Symbol]                       0x08003470   Section        0  task.o(.text._Z21Task1ms_TIM3_Callbackv)
    [Anonymous Symbol]                       0x08003474   Section        0  task.o(.text._Z8callbackP20Struct_CAN_Rx_Buffer)
    [Anonymous Symbol]                       0x08003478   Section        0  dvc_ma600_spi.o(.text._ZN19Class_Encoder_MA60012getMultiturnEv)
    [Anonymous Symbol]                       0x080034b8   Section        0  dvc_ma600_spi.o(.text._ZN19Class_Encoder_MA60014Get_Now_RadianEv)
    [Anonymous Symbol]                       0x08003570   Section        0  dvc_ma600_spi.o(.text._ZN19Class_Encoder_MA60016Get_Single_AngleEv)
    [Anonymous Symbol]                       0x080035e0   Section        0  dvc_ma600_spi.o(.text._ZN19Class_Encoder_MA60017Get_Single_RadianEv)
    [Anonymous Symbol]                       0x08003664   Section        0  dvc_ma600_spi.o(.text._ZN19Class_Encoder_MA6004InitEP19__SPI_HandleTypeDefP12GPIO_TypeDeft)
    [Anonymous Symbol]                       0x08003678   Section        0  dvc_ma600_spi.o(.text._ZN19Class_Encoder_MA6008getAngleEv)
    [Anonymous Symbol]                       0x080036c4   Section        0  alg_filter.o(.text._ZN19Class_Filter_Kalman4InitEffff)
    [Anonymous Symbol]                       0x080036d8   Section        0  main.o(.text.main)
    $v0                                      0x080038a4   Number         0  d2f.o(x$fpl$d2f)
    x$fpl$d2f                                0x080038a4   Section       98  d2f.o(x$fpl$d2f)
    $v0                                      0x08003906   Number         0  dcmpi.o(x$fpl$dcmpinf)
    x$fpl$dcmpinf                            0x08003906   Section       24  dcmpi.o(x$fpl$dcmpinf)
    $v0                                      0x08003920   Number         0  ddiv.o(x$fpl$ddiv)
    x$fpl$ddiv                               0x08003920   Section      696  ddiv.o(x$fpl$ddiv)
    ddiv_entry                               0x08003927   Thumb Code     0  ddiv.o(x$fpl$ddiv)
    $v0                                      0x08003bd8   Number         0  deqf.o(x$fpl$deqf)
    x$fpl$deqf                               0x08003bd8   Section      120  deqf.o(x$fpl$deqf)
    $v0                                      0x08003c50   Number         0  dflt_clz.o(x$fpl$dflt)
    x$fpl$dflt                               0x08003c50   Section       46  dflt_clz.o(x$fpl$dflt)
    $v0                                      0x08003c80   Number         0  dgeqf.o(x$fpl$dgeqf)
    x$fpl$dgeqf                              0x08003c80   Section      120  dgeqf.o(x$fpl$dgeqf)
    $v0                                      0x08003cf8   Number         0  dleqf.o(x$fpl$dleqf)
    x$fpl$dleqf                              0x08003cf8   Section      120  dleqf.o(x$fpl$dleqf)
    $v0                                      0x08003d70   Number         0  dmul.o(x$fpl$dmul)
    x$fpl$dmul                               0x08003d70   Section      340  dmul.o(x$fpl$dmul)
    $v0                                      0x08003ec4   Number         0  dnaninf.o(x$fpl$dnaninf)
    x$fpl$dnaninf                            0x08003ec4   Section      156  dnaninf.o(x$fpl$dnaninf)
    $v0                                      0x08003f60   Number         0  dretinf.o(x$fpl$dretinf)
    x$fpl$dretinf                            0x08003f60   Section       12  dretinf.o(x$fpl$dretinf)
    $v0                                      0x08003f6c   Number         0  f2d.o(x$fpl$f2d)
    x$fpl$f2d                                0x08003f6c   Section       86  f2d.o(x$fpl$f2d)
    $v0                                      0x08003fc2   Number         0  dcmp.o(x$fpl$fcmp)
    x$fpl$fcmp                               0x08003fc2   Section       84  dcmp.o(x$fpl$fcmp)
    $v0                                      0x08004016   Number         0  fnaninf.o(x$fpl$fnaninf)
    x$fpl$fnaninf                            0x08004016   Section      140  fnaninf.o(x$fpl$fnaninf)
    $v0                                      0x080040a2   Number         0  fpinit.o(x$fpl$fpinit)
    x$fpl$fpinit                             0x080040a2   Section       26  fpinit.o(x$fpl$fpinit)
    $v0                                      0x080040bc   Number         0  fretinf.o(x$fpl$fretinf)
    x$fpl$fretinf                            0x080040bc   Section       10  fretinf.o(x$fpl$fretinf)
    x$fpl$usenofp                            0x080040c6   Section        0  usenofp.o(x$fpl$usenofp)
    .L_MergedGlobals                         0x20000000   Data           8  stm32l4xx_hal.o(.data..L_MergedGlobals)
    [Anonymous Symbol]                       0x20000000   Section        0  stm32l4xx_hal.o(.data..L_MergedGlobals)
    .bss                                     0x20000048   Section       96  libspace.o(.bss)
    .L_MergedGlobals                         0x200000a8   Data           9  drv_can.o(.bss..L_MergedGlobals)
    cyccntcan1                               0x200000a8   Data           1  drv_can.o(.bss..L_MergedGlobals)
    [Anonymous Symbol]                       0x200000a8   Section        0  drv_can.o(.bss..L_MergedGlobals)
    .L_MergedGlobals                         0x200000b4   Data          32  drv_tim.o(.bss..L_MergedGlobals)
    [Anonymous Symbol]                       0x200000b4   Section        0  drv_tim.o(.bss..L_MergedGlobals)
    .L_MergedGlobals                         0x200000d8   Data          76  task.o(.bss..L_MergedGlobals)
    [Anonymous Symbol]                       0x200000d8   Section        0  task.o(.bss..L_MergedGlobals)
    Heap_Mem                                 0x20000360   Data         512  startup_stm32l431xx.o(HEAP)
    HEAP                                     0x20000360   Section      512  startup_stm32l431xx.o(HEAP)
    Stack_Mem                                0x20000560   Data        1024  startup_stm32l431xx.o(STACK)
    STACK                                    0x20000560   Section     1024  startup_stm32l431xx.o(STACK)
    __initial_sp                             0x20000960   Data           0  startup_stm32l431xx.o(STACK)

    Global Symbols

    Symbol Name                              Value     Ov Type        Size  Object(Section)

    BuildAttributes$$THM_ISAv4$E$P$D$K$B$S$7EM$VFPi3$EXTD16$VFPS$VFMA$PE$A:L22UL41UL21$X:L11$S22US41US21$IEEE1$IW$~IW$USESV6$~STKCKD$USESV7$~SHL$OTIME$ROPI$IEEEX$EBA8$UX$STANDARDLIB$REQ8$PRES8$EABIv2 0x00000000   Number         0  anon$$obj.o ABSOLUTE
    __ARM_exceptions_init                     - Undefined Weak Reference
    __alloca_initialize                       - Undefined Weak Reference
    __arm_preinit_                            - Undefined Weak Reference
    __arm_relocate_pie_                       - Undefined Weak Reference
    __cpp_initialize__aeabi_                  - Undefined Weak Reference
    __cxa_finalize                            - Undefined Weak Reference
    __rt_locale                               - Undefined Weak Reference
    __sigvec_lookup                           - Undefined Weak Reference
    __user_heap_extent                        - Undefined Weak Reference
    _atexit_init                              - Undefined Weak Reference
    _call_atexit_fns                          - Undefined Weak Reference
    _clock_init                               - Undefined Weak Reference
    _fp_trap_init                             - Undefined Weak Reference
    _fp_trap_shutdown                         - Undefined Weak Reference
    _get_lc_collate                           - Undefined Weak Reference
    _get_lc_ctype                             - Undefined Weak Reference
    _get_lc_monetary                          - Undefined Weak Reference
    _get_lc_numeric                           - Undefined Weak Reference
    _get_lc_time                              - Undefined Weak Reference
    _getenv_init                              - Undefined Weak Reference
    _handle_redirection                       - Undefined Weak Reference
    _initio                                   - Undefined Weak Reference
    _mutex_acquire                            - Undefined Weak Reference
    _mutex_free                               - Undefined Weak Reference
    _mutex_release                            - Undefined Weak Reference
    _rand_init                                - Undefined Weak Reference
    _signal_finish                            - Undefined Weak Reference
    _signal_init                              - Undefined Weak Reference
    _terminateio                              - Undefined Weak Reference
    __Vectors_Size                           0x0000018c   Number         0  startup_stm32l431xx.o ABSOLUTE
    __Vectors                                0x08000000   Data           4  startup_stm32l431xx.o(RESET)
    __Vectors_End                            0x0800018c   Data           0  startup_stm32l431xx.o(RESET)
    __main                                   0x0800018d   Thumb Code     8  __main.o(!!!main)
    __scatterload                            0x08000195   Thumb Code     0  __scatter.o(!!!scatter)
    __scatterload_rt2                        0x08000195   Thumb Code    84  __scatter.o(!!!scatter)
    __scatterload_rt2_thumb_only             0x08000195   Thumb Code     0  __scatter.o(!!!scatter)
    __scatterload_loop                       0x0800019f   Thumb Code     0  __scatter.o(!!!scatter)
    __scatterload_copy                       0x080001f1   Thumb Code    26  __scatter_copy.o(!!handler_copy)
    __scatterload_null                       0x0800020d   Thumb Code     2  __scatter.o(!!handler_null)
    __scatterload_zeroinit                   0x08000211   Thumb Code    28  __scatter_zi.o(!!handler_zi)
    __rt_lib_init                            0x0800022d   Thumb Code     0  libinit.o(.ARM.Collect$$libinit$$00000000)
    __rt_lib_init_fp_1                       0x0800022f   Thumb Code     0  libinit2.o(.ARM.Collect$$libinit$$00000001)
    __rt_lib_init_alloca_1                   0x08000233   Thumb Code     0  libinit2.o(.ARM.Collect$$libinit$$00000030)
    __rt_lib_init_argv_1                     0x08000233   Thumb Code     0  libinit2.o(.ARM.Collect$$libinit$$0000002E)
    __rt_lib_init_atexit_1                   0x08000233   Thumb Code     0  libinit2.o(.ARM.Collect$$libinit$$0000001D)
    __rt_lib_init_clock_1                    0x08000233   Thumb Code     0  libinit2.o(.ARM.Collect$$libinit$$00000023)
    __rt_lib_init_cpp_1                      0x08000233   Thumb Code     0  libinit2.o(.ARM.Collect$$libinit$$00000034)
    __rt_lib_init_exceptions_1               0x08000233   Thumb Code     0  libinit2.o(.ARM.Collect$$libinit$$00000032)
    __rt_lib_init_fp_trap_1                  0x08000233   Thumb Code     0  libinit2.o(.ARM.Collect$$libinit$$00000021)
    __rt_lib_init_getenv_1                   0x08000233   Thumb Code     0  libinit2.o(.ARM.Collect$$libinit$$00000025)
    __rt_lib_init_heap_1                     0x08000233   Thumb Code     0  libinit2.o(.ARM.Collect$$libinit$$0000000C)
    __rt_lib_init_lc_collate_1               0x08000233   Thumb Code     0  libinit2.o(.ARM.Collect$$libinit$$00000013)
    __rt_lib_init_lc_ctype_1                 0x08000233   Thumb Code     0  libinit2.o(.ARM.Collect$$libinit$$00000015)
    __rt_lib_init_lc_monetary_1              0x08000233   Thumb Code     0  libinit2.o(.ARM.Collect$$libinit$$00000017)
    __rt_lib_init_lc_numeric_1               0x08000233   Thumb Code     0  libinit2.o(.ARM.Collect$$libinit$$00000019)
    __rt_lib_init_lc_time_1                  0x08000233   Thumb Code     0  libinit2.o(.ARM.Collect$$libinit$$0000001B)
    __rt_lib_init_preinit_1                  0x08000233   Thumb Code     0  libinit2.o(.ARM.Collect$$libinit$$00000006)
    __rt_lib_init_rand_1                     0x08000233   Thumb Code     0  libinit2.o(.ARM.Collect$$libinit$$00000010)
    __rt_lib_init_relocate_pie_1             0x08000233   Thumb Code     0  libinit2.o(.ARM.Collect$$libinit$$00000004)
    __rt_lib_init_return                     0x08000233   Thumb Code     0  libinit2.o(.ARM.Collect$$libinit$$00000035)
    __rt_lib_init_signal_1                   0x08000233   Thumb Code     0  libinit2.o(.ARM.Collect$$libinit$$0000001F)
    __rt_lib_init_stdio_1                    0x08000233   Thumb Code     0  libinit2.o(.ARM.Collect$$libinit$$00000027)
    __rt_lib_init_user_alloc_1               0x08000233   Thumb Code     0  libinit2.o(.ARM.Collect$$libinit$$0000000E)
    __rt_lib_shutdown                        0x08000235   Thumb Code     0  libshutdown.o(.ARM.Collect$$libshutdown$$00000000)
    __rt_lib_shutdown_cpp_1                  0x08000237   Thumb Code     0  libshutdown2.o(.ARM.Collect$$libshutdown$$00000002)
    __rt_lib_shutdown_fp_trap_1              0x08000237   Thumb Code     0  libshutdown2.o(.ARM.Collect$$libshutdown$$00000007)
    __rt_lib_shutdown_heap_1                 0x08000237   Thumb Code     0  libshutdown2.o(.ARM.Collect$$libshutdown$$0000000F)
    __rt_lib_shutdown_return                 0x08000237   Thumb Code     0  libshutdown2.o(.ARM.Collect$$libshutdown$$00000010)
    __rt_lib_shutdown_signal_1               0x08000237   Thumb Code     0  libshutdown2.o(.ARM.Collect$$libshutdown$$0000000A)
    __rt_lib_shutdown_stdio_1                0x08000237   Thumb Code     0  libshutdown2.o(.ARM.Collect$$libshutdown$$00000004)
    __rt_lib_shutdown_user_alloc_1           0x08000237   Thumb Code     0  libshutdown2.o(.ARM.Collect$$libshutdown$$0000000C)
    __rt_entry                               0x08000239   Thumb Code     0  __rtentry.o(.ARM.Collect$$rtentry$$00000000)
    __rt_entry_presh_1                       0x08000239   Thumb Code     0  __rtentry2.o(.ARM.Collect$$rtentry$$00000002)
    __rt_entry_sh                            0x08000239   Thumb Code     0  __rtentry4.o(.ARM.Collect$$rtentry$$00000004)
    __rt_entry_li                            0x0800023f   Thumb Code     0  __rtentry2.o(.ARM.Collect$$rtentry$$0000000A)
    __rt_entry_postsh_1                      0x0800023f   Thumb Code     0  __rtentry2.o(.ARM.Collect$$rtentry$$00000009)
    __rt_entry_main                          0x08000243   Thumb Code     0  __rtentry2.o(.ARM.Collect$$rtentry$$0000000D)
    __rt_entry_postli_1                      0x08000243   Thumb Code     0  __rtentry2.o(.ARM.Collect$$rtentry$$0000000C)
    __rt_exit                                0x0800024b   Thumb Code     0  rtexit.o(.ARM.Collect$$rtexit$$00000000)
    __rt_exit_ls                             0x0800024d   Thumb Code     0  rtexit2.o(.ARM.Collect$$rtexit$$00000003)
    __rt_exit_prels_1                        0x0800024d   Thumb Code     0  rtexit2.o(.ARM.Collect$$rtexit$$00000002)
    __rt_exit_exit                           0x08000251   Thumb Code     0  rtexit2.o(.ARM.Collect$$rtexit$$00000004)
    Reset_Handler                            0x08000259   Thumb Code     8  startup_stm32l431xx.o(.text)
    ADC1_IRQHandler                          0x08000273   Thumb Code     0  startup_stm32l431xx.o(.text)
    CAN1_RX0_IRQHandler                      0x08000273   Thumb Code     0  startup_stm32l431xx.o(.text)
    CAN1_RX1_IRQHandler                      0x08000273   Thumb Code     0  startup_stm32l431xx.o(.text)
    CAN1_SCE_IRQHandler                      0x08000273   Thumb Code     0  startup_stm32l431xx.o(.text)
    CAN1_TX_IRQHandler                       0x08000273   Thumb Code     0  startup_stm32l431xx.o(.text)
    COMP_IRQHandler                          0x08000273   Thumb Code     0  startup_stm32l431xx.o(.text)
    CRS_IRQHandler                           0x08000273   Thumb Code     0  startup_stm32l431xx.o(.text)
    DMA1_Channel1_IRQHandler                 0x08000273   Thumb Code     0  startup_stm32l431xx.o(.text)
    DMA1_Channel2_IRQHandler                 0x08000273   Thumb Code     0  startup_stm32l431xx.o(.text)
    DMA1_Channel3_IRQHandler                 0x08000273   Thumb Code     0  startup_stm32l431xx.o(.text)
    DMA1_Channel4_IRQHandler                 0x08000273   Thumb Code     0  startup_stm32l431xx.o(.text)
    DMA1_Channel5_IRQHandler                 0x08000273   Thumb Code     0  startup_stm32l431xx.o(.text)
    DMA1_Channel6_IRQHandler                 0x08000273   Thumb Code     0  startup_stm32l431xx.o(.text)
    DMA1_Channel7_IRQHandler                 0x08000273   Thumb Code     0  startup_stm32l431xx.o(.text)
    DMA2_Channel1_IRQHandler                 0x08000273   Thumb Code     0  startup_stm32l431xx.o(.text)
    DMA2_Channel2_IRQHandler                 0x08000273   Thumb Code     0  startup_stm32l431xx.o(.text)
    DMA2_Channel3_IRQHandler                 0x08000273   Thumb Code     0  startup_stm32l431xx.o(.text)
    DMA2_Channel4_IRQHandler                 0x08000273   Thumb Code     0  startup_stm32l431xx.o(.text)
    DMA2_Channel5_IRQHandler                 0x08000273   Thumb Code     0  startup_stm32l431xx.o(.text)
    DMA2_Channel6_IRQHandler                 0x08000273   Thumb Code     0  startup_stm32l431xx.o(.text)
    DMA2_Channel7_IRQHandler                 0x08000273   Thumb Code     0  startup_stm32l431xx.o(.text)
    EXTI0_IRQHandler                         0x08000273   Thumb Code     0  startup_stm32l431xx.o(.text)
    EXTI15_10_IRQHandler                     0x08000273   Thumb Code     0  startup_stm32l431xx.o(.text)
    EXTI1_IRQHandler                         0x08000273   Thumb Code     0  startup_stm32l431xx.o(.text)
    EXTI2_IRQHandler                         0x08000273   Thumb Code     0  startup_stm32l431xx.o(.text)
    EXTI3_IRQHandler                         0x08000273   Thumb Code     0  startup_stm32l431xx.o(.text)
    EXTI4_IRQHandler                         0x08000273   Thumb Code     0  startup_stm32l431xx.o(.text)
    EXTI9_5_IRQHandler                       0x08000273   Thumb Code     0  startup_stm32l431xx.o(.text)
    FLASH_IRQHandler                         0x08000273   Thumb Code     0  startup_stm32l431xx.o(.text)
    FPU_IRQHandler                           0x08000273   Thumb Code     0  startup_stm32l431xx.o(.text)
    I2C1_ER_IRQHandler                       0x08000273   Thumb Code     0  startup_stm32l431xx.o(.text)
    I2C1_EV_IRQHandler                       0x08000273   Thumb Code     0  startup_stm32l431xx.o(.text)
    I2C2_ER_IRQHandler                       0x08000273   Thumb Code     0  startup_stm32l431xx.o(.text)
    I2C2_EV_IRQHandler                       0x08000273   Thumb Code     0  startup_stm32l431xx.o(.text)
    I2C3_ER_IRQHandler                       0x08000273   Thumb Code     0  startup_stm32l431xx.o(.text)
    I2C3_EV_IRQHandler                       0x08000273   Thumb Code     0  startup_stm32l431xx.o(.text)
    LPTIM2_IRQHandler                        0x08000273   Thumb Code     0  startup_stm32l431xx.o(.text)
    LPUART1_IRQHandler                       0x08000273   Thumb Code     0  startup_stm32l431xx.o(.text)
    PVD_PVM_IRQHandler                       0x08000273   Thumb Code     0  startup_stm32l431xx.o(.text)
    QUADSPI_IRQHandler                       0x08000273   Thumb Code     0  startup_stm32l431xx.o(.text)
    RCC_IRQHandler                           0x08000273   Thumb Code     0  startup_stm32l431xx.o(.text)
    RNG_IRQHandler                           0x08000273   Thumb Code     0  startup_stm32l431xx.o(.text)
    RTC_Alarm_IRQHandler                     0x08000273   Thumb Code     0  startup_stm32l431xx.o(.text)
    RTC_WKUP_IRQHandler                      0x08000273   Thumb Code     0  startup_stm32l431xx.o(.text)
    SAI1_IRQHandler                          0x08000273   Thumb Code     0  startup_stm32l431xx.o(.text)
    SDMMC1_IRQHandler                        0x08000273   Thumb Code     0  startup_stm32l431xx.o(.text)
    SPI1_IRQHandler                          0x08000273   Thumb Code     0  startup_stm32l431xx.o(.text)
    SPI2_IRQHandler                          0x08000273   Thumb Code     0  startup_stm32l431xx.o(.text)
    SPI3_IRQHandler                          0x08000273   Thumb Code     0  startup_stm32l431xx.o(.text)
    SWPMI1_IRQHandler                        0x08000273   Thumb Code     0  startup_stm32l431xx.o(.text)
    TAMP_STAMP_IRQHandler                    0x08000273   Thumb Code     0  startup_stm32l431xx.o(.text)
    TIM1_BRK_TIM15_IRQHandler                0x08000273   Thumb Code     0  startup_stm32l431xx.o(.text)
    TIM1_CC_IRQHandler                       0x08000273   Thumb Code     0  startup_stm32l431xx.o(.text)
    TIM1_TRG_COM_IRQHandler                  0x08000273   Thumb Code     0  startup_stm32l431xx.o(.text)
    TIM1_UP_TIM16_IRQHandler                 0x08000273   Thumb Code     0  startup_stm32l431xx.o(.text)
    TSC_IRQHandler                           0x08000273   Thumb Code     0  startup_stm32l431xx.o(.text)
    USART1_IRQHandler                        0x08000273   Thumb Code     0  startup_stm32l431xx.o(.text)
    USART2_IRQHandler                        0x08000273   Thumb Code     0  startup_stm32l431xx.o(.text)
    USART3_IRQHandler                        0x08000273   Thumb Code     0  startup_stm32l431xx.o(.text)
    WWDG_IRQHandler                          0x08000273   Thumb Code     0  startup_stm32l431xx.o(.text)
    __user_initial_stackheap                 0x08000275   Thumb Code     0  startup_stm32l431xx.o(.text)
    __aeabi_memclr4                          0x08000299   Thumb Code     0  rt_memclr_w.o(.text)
    __aeabi_memclr8                          0x08000299   Thumb Code     0  rt_memclr_w.o(.text)
    __rt_memclr_w                            0x08000299   Thumb Code     0  rt_memclr_w.o(.text)
    _memset_w                                0x0800029d   Thumb Code    74  rt_memclr_w.o(.text)
    __use_two_region_memory                  0x080002e7   Thumb Code     2  heapauxi.o(.text)
    __rt_heap_escrow                         0x080002e9   Thumb Code     2  heapauxi.o(.text)
    __rt_heap_expand                         0x080002eb   Thumb Code     2  heapauxi.o(.text)
    __user_libspace                          0x080002ed   Thumb Code     8  libspace.o(.text)
    __user_perproc_libspace                  0x080002ed   Thumb Code     0  libspace.o(.text)
    __user_perthread_libspace                0x080002ed   Thumb Code     0  libspace.o(.text)
    __user_setup_stackheap                   0x080002f5   Thumb Code    74  sys_stackheap_outer.o(.text)
    exit                                     0x0800033f   Thumb Code    18  exit.o(.text)
    _sys_exit                                0x08000351   Thumb Code     8  sys_exit.o(.text)
    __I$use$semihosting                      0x0800035d   Thumb Code     0  use_no_semi.o(.text)
    __use_no_semihosting_swi                 0x0800035d   Thumb Code     2  use_no_semi.o(.text)
    __semihosting_library_function           0x0800035f   Thumb Code     0  indicate_semi.o(.text)
    BusFault_Handler                         0x08000361   Thumb Code     2  stm32l4xx_it.o(.text.BusFault_Handler)
    CAN_Init                                 0x08000365   Thumb Code   138  drv_can.o(.text.CAN_Init)
    DebugMon_Handler                         0x080003f1   Thumb Code     2  stm32l4xx_it.o(.text.DebugMon_Handler)
    Error_Handler                            0x080003f5   Thumb Code    10  main.o(.text.Error_Handler)
    HAL_CAN_ActivateNotification             0x08000401   Thumb Code    46  stm32l4xx_hal_can.o(.text.HAL_CAN_ActivateNotification)
    HAL_CAN_AddTxMessage                     0x08000431   Thumb Code   164  stm32l4xx_hal_can.o(.text.HAL_CAN_AddTxMessage)
    HAL_CAN_ConfigFilter                     0x080004d5   Thumb Code   234  stm32l4xx_hal_can.o(.text.HAL_CAN_ConfigFilter)
    HAL_CAN_Init                             0x080005c1   Thumb Code   244  stm32l4xx_hal_can.o(.text.HAL_CAN_Init)
    HAL_CAN_MspInit                          0x080006b5   Thumb Code   114  can.o(.text.HAL_CAN_MspInit)
    HAL_CAN_Start                            0x08000729   Thumb Code    90  stm32l4xx_hal_can.o(.text.HAL_CAN_Start)
    HAL_GPIO_Init                            0x08000785   Thumb Code   434  stm32l4xx_hal_gpio.o(.text.HAL_GPIO_Init)
    HAL_GPIO_WritePin                        0x0800093d   Thumb Code    12  stm32l4xx_hal_gpio.o(.text.HAL_GPIO_WritePin)
    HAL_GetTick                              0x08000949   Thumb Code    12  stm32l4xx_hal.o(.text.HAL_GetTick)
    HAL_IncTick                              0x08000955   Thumb Code    26  stm32l4xx_hal.o(.text.HAL_IncTick)
    HAL_Init                                 0x08000971   Thumb Code    30  stm32l4xx_hal.o(.text.HAL_Init)
    HAL_InitTick                             0x08000991   Thumb Code    80  stm32l4xx_hal.o(.text.HAL_InitTick)
    HAL_LPTIM_AutoReloadMatchCallback        0x080009e1   Thumb Code     2  stm32l4xx_hal_lptim.o(.text.HAL_LPTIM_AutoReloadMatchCallback)
    HAL_LPTIM_AutoReloadWriteCallback        0x080009e5   Thumb Code     2  stm32l4xx_hal_lptim.o(.text.HAL_LPTIM_AutoReloadWriteCallback)
    HAL_LPTIM_CompareMatchCallback           0x080009e9   Thumb Code     2  stm32l4xx_hal_lptim.o(.text.HAL_LPTIM_CompareMatchCallback)
    HAL_LPTIM_CompareWriteCallback           0x080009ed   Thumb Code     2  stm32l4xx_hal_lptim.o(.text.HAL_LPTIM_CompareWriteCallback)
    HAL_LPTIM_DirectionDownCallback          0x080009f1   Thumb Code     2  stm32l4xx_hal_lptim.o(.text.HAL_LPTIM_DirectionDownCallback)
    HAL_LPTIM_DirectionUpCallback            0x080009f5   Thumb Code     2  stm32l4xx_hal_lptim.o(.text.HAL_LPTIM_DirectionUpCallback)
    HAL_LPTIM_IRQHandler                     0x080009f9   Thumb Code   214  stm32l4xx_hal_lptim.o(.text.HAL_LPTIM_IRQHandler)
    HAL_LPTIM_Init                           0x08000ad1   Thumb Code   234  stm32l4xx_hal_lptim.o(.text.HAL_LPTIM_Init)
    HAL_LPTIM_MspInit                        0x08000bbd   Thumb Code   108  lptim.o(.text.HAL_LPTIM_MspInit)
    HAL_LPTIM_TimeOut_Start_IT               0x08000c29   Thumb Code   296  stm32l4xx_hal_lptim.o(.text.HAL_LPTIM_TimeOut_Start_IT)
    HAL_LPTIM_TriggerCallback                0x08000d51   Thumb Code     2  stm32l4xx_hal_lptim.o(.text.HAL_LPTIM_TriggerCallback)
    HAL_MspInit                              0x08000d55   Thumb Code    50  stm32l4xx_hal_msp.o(.text.HAL_MspInit)
    HAL_NVIC_EnableIRQ                       0x08000d89   Thumb Code    34  stm32l4xx_hal_cortex.o(.text.HAL_NVIC_EnableIRQ)
    HAL_NVIC_SetPriority                     0x08000dad   Thumb Code    86  stm32l4xx_hal_cortex.o(.text.HAL_NVIC_SetPriority)
    HAL_NVIC_SetPriorityGrouping             0x08000e05   Thumb Code    32  stm32l4xx_hal_cortex.o(.text.HAL_NVIC_SetPriorityGrouping)
    HAL_PWREx_ControlVoltageScaling          0x08000e25   Thumb Code   140  stm32l4xx_hal_pwr_ex.o(.text.HAL_PWREx_ControlVoltageScaling)
    HAL_PWREx_GetVoltageRange                0x08000eb1   Thumb Code    16  stm32l4xx_hal_pwr_ex.o(.text.HAL_PWREx_GetVoltageRange)
    HAL_RCCEx_PeriphCLKConfig                0x08000ec1   Thumb Code   684  stm32l4xx_hal_rcc_ex.o(.text.HAL_RCCEx_PeriphCLKConfig)
    HAL_RCC_ClockConfig                      0x0800116d   Thumb Code   574  stm32l4xx_hal_rcc.o(.text.HAL_RCC_ClockConfig)
    HAL_RCC_OscConfig                        0x080013ad   Thumb Code  2036  stm32l4xx_hal_rcc.o(.text.HAL_RCC_OscConfig)
    HAL_SPI_Init                             0x08001ba1   Thumb Code   220  stm32l4xx_hal_spi.o(.text.HAL_SPI_Init)
    HAL_SPI_MspInit                          0x08001c7d   Thumb Code   112  spi.o(.text.HAL_SPI_MspInit)
    HAL_SPI_TransmitReceive                  0x08001ced   Thumb Code   762  stm32l4xx_hal_spi.o(.text.HAL_SPI_TransmitReceive)
    HAL_SYSTICK_Config                       0x08001fe9   Thumb Code    44  stm32l4xx_hal_cortex.o(.text.HAL_SYSTICK_Config)
    HAL_TIMEx_Break2Callback                 0x08002015   Thumb Code     2  stm32l4xx_hal_tim_ex.o(.text.HAL_TIMEx_Break2Callback)
    HAL_TIMEx_BreakCallback                  0x08002019   Thumb Code     2  stm32l4xx_hal_tim_ex.o(.text.HAL_TIMEx_BreakCallback)
    HAL_TIMEx_CommutCallback                 0x0800201d   Thumb Code     2  stm32l4xx_hal_tim_ex.o(.text.HAL_TIMEx_CommutCallback)
    HAL_TIMEx_MasterConfigSynchronization    0x08002021   Thumb Code   108  stm32l4xx_hal_tim_ex.o(.text.HAL_TIMEx_MasterConfigSynchronization)
    HAL_TIM_Base_Init                        0x0800208d   Thumb Code   234  stm32l4xx_hal_tim.o(.text.HAL_TIM_Base_Init)
    HAL_TIM_Base_MspInit                     0x08002179   Thumb Code   236  tim.o(.text.HAL_TIM_Base_MspInit)
    HAL_TIM_Base_Start                       0x08002265   Thumb Code    88  stm32l4xx_hal_tim.o(.text.HAL_TIM_Base_Start)
    HAL_TIM_Base_Start_IT                    0x080022bd   Thumb Code    96  stm32l4xx_hal_tim.o(.text.HAL_TIM_Base_Start_IT)
    HAL_TIM_ConfigClockSource                0x0800231d   Thumb Code   540  stm32l4xx_hal_tim.o(.text.HAL_TIM_ConfigClockSource)
    HAL_TIM_IC_CaptureCallback               0x08002539   Thumb Code     2  stm32l4xx_hal_tim.o(.text.HAL_TIM_IC_CaptureCallback)
    HAL_TIM_IRQHandler                       0x0800253d   Thumb Code   364  stm32l4xx_hal_tim.o(.text.HAL_TIM_IRQHandler)
    HAL_TIM_OC_DelayElapsedCallback          0x080026a9   Thumb Code     2  stm32l4xx_hal_tim.o(.text.HAL_TIM_OC_DelayElapsedCallback)
    HAL_TIM_PWM_PulseFinishedCallback        0x080026ad   Thumb Code     2  stm32l4xx_hal_tim.o(.text.HAL_TIM_PWM_PulseFinishedCallback)
    HAL_TIM_PeriodElapsedCallback            0x080026b1   Thumb Code   126  drv_tim.o(.text.HAL_TIM_PeriodElapsedCallback)
    HAL_TIM_TriggerCallback                  0x08002731   Thumb Code     2  stm32l4xx_hal_tim.o(.text.HAL_TIM_TriggerCallback)
    HAL_WWDG_Init                            0x08002735   Thumb Code    40  stm32l4xx_hal_wwdg.o(.text.HAL_WWDG_Init)
    HAL_WWDG_MspInit                         0x0800275d   Thumb Code    48  wwdg.o(.text.HAL_WWDG_MspInit)
    HAL_WWDG_Refresh                         0x0800278d   Thumb Code    10  stm32l4xx_hal_wwdg.o(.text.HAL_WWDG_Refresh)
    HardFault_Handler                        0x08002799   Thumb Code     2  stm32l4xx_it.o(.text.HardFault_Handler)
    LPTIM1_IRQHandler                        0x0800279d   Thumb Code    12  stm32l4xx_it.o(.text.LPTIM1_IRQHandler)
    LPTIM_Disable                            0x080027a9   Thumb Code   498  stm32l4xx_hal_lptim.o(.text.LPTIM_Disable)
    MX_CAN1_Init                             0x080029a1   Thumb Code    64  can.o(.text.MX_CAN1_Init)
    MX_GPIO_Init                             0x080029e1   Thumb Code   292  gpio.o(.text.MX_GPIO_Init)
    MX_LPTIM1_Init                           0x08002b05   Thumb Code    60  lptim.o(.text.MX_LPTIM1_Init)
    MX_SPI1_Init                             0x08002b41   Thumb Code    82  spi.o(.text.MX_SPI1_Init)
    MX_TIM16_Init                            0x08002b95   Thumb Code    56  tim.o(.text.MX_TIM16_Init)
    MX_TIM2_Init                             0x08002bcd   Thumb Code   116  tim.o(.text.MX_TIM2_Init)
    MX_TIM6_Init                             0x08002c41   Thumb Code    80  tim.o(.text.MX_TIM6_Init)
    MX_TIM7_Init                             0x08002c91   Thumb Code    80  tim.o(.text.MX_TIM7_Init)
    MemManage_Handler                        0x08002ce1   Thumb Code     2  stm32l4xx_it.o(.text.MemManage_Handler)
    NMI_Handler                              0x08002ce5   Thumb Code     2  stm32l4xx_it.o(.text.NMI_Handler)
    PendSV_Handler                           0x08002ce9   Thumb Code     2  stm32l4xx_it.o(.text.PendSV_Handler)
    SVC_Handler                              0x08003095   Thumb Code     2  stm32l4xx_it.o(.text.SVC_Handler)
    SysTick_Handler                          0x08003099   Thumb Code     4  stm32l4xx_it.o(.text.SysTick_Handler)
    SystemInit                               0x0800309d   Thumb Code    18  system_stm32l4xx.o(.text.SystemInit)
    TIM2_IRQHandler                          0x080030b1   Thumb Code    12  stm32l4xx_it.o(.text.TIM2_IRQHandler)
    TIM6_DAC_IRQHandler                      0x080030bd   Thumb Code    12  stm32l4xx_it.o(.text.TIM6_DAC_IRQHandler)
    TIM7_IRQHandler                          0x080030c9   Thumb Code    12  stm32l4xx_it.o(.text.TIM7_IRQHandler)
    TIM_CAN_PeriodElapsedCallback            0x080030d5   Thumb Code    72  drv_can.o(.text.TIM_CAN_PeriodElapsedCallback)
    TIM_Init                                 0x0800311d   Thumb Code   112  drv_tim.o(.text.TIM_Init)
    Task_Init                                0x0800318d   Thumb Code   184  task.o(.text.Task_Init)
    UsageFault_Handler                       0x0800324d   Thumb Code     2  stm32l4xx_it.o(.text.UsageFault_Handler)
    Task1ms_TIM2_Callback()                  0x08003251   Thumb Code   512  task.o(.text._Z21Task1ms_TIM2_Callbackv)
    Task1ms_TIM3_Callback()                  0x08003471   Thumb Code     2  task.o(.text._Z21Task1ms_TIM3_Callbackv)
    callback(Struct_CAN_Rx_Buffer*)          0x08003475   Thumb Code     2  task.o(.text._Z8callbackP20Struct_CAN_Rx_Buffer)
    Class_Encoder_MA600::getMultiturn()      0x08003479   Thumb Code    58  dvc_ma600_spi.o(.text._ZN19Class_Encoder_MA60012getMultiturnEv)
    Class_Encoder_MA600::Get_Now_Radian()    0x080034b9   Thumb Code   168  dvc_ma600_spi.o(.text._ZN19Class_Encoder_MA60014Get_Now_RadianEv)
    Class_Encoder_MA600::Get_Single_Angle()  0x08003571   Thumb Code   100  dvc_ma600_spi.o(.text._ZN19Class_Encoder_MA60016Get_Single_AngleEv)
    Class_Encoder_MA600::Get_Single_Radian() 0x080035e1   Thumb Code   120  dvc_ma600_spi.o(.text._ZN19Class_Encoder_MA60017Get_Single_RadianEv)
    Class_Encoder_MA600::Init(__SPI_HandleTypeDef*, GPIO_TypeDef*, unsigned short) 0x08003665   Thumb Code    18  dvc_ma600_spi.o(.text._ZN19Class_Encoder_MA6004InitEP19__SPI_HandleTypeDefP12GPIO_TypeDeft)
    Class_Encoder_MA600::getAngle()          0x08003679   Thumb Code    74  dvc_ma600_spi.o(.text._ZN19Class_Encoder_MA6008getAngleEv)
    Class_Filter_Kalman::Init(float, float, float, float) 0x080036c5   Thumb Code    18  alg_filter.o(.text._ZN19Class_Filter_Kalman4InitEffff)
    main                                     0x080036d9   Thumb Code   458  main.o(.text.main)
    __aeabi_d2f                              0x080038a5   Thumb Code     0  d2f.o(x$fpl$d2f)
    _d2f                                     0x080038a5   Thumb Code    98  d2f.o(x$fpl$d2f)
    __fpl_dcmp_Inf                           0x08003907   Thumb Code    24  dcmpi.o(x$fpl$dcmpinf)
    __aeabi_ddiv                             0x08003921   Thumb Code     0  ddiv.o(x$fpl$ddiv)
    _ddiv                                    0x08003921   Thumb Code   560  ddiv.o(x$fpl$ddiv)
    __aeabi_cdcmpeq                          0x08003bd9   Thumb Code     0  deqf.o(x$fpl$deqf)
    _dcmpeq                                  0x08003bd9   Thumb Code   120  deqf.o(x$fpl$deqf)
    __aeabi_i2d                              0x08003c51   Thumb Code     0  dflt_clz.o(x$fpl$dflt)
    _dflt                                    0x08003c51   Thumb Code    46  dflt_clz.o(x$fpl$dflt)
    __aeabi_cdcmpge                          0x08003c81   Thumb Code     0  dgeqf.o(x$fpl$dgeqf)
    _dcmpge                                  0x08003c81   Thumb Code   120  dgeqf.o(x$fpl$dgeqf)
    __aeabi_cdcmple                          0x08003cf9   Thumb Code     0  dleqf.o(x$fpl$dleqf)
    _dcmple                                  0x08003cf9   Thumb Code   120  dleqf.o(x$fpl$dleqf)
    __fpl_dcmple_InfNaN                      0x08003d5b   Thumb Code     0  dleqf.o(x$fpl$dleqf)
    __aeabi_dmul                             0x08003d71   Thumb Code     0  dmul.o(x$fpl$dmul)
    _dmul                                    0x08003d71   Thumb Code   332  dmul.o(x$fpl$dmul)
    __fpl_dnaninf                            0x08003ec5   Thumb Code   156  dnaninf.o(x$fpl$dnaninf)
    __fpl_dretinf                            0x08003f61   Thumb Code    12  dretinf.o(x$fpl$dretinf)
    __aeabi_f2d                              0x08003f6d   Thumb Code     0  f2d.o(x$fpl$f2d)
    _f2d                                     0x08003f6d   Thumb Code    86  f2d.o(x$fpl$f2d)
    __aeabi_dcmpeq                           0x08003fc3   Thumb Code     0  dcmp.o(x$fpl$fcmp)
    _deq                                     0x08003fc3   Thumb Code    14  dcmp.o(x$fpl$fcmp)
    _dneq                                    0x08003fd1   Thumb Code    14  dcmp.o(x$fpl$fcmp)
    __aeabi_dcmpgt                           0x08003fdf   Thumb Code     0  dcmp.o(x$fpl$fcmp)
    _dgr                                     0x08003fdf   Thumb Code    14  dcmp.o(x$fpl$fcmp)
    __aeabi_dcmpge                           0x08003fed   Thumb Code     0  dcmp.o(x$fpl$fcmp)
    _dgeq                                    0x08003fed   Thumb Code    14  dcmp.o(x$fpl$fcmp)
    __aeabi_dcmple                           0x08003ffb   Thumb Code     0  dcmp.o(x$fpl$fcmp)
    _dleq                                    0x08003ffb   Thumb Code    14  dcmp.o(x$fpl$fcmp)
    __aeabi_dcmplt                           0x08004009   Thumb Code     0  dcmp.o(x$fpl$fcmp)
    _dls                                     0x08004009   Thumb Code    14  dcmp.o(x$fpl$fcmp)
    __fpl_fnaninf                            0x08004017   Thumb Code   140  fnaninf.o(x$fpl$fnaninf)
    _fp_init                                 0x080040a3   Thumb Code    26  fpinit.o(x$fpl$fpinit)
    __fplib_config_fpu_vfp                   0x080040bb   Thumb Code     0  fpinit.o(x$fpl$fpinit)
    __fplib_config_pureend_doubles           0x080040bb   Thumb Code     0  fpinit.o(x$fpl$fpinit)
    __fpl_fretinf                            0x080040bd   Thumb Code    10  fretinf.o(x$fpl$fretinf)
    AHBPrescTable                            0x080040c6   Data          16  system_stm32l4xx.o(.rodata.AHBPrescTable)
    __I$use$fp                               0x080040c6   Number         0  usenofp.o(x$fpl$usenofp)
    MSIRangeTable                            0x080040d8   Data          48  system_stm32l4xx.o(.rodata.MSIRangeTable)
    Region$$Table$$Base                      0x08004108   Number         0  anon$$obj.o(Region$$Table)
    Region$$Table$$Limit                     0x08004128   Number         0  anon$$obj.o(Region$$Table)
    uwTickFreq                               0x20000000   Data           1  stm32l4xx_hal.o(.data..L_MergedGlobals)
    uwTickPrio                               0x20000004   Data           4  stm32l4xx_hal.o(.data..L_MergedGlobals)
    CAN_ID                                   0x20000008   Data           2  task.o(.data.CAN_ID)
    Radian_Filter                            0x2000000c   Data          44  task.o(.data.Radian_Filter)
    SystemCoreClock                          0x20000038   Data           4  system_stm32l4xx.o(.data.SystemCoreClock)
    blink_interval                           0x2000003c   Data           4  main.o(.data.blink_interval)
    firstflag                                0x20000040   Data           4  task.o(.data.firstflag)
    __libspace_start                         0x20000048   Data          96  libspace.o(.bss)
    __temporary_stack_top$libspace           0x200000a8   Data           0  libspace.o(.bss)
    CAN1_0x200_Tx_Data                       0x200000a9   Data           8  drv_can.o(.bss..L_MergedGlobals)
    TIM1_Manage_Object                       0x200000b4   Data           8  drv_tim.o(.bss..L_MergedGlobals)
    TIM2_Manage_Object                       0x200000bc   Data           8  drv_tim.o(.bss..L_MergedGlobals)
    TIM3_Manage_Object                       0x200000c4   Data           8  drv_tim.o(.bss..L_MergedGlobals)
    TIM4_Manage_Object                       0x200000cc   Data           8  drv_tim.o(.bss..L_MergedGlobals)
    angle16                                  0x200000d8   Data           2  task.o(.bss..L_MergedGlobals)
    mtt16                                    0x200000da   Data           2  task.o(.bss..L_MergedGlobals)
    Multi_Rad_16                             0x200000dc   Data           2  task.o(.bss..L_MergedGlobals)
    Omega_16                                 0x200000de   Data           2  task.o(.bss..L_MergedGlobals)
    Single_Rad_16                            0x200000e0   Data           2  task.o(.bss..L_MergedGlobals)
    single_Angle                             0x200000e4   Data           4  task.o(.bss..L_MergedGlobals)
    single_Angle_Rad                         0x200000e8   Data           4  task.o(.bss..L_MergedGlobals)
    last_multi_Angle                         0x200000ec   Data           4  task.o(.bss..L_MergedGlobals)
    speed_1ms                                0x200000f0   Data           4  task.o(.bss..L_MergedGlobals)
    multi_Angle                              0x200000f4   Data           4  task.o(.bss..L_MergedGlobals)
    last_speed                               0x200000f8   Data           4  task.o(.bss..L_MergedGlobals)
    angle_deg                                0x200000fc   Data           4  task.o(.bss..L_MergedGlobals)
    Filter_multi_Angle                       0x20000100   Data           4  task.o(.bss..L_MergedGlobals)
    Filter_Single_AngleR                     0x20000104   Data           4  task.o(.bss..L_MergedGlobals)
    Filter_Single_Angle                      0x20000108   Data           4  task.o(.bss..L_MergedGlobals)
    Last_multi_Angle                         0x2000010c   Data           4  task.o(.bss..L_MergedGlobals)
    last_single_Angle                        0x20000110   Data           8  task.o(.bss..L_MergedGlobals)
    ma600                                    0x20000118   Data          12  task.o(.bss..L_MergedGlobals)
    CAN1_Manage_Object                       0x20000124   Data          44  drv_can.o(.bss.CAN1_Manage_Object)
    hcan1                                    0x20000150   Data          40  can.o(.bss.hcan1)
    hlptim1                                  0x20000178   Data          56  lptim.o(.bss.hlptim1)
    hspi1                                    0x200001b0   Data         100  spi.o(.bss.hspi1)
    htim16                                   0x20000214   Data          76  tim.o(.bss.htim16)
    htim2                                    0x20000260   Data          76  tim.o(.bss.htim2)
    htim6                                    0x200002ac   Data          76  tim.o(.bss.htim6)
    htim7                                    0x200002f8   Data          76  tim.o(.bss.htim7)
    hwwdg                                    0x20000344   Data          20  wwdg.o(.bss.hwwdg)
    uwTick                                   0x20000358   Data           4  stm32l4xx_hal.o(.bss.uwTick)



==============================================================================

Memory Map of the image

  Image Entry point : 0x0800018d

  Load Region LR_IROM1 (Base: 0x08000000, Size: 0x00004170, Max: 0x00040000, ABSOLUTE)

    Execution Region ER_IROM1 (Exec base: 0x08000000, Load base: 0x08000000, Size: 0x00004128, Max: 0x00040000, ABSOLUTE)

    Exec Addr    Load Addr    Size         Type   Attr      Idx    E Section Name        Object

    0x08000000   0x08000000   0x0000018c   Data   RO            3    RESET               startup_stm32l431xx.o
    0x0800018c   0x0800018c   0x00000008   Code   RO         1601  * !!!main             c_w.l(__main.o)
    0x08000194   0x08000194   0x0000005c   Code   RO         1883    !!!scatter          c_w.l(__scatter.o)
    0x080001f0   0x080001f0   0x0000001a   Code   RO         1887    !!handler_copy      c_w.l(__scatter_copy.o)
    0x0800020a   0x0800020a   0x00000002   PAD
    0x0800020c   0x0800020c   0x00000002   Code   RO         1884    !!handler_null      c_w.l(__scatter.o)
    0x0800020e   0x0800020e   0x00000002   PAD
    0x08000210   0x08000210   0x0000001c   Code   RO         1889    !!handler_zi        c_w.l(__scatter_zi.o)
    0x0800022c   0x0800022c   0x00000002   Code   RO         1809    .ARM.Collect$$libinit$$00000000  c_w.l(libinit.o)
    0x0800022e   0x0800022e   0x00000004   Code   RO         1735    .ARM.Collect$$libinit$$00000001  c_w.l(libinit2.o)
    0x08000232   0x08000232   0x00000000   Code   RO         1738    .ARM.Collect$$libinit$$00000004  c_w.l(libinit2.o)
    0x08000232   0x08000232   0x00000000   Code   RO         1740    .ARM.Collect$$libinit$$00000006  c_w.l(libinit2.o)
    0x08000232   0x08000232   0x00000000   Code   RO         1743    .ARM.Collect$$libinit$$0000000C  c_w.l(libinit2.o)
    0x08000232   0x08000232   0x00000000   Code   RO         1745    .ARM.Collect$$libinit$$0000000E  c_w.l(libinit2.o)
    0x08000232   0x08000232   0x00000000   Code   RO         1747    .ARM.Collect$$libinit$$00000010  c_w.l(libinit2.o)
    0x08000232   0x08000232   0x00000000   Code   RO         1750    .ARM.Collect$$libinit$$00000013  c_w.l(libinit2.o)
    0x08000232   0x08000232   0x00000000   Code   RO         1752    .ARM.Collect$$libinit$$00000015  c_w.l(libinit2.o)
    0x08000232   0x08000232   0x00000000   Code   RO         1754    .ARM.Collect$$libinit$$00000017  c_w.l(libinit2.o)
    0x08000232   0x08000232   0x00000000   Code   RO         1756    .ARM.Collect$$libinit$$00000019  c_w.l(libinit2.o)
    0x08000232   0x08000232   0x00000000   Code   RO         1758    .ARM.Collect$$libinit$$0000001B  c_w.l(libinit2.o)
    0x08000232   0x08000232   0x00000000   Code   RO         1760    .ARM.Collect$$libinit$$0000001D  c_w.l(libinit2.o)
    0x08000232   0x08000232   0x00000000   Code   RO         1762    .ARM.Collect$$libinit$$0000001F  c_w.l(libinit2.o)
    0x08000232   0x08000232   0x00000000   Code   RO         1764    .ARM.Collect$$libinit$$00000021  c_w.l(libinit2.o)
    0x08000232   0x08000232   0x00000000   Code   RO         1766    .ARM.Collect$$libinit$$00000023  c_w.l(libinit2.o)
    0x08000232   0x08000232   0x00000000   Code   RO         1768    .ARM.Collect$$libinit$$00000025  c_w.l(libinit2.o)
    0x08000232   0x08000232   0x00000000   Code   RO         1770    .ARM.Collect$$libinit$$00000027  c_w.l(libinit2.o)
    0x08000232   0x08000232   0x00000000   Code   RO         1774    .ARM.Collect$$libinit$$0000002E  c_w.l(libinit2.o)
    0x08000232   0x08000232   0x00000000   Code   RO         1776    .ARM.Collect$$libinit$$00000030  c_w.l(libinit2.o)
    0x08000232   0x08000232   0x00000000   Code   RO         1778    .ARM.Collect$$libinit$$00000032  c_w.l(libinit2.o)
    0x08000232   0x08000232   0x00000000   Code   RO         1780    .ARM.Collect$$libinit$$00000034  c_w.l(libinit2.o)
    0x08000232   0x08000232   0x00000002   Code   RO         1781    .ARM.Collect$$libinit$$00000035  c_w.l(libinit2.o)
    0x08000234   0x08000234   0x00000002   Code   RO         1880    .ARM.Collect$$libshutdown$$00000000  c_w.l(libshutdown.o)
    0x08000236   0x08000236   0x00000000   Code   RO         1834    .ARM.Collect$$libshutdown$$00000002  c_w.l(libshutdown2.o)
    0x08000236   0x08000236   0x00000000   Code   RO         1836    .ARM.Collect$$libshutdown$$00000004  c_w.l(libshutdown2.o)
    0x08000236   0x08000236   0x00000000   Code   RO         1839    .ARM.Collect$$libshutdown$$00000007  c_w.l(libshutdown2.o)
    0x08000236   0x08000236   0x00000000   Code   RO         1842    .ARM.Collect$$libshutdown$$0000000A  c_w.l(libshutdown2.o)
    0x08000236   0x08000236   0x00000000   Code   RO         1844    .ARM.Collect$$libshutdown$$0000000C  c_w.l(libshutdown2.o)
    0x08000236   0x08000236   0x00000000   Code   RO         1847    .ARM.Collect$$libshutdown$$0000000F  c_w.l(libshutdown2.o)
    0x08000236   0x08000236   0x00000002   Code   RO         1848    .ARM.Collect$$libshutdown$$00000010  c_w.l(libshutdown2.o)
    0x08000238   0x08000238   0x00000000   Code   RO         1629    .ARM.Collect$$rtentry$$00000000  c_w.l(__rtentry.o)
    0x08000238   0x08000238   0x00000000   Code   RO         1697    .ARM.Collect$$rtentry$$00000002  c_w.l(__rtentry2.o)
    0x08000238   0x08000238   0x00000006   Code   RO         1709    .ARM.Collect$$rtentry$$00000004  c_w.l(__rtentry4.o)
    0x0800023e   0x0800023e   0x00000000   Code   RO         1699    .ARM.Collect$$rtentry$$00000009  c_w.l(__rtentry2.o)
    0x0800023e   0x0800023e   0x00000004   Code   RO         1700    .ARM.Collect$$rtentry$$0000000A  c_w.l(__rtentry2.o)
    0x08000242   0x08000242   0x00000000   Code   RO         1702    .ARM.Collect$$rtentry$$0000000C  c_w.l(__rtentry2.o)
    0x08000242   0x08000242   0x00000008   Code   RO         1703    .ARM.Collect$$rtentry$$0000000D  c_w.l(__rtentry2.o)
    0x0800024a   0x0800024a   0x00000002   Code   RO         1819    .ARM.Collect$$rtexit$$00000000  c_w.l(rtexit.o)
    0x0800024c   0x0800024c   0x00000000   Code   RO         1854    .ARM.Collect$$rtexit$$00000002  c_w.l(rtexit2.o)
    0x0800024c   0x0800024c   0x00000004   Code   RO         1855    .ARM.Collect$$rtexit$$00000003  c_w.l(rtexit2.o)
    0x08000250   0x08000250   0x00000006   Code   RO         1856    .ARM.Collect$$rtexit$$00000004  c_w.l(rtexit2.o)
    0x08000256   0x08000256   0x00000002   PAD
    0x08000258   0x08000258   0x00000040   Code   RO            4    .text               startup_stm32l431xx.o
    0x08000298   0x08000298   0x0000004e   Code   RO         1597    .text               c_w.l(rt_memclr_w.o)
    0x080002e6   0x080002e6   0x00000006   Code   RO         1599    .text               c_w.l(heapauxi.o)
    0x080002ec   0x080002ec   0x00000008   Code   RO         1693    .text               c_w.l(libspace.o)
    0x080002f4   0x080002f4   0x0000004a   Code   RO         1788    .text               c_w.l(sys_stackheap_outer.o)
    0x0800033e   0x0800033e   0x00000012   Code   RO         1796    .text               c_w.l(exit.o)
    0x08000350   0x08000350   0x0000000c   Code   RO         1812    .text               c_w.l(sys_exit.o)
    0x0800035c   0x0800035c   0x00000002   Code   RO         1816    .text               c_w.l(use_no_semi.o)
    0x0800035e   0x0800035e   0x00000000   Code   RO         1818    .text               c_w.l(indicate_semi.o)
    0x0800035e   0x0800035e   0x00000002   PAD
    0x08000360   0x08000360   0x00000002   Code   RO          127    .text.BusFault_Handler  stm32l4xx_it.o
    0x08000362   0x08000362   0x00000002   PAD
    0x08000364   0x08000364   0x0000008a   Code   RO         1325    .text.CAN_Init      drv_can.o
    0x080003ee   0x080003ee   0x00000002   PAD
    0x080003f0   0x080003f0   0x00000002   Code   RO          133    .text.DebugMon_Handler  stm32l4xx_it.o
    0x080003f2   0x080003f2   0x00000002   PAD
    0x080003f4   0x080003f4   0x0000000a   Code   RO           15    .text.Error_Handler  main.o
    0x080003fe   0x080003fe   0x00000002   PAD
    0x08000400   0x08000400   0x0000002e   Code   RO          196    .text.HAL_CAN_ActivateNotification  stm32l4xx_hal_can.o
    0x0800042e   0x0800042e   0x00000002   PAD
    0x08000430   0x08000430   0x000000a4   Code   RO          182    .text.HAL_CAN_AddTxMessage  stm32l4xx_hal_can.o
    0x080004d4   0x080004d4   0x000000ea   Code   RO          172    .text.HAL_CAN_ConfigFilter  stm32l4xx_hal_can.o
    0x080005be   0x080005be   0x00000002   PAD
    0x080005c0   0x080005c0   0x000000f4   Code   RO          162    .text.HAL_CAN_Init  stm32l4xx_hal_can.o
    0x080006b4   0x080006b4   0x00000072   Code   RO           41    .text.HAL_CAN_MspInit  can.o
    0x08000726   0x08000726   0x00000002   PAD
    0x08000728   0x08000728   0x0000005a   Code   RO          174    .text.HAL_CAN_Start  stm32l4xx_hal_can.o
    0x08000782   0x08000782   0x00000002   PAD
    0x08000784   0x08000784   0x000001b8   Code   RO          482    .text.HAL_GPIO_Init  stm32l4xx_hal_gpio.o
    0x0800093c   0x0800093c   0x0000000c   Code   RO          488    .text.HAL_GPIO_WritePin  stm32l4xx_hal_gpio.o
    0x08000948   0x08000948   0x0000000c   Code   RO          254    .text.HAL_GetTick   stm32l4xx_hal.o
    0x08000954   0x08000954   0x0000001a   Code   RO          252    .text.HAL_IncTick   stm32l4xx_hal.o
    0x0800096e   0x0800096e   0x00000002   PAD
    0x08000970   0x08000970   0x0000001e   Code   RO          242    .text.HAL_Init      stm32l4xx_hal.o
    0x0800098e   0x0800098e   0x00000002   PAD
    0x08000990   0x08000990   0x00000050   Code   RO          244    .text.HAL_InitTick  stm32l4xx_hal.o
    0x080009e0   0x080009e0   0x00000002   Code   RO          793    .text.HAL_LPTIM_AutoReloadMatchCallback  stm32l4xx_hal_lptim.o
    0x080009e2   0x080009e2   0x00000002   PAD
    0x080009e4   0x080009e4   0x00000002   Code   RO          799    .text.HAL_LPTIM_AutoReloadWriteCallback  stm32l4xx_hal_lptim.o
    0x080009e6   0x080009e6   0x00000002   PAD
    0x080009e8   0x080009e8   0x00000002   Code   RO          791    .text.HAL_LPTIM_CompareMatchCallback  stm32l4xx_hal_lptim.o
    0x080009ea   0x080009ea   0x00000002   PAD
    0x080009ec   0x080009ec   0x00000002   Code   RO          797    .text.HAL_LPTIM_CompareWriteCallback  stm32l4xx_hal_lptim.o
    0x080009ee   0x080009ee   0x00000002   PAD
    0x080009f0   0x080009f0   0x00000002   Code   RO          803    .text.HAL_LPTIM_DirectionDownCallback  stm32l4xx_hal_lptim.o
    0x080009f2   0x080009f2   0x00000002   PAD
    0x080009f4   0x080009f4   0x00000002   Code   RO          801    .text.HAL_LPTIM_DirectionUpCallback  stm32l4xx_hal_lptim.o
    0x080009f6   0x080009f6   0x00000002   PAD
    0x080009f8   0x080009f8   0x000000d6   Code   RO          789    .text.HAL_LPTIM_IRQHandler  stm32l4xx_hal_lptim.o
    0x08000ace   0x08000ace   0x00000002   PAD
    0x08000ad0   0x08000ad0   0x000000ea   Code   RO          723    .text.HAL_LPTIM_Init  stm32l4xx_hal_lptim.o
    0x08000bba   0x08000bba   0x00000002   PAD
    0x08000bbc   0x08000bbc   0x0000006c   Code   RO           56    .text.HAL_LPTIM_MspInit  lptim.o
    0x08000c28   0x08000c28   0x00000128   Code   RO          771    .text.HAL_LPTIM_TimeOut_Start_IT  stm32l4xx_hal_lptim.o
    0x08000d50   0x08000d50   0x00000002   Code   RO          795    .text.HAL_LPTIM_TriggerCallback  stm32l4xx_hal_lptim.o
    0x08000d52   0x08000d52   0x00000002   PAD
    0x08000d54   0x08000d54   0x00000032   Code   RO          154    .text.HAL_MspInit   stm32l4xx_hal_msp.o
    0x08000d86   0x08000d86   0x00000002   PAD
    0x08000d88   0x08000d88   0x00000022   Code   RO          651    .text.HAL_NVIC_EnableIRQ  stm32l4xx_hal_cortex.o
    0x08000daa   0x08000daa   0x00000002   PAD
    0x08000dac   0x08000dac   0x00000056   Code   RO          649    .text.HAL_NVIC_SetPriority  stm32l4xx_hal_cortex.o
    0x08000e02   0x08000e02   0x00000002   PAD
    0x08000e04   0x08000e04   0x00000020   Code   RO          647    .text.HAL_NVIC_SetPriorityGrouping  stm32l4xx_hal_cortex.o
    0x08000e24   0x08000e24   0x0000008c   Code   RO          583    .text.HAL_PWREx_ControlVoltageScaling  stm32l4xx_hal_pwr_ex.o
    0x08000eb0   0x08000eb0   0x00000010   Code   RO          581    .text.HAL_PWREx_GetVoltageRange  stm32l4xx_hal_pwr_ex.o
    0x08000ec0   0x08000ec0   0x000002ac   Code   RO          358    .text.HAL_RCCEx_PeriphCLKConfig  stm32l4xx_hal_rcc_ex.o
    0x0800116c   0x0800116c   0x0000023e   Code   RO          328    .text.HAL_RCC_ClockConfig  stm32l4xx_hal_rcc.o
    0x080013aa   0x080013aa   0x00000002   PAD
    0x080013ac   0x080013ac   0x000007f4   Code   RO          324    .text.HAL_RCC_OscConfig  stm32l4xx_hal_rcc.o
    0x08001ba0   0x08001ba0   0x000000dc   Code   RO          813    .text.HAL_SPI_Init  stm32l4xx_hal_spi.o
    0x08001c7c   0x08001c7c   0x00000070   Code   RO           71    .text.HAL_SPI_MspInit  spi.o
    0x08001cec   0x08001cec   0x000002fa   Code   RO          825    .text.HAL_SPI_TransmitReceive  stm32l4xx_hal_spi.o
    0x08001fe6   0x08001fe6   0x00000002   PAD
    0x08001fe8   0x08001fe8   0x0000002c   Code   RO          659    .text.HAL_SYSTICK_Config  stm32l4xx_hal_cortex.o
    0x08002014   0x08002014   0x00000002   Code   RO         1249    .text.HAL_TIMEx_Break2Callback  stm32l4xx_hal_tim_ex.o
    0x08002016   0x08002016   0x00000002   PAD
    0x08002018   0x08002018   0x00000002   Code   RO         1247    .text.HAL_TIMEx_BreakCallback  stm32l4xx_hal_tim_ex.o
    0x0800201a   0x0800201a   0x00000002   PAD
    0x0800201c   0x0800201c   0x00000002   Code   RO         1243    .text.HAL_TIMEx_CommutCallback  stm32l4xx_hal_tim_ex.o
    0x0800201e   0x0800201e   0x00000002   PAD
    0x08002020   0x08002020   0x0000006c   Code   RO         1233    .text.HAL_TIMEx_MasterConfigSynchronization  stm32l4xx_hal_tim_ex.o
    0x0800208c   0x0800208c   0x000000ea   Code   RO          938    .text.HAL_TIM_Base_Init  stm32l4xx_hal_tim.o
    0x08002176   0x08002176   0x00000002   PAD
    0x08002178   0x08002178   0x000000ec   Code   RO           92    .text.HAL_TIM_Base_MspInit  tim.o
    0x08002264   0x08002264   0x00000058   Code   RO          948    .text.HAL_TIM_Base_Start  stm32l4xx_hal_tim.o
    0x080022bc   0x080022bc   0x00000060   Code   RO          952    .text.HAL_TIM_Base_Start_IT  stm32l4xx_hal_tim.o
    0x0800231c   0x0800231c   0x0000021c   Code   RO         1118    .text.HAL_TIM_ConfigClockSource  stm32l4xx_hal_tim.o
    0x08002538   0x08002538   0x00000002   Code   RO         1074    .text.HAL_TIM_IC_CaptureCallback  stm32l4xx_hal_tim.o
    0x0800253a   0x0800253a   0x00000002   PAD
    0x0800253c   0x0800253c   0x0000016c   Code   RO         1072    .text.HAL_TIM_IRQHandler  stm32l4xx_hal_tim.o
    0x080026a8   0x080026a8   0x00000002   Code   RO         1076    .text.HAL_TIM_OC_DelayElapsedCallback  stm32l4xx_hal_tim.o
    0x080026aa   0x080026aa   0x00000002   PAD
    0x080026ac   0x080026ac   0x00000002   Code   RO         1078    .text.HAL_TIM_PWM_PulseFinishedCallback  stm32l4xx_hal_tim.o
    0x080026ae   0x080026ae   0x00000002   PAD
    0x080026b0   0x080026b0   0x0000007e   Code   RO         1432    .text.HAL_TIM_PeriodElapsedCallback  drv_tim.o
    0x0800272e   0x0800272e   0x00000002   PAD
    0x08002730   0x08002730   0x00000002   Code   RO         1082    .text.HAL_TIM_TriggerCallback  stm32l4xx_hal_tim.o
    0x08002732   0x08002732   0x00000002   PAD
    0x08002734   0x08002734   0x00000028   Code   RO         1263    .text.HAL_WWDG_Init  stm32l4xx_hal_wwdg.o
    0x0800275c   0x0800275c   0x00000030   Code   RO          110    .text.HAL_WWDG_MspInit  wwdg.o
    0x0800278c   0x0800278c   0x0000000a   Code   RO         1267    .text.HAL_WWDG_Refresh  stm32l4xx_hal_wwdg.o
    0x08002796   0x08002796   0x00000002   PAD
    0x08002798   0x08002798   0x00000002   Code   RO          123    .text.HardFault_Handler  stm32l4xx_it.o
    0x0800279a   0x0800279a   0x00000002   PAD
    0x0800279c   0x0800279c   0x0000000c   Code   RO          145    .text.LPTIM1_IRQHandler  stm32l4xx_it.o
    0x080027a8   0x080027a8   0x000001f8   Code   RO          729    .text.LPTIM_Disable  stm32l4xx_hal_lptim.o
    0x080029a0   0x080029a0   0x00000040   Code   RO           39    .text.MX_CAN1_Init  can.o
    0x080029e0   0x080029e0   0x00000124   Code   RO           30    .text.MX_GPIO_Init  gpio.o
    0x08002b04   0x08002b04   0x0000003c   Code   RO           54    .text.MX_LPTIM1_Init  lptim.o
    0x08002b40   0x08002b40   0x00000052   Code   RO           69    .text.MX_SPI1_Init  spi.o
    0x08002b92   0x08002b92   0x00000002   PAD
    0x08002b94   0x08002b94   0x00000038   Code   RO           90    .text.MX_TIM16_Init  tim.o
    0x08002bcc   0x08002bcc   0x00000074   Code   RO           84    .text.MX_TIM2_Init  tim.o
    0x08002c40   0x08002c40   0x00000050   Code   RO           86    .text.MX_TIM6_Init  tim.o
    0x08002c90   0x08002c90   0x00000050   Code   RO           88    .text.MX_TIM7_Init  tim.o
    0x08002ce0   0x08002ce0   0x00000002   Code   RO          125    .text.MemManage_Handler  stm32l4xx_it.o
    0x08002ce2   0x08002ce2   0x00000002   PAD
    0x08002ce4   0x08002ce4   0x00000002   Code   RO          121    .text.NMI_Handler   stm32l4xx_it.o
    0x08002ce6   0x08002ce6   0x00000002   PAD
    0x08002ce8   0x08002ce8   0x00000002   Code   RO          135    .text.PendSV_Handler  stm32l4xx_it.o
    0x08002cea   0x08002cea   0x00000002   PAD
    0x08002cec   0x08002cec   0x00000148   Code   RO          360    .text.RCCEx_PLLSAI1_Config  stm32l4xx_hal_rcc_ex.o
    0x08002e34   0x08002e34   0x00000186   Code   RO          875    .text.SPI_WaitFifoStateUntilTimeout  stm32l4xx_hal_spi.o
    0x08002fba   0x08002fba   0x00000002   PAD
    0x08002fbc   0x08002fbc   0x000000d6   Code   RO          877    .text.SPI_WaitFlagStateUntilTimeout  stm32l4xx_hal_spi.o
    0x08003092   0x08003092   0x00000002   PAD
    0x08003094   0x08003094   0x00000002   Code   RO          131    .text.SVC_Handler   stm32l4xx_it.o
    0x08003096   0x08003096   0x00000002   PAD
    0x08003098   0x08003098   0x00000004   Code   RO          137    .text.SysTick_Handler  stm32l4xx_it.o
    0x0800309c   0x0800309c   0x00000012   Code   RO         1281    .text.SystemInit    system_stm32l4xx.o
    0x080030ae   0x080030ae   0x00000002   PAD
    0x080030b0   0x080030b0   0x0000000c   Code   RO          139    .text.TIM2_IRQHandler  stm32l4xx_it.o
    0x080030bc   0x080030bc   0x0000000c   Code   RO          141    .text.TIM6_DAC_IRQHandler  stm32l4xx_it.o
    0x080030c8   0x080030c8   0x0000000c   Code   RO          143    .text.TIM7_IRQHandler  stm32l4xx_it.o
    0x080030d4   0x080030d4   0x00000048   Code   RO         1329    .text.TIM_CAN_PeriodElapsedCallback  drv_can.o
    0x0800311c   0x0800311c   0x00000070   Code   RO         1430    .text.TIM_Init      drv_tim.o
    0x0800318c   0x0800318c   0x000000c0   Code   RO         1491    .text.Task_Init     task.o
    0x0800324c   0x0800324c   0x00000002   Code   RO          129    .text.UsageFault_Handler  stm32l4xx_it.o
    0x0800324e   0x0800324e   0x00000002   PAD
    0x08003250   0x08003250   0x00000220   Code   RO         1483    .text._Z21Task1ms_TIM2_Callbackv  task.o
    0x08003470   0x08003470   0x00000002   Code   RO         1481    .text._Z21Task1ms_TIM3_Callbackv  task.o
    0x08003472   0x08003472   0x00000002   PAD
    0x08003474   0x08003474   0x00000002   Code   RO         1485    .text._Z8callbackP20Struct_CAN_Rx_Buffer  task.o
    0x08003476   0x08003476   0x00000002   PAD
    0x08003478   0x08003478   0x0000003a   Code   RO         1299    .text._ZN19Class_Encoder_MA60012getMultiturnEv  dvc_ma600_spi.o
    0x080034b2   0x080034b2   0x00000006   PAD
    0x080034b8   0x080034b8   0x000000b8   Code   RO         1313    .text._ZN19Class_Encoder_MA60014Get_Now_RadianEv  dvc_ma600_spi.o
    0x08003570   0x08003570   0x0000006c   Code   RO         1305    .text._ZN19Class_Encoder_MA60016Get_Single_AngleEv  dvc_ma600_spi.o
    0x080035dc   0x080035dc   0x00000004   PAD
    0x080035e0   0x080035e0   0x00000084   Code   RO         1309    .text._ZN19Class_Encoder_MA60017Get_Single_RadianEv  dvc_ma600_spi.o
    0x08003664   0x08003664   0x00000012   Code   RO         1297    .text._ZN19Class_Encoder_MA6004InitEP19__SPI_HandleTypeDefP12GPIO_TypeDeft  dvc_ma600_spi.o
    0x08003676   0x08003676   0x00000002   PAD
    0x08003678   0x08003678   0x0000004a   Code   RO         1301    .text._ZN19Class_Encoder_MA6008getAngleEv  dvc_ma600_spi.o
    0x080036c2   0x080036c2   0x00000002   PAD
    0x080036c4   0x080036c4   0x00000012   Code   RO         1457    .text._ZN19Class_Filter_Kalman4InitEffff  alg_filter.o
    0x080036d6   0x080036d6   0x00000002   PAD
    0x080036d8   0x080036d8   0x000001ca   Code   RO           11    .text.main          main.o
    0x080038a2   0x080038a2   0x00000002   PAD
    0x080038a4   0x080038a4   0x00000062   Code   RO         1603    x$fpl$d2f           fz_wm.l(d2f.o)
    0x08003906   0x08003906   0x00000018   Code   RO         1782    x$fpl$dcmpinf       fz_wm.l(dcmpi.o)
    0x0800391e   0x0800391e   0x00000002   PAD
    0x08003920   0x08003920   0x000002b8   Code   RO         1608    x$fpl$ddiv          fz_wm.l(ddiv.o)
    0x08003bd8   0x08003bd8   0x00000078   Code   RO         1659    x$fpl$deqf          fz_wm.l(deqf.o)
    0x08003c50   0x08003c50   0x0000002e   Code   RO         1612    x$fpl$dflt          fz_wm.l(dflt_clz.o)
    0x08003c7e   0x08003c7e   0x00000002   PAD
    0x08003c80   0x08003c80   0x00000078   Code   RO         1661    x$fpl$dgeqf         fz_wm.l(dgeqf.o)
    0x08003cf8   0x08003cf8   0x00000078   Code   RO         1663    x$fpl$dleqf         fz_wm.l(dleqf.o)
    0x08003d70   0x08003d70   0x00000154   Code   RO         1617    x$fpl$dmul          fz_wm.l(dmul.o)
    0x08003ec4   0x08003ec4   0x0000009c   Code   RO         1665    x$fpl$dnaninf       fz_wm.l(dnaninf.o)
    0x08003f60   0x08003f60   0x0000000c   Code   RO         1667    x$fpl$dretinf       fz_wm.l(dretinf.o)
    0x08003f6c   0x08003f6c   0x00000056   Code   RO         1619    x$fpl$f2d           fz_wm.l(f2d.o)
    0x08003fc2   0x08003fc2   0x00000054   Code   RO         1605    x$fpl$fcmp          fz_wm.l(dcmp.o)
    0x08004016   0x08004016   0x0000008c   Code   RO         1669    x$fpl$fnaninf       fz_wm.l(fnaninf.o)
    0x080040a2   0x080040a2   0x0000001a   Code   RO         1810    x$fpl$fpinit        fz_wm.l(fpinit.o)
    0x080040bc   0x080040bc   0x0000000a   Code   RO         1671    x$fpl$fretinf       fz_wm.l(fretinf.o)
    0x080040c6   0x080040c6   0x00000000   Code   RO         1673    x$fpl$usenofp       fz_wm.l(usenofp.o)
    0x080040c6   0x080040c6   0x00000010   Data   RO         1286    .rodata.AHBPrescTable  system_stm32l4xx.o
    0x080040d6   0x080040d6   0x00000002   PAD
    0x080040d8   0x080040d8   0x00000030   Data   RO         1288    .rodata.MSIRangeTable  system_stm32l4xx.o
    0x08004108   0x08004108   0x00000020   Data   RO         1882    Region$$Table       anon$$obj.o


    Execution Region RW_IRAM2 (Exec base: 0x10000000, Load base: 0x08004170, Size: 0x00000000, Max: 0x00004000, ABSOLUTE)

    **** No section assigned to this execution region ****


    Execution Region RW_IRAM1 (Exec base: 0x20000000, Load base: 0x08004128, Size: 0x00000960, Max: 0x0000c000, ABSOLUTE)

    Exec Addr    Load Addr    Size         Type   Attr      Idx    E Section Name        Object

    0x20000000   0x08004128   0x00000008   Data   RW          313    .data..L_MergedGlobals  stm32l4xx_hal.o
    0x20000008   0x08004130   0x00000002   Data   RW         1494    .data.CAN_ID        task.o
    0x2000000a   0x08004132   0x00000002   PAD
    0x2000000c   0x08004134   0x0000002c   Data   RW         1513    .data.Radian_Filter  task.o
    0x20000038   0x08004160   0x00000004   Data   RW         1285    .data.SystemCoreClock  system_stm32l4xx.o
    0x2000003c   0x08004164   0x00000004   Data   RW           20    .data.blink_interval  main.o
    0x20000040   0x08004168   0x00000004   Data   RW         1512    .data.firstflag     task.o
    0x20000044   0x0800416c   0x00000004   PAD
    0x20000048        -       0x00000060   Zero   RW         1694    .bss                c_w.l(libspace.o)
    0x200000a8        -       0x00000009   Zero   RW         1361    .bss..L_MergedGlobals  drv_can.o
    0x200000b1   0x0800416c   0x00000003   PAD
    0x200000b4        -       0x00000020   Zero   RW         1444    .bss..L_MergedGlobals  drv_tim.o
    0x200000d4   0x0800416c   0x00000004   PAD
    0x200000d8        -       0x0000004c   Zero   RW         1524    .bss..L_MergedGlobals  task.o
    0x20000124        -       0x0000002c   Zero   RW         1335    .bss.CAN1_Manage_Object  drv_can.o
    0x20000150        -       0x00000028   Zero   RW           45    .bss.hcan1          can.o
    0x20000178        -       0x00000038   Zero   RW           60    .bss.hlptim1        lptim.o
    0x200001b0        -       0x00000064   Zero   RW           75    .bss.hspi1          spi.o
    0x20000214        -       0x0000004c   Zero   RW           99    .bss.htim16         tim.o
    0x20000260        -       0x0000004c   Zero   RW           96    .bss.htim2          tim.o
    0x200002ac        -       0x0000004c   Zero   RW           97    .bss.htim6          tim.o
    0x200002f8        -       0x0000004c   Zero   RW           98    .bss.htim7          tim.o
    0x20000344        -       0x00000014   Zero   RW          112    .bss.hwwdg          wwdg.o
    0x20000358        -       0x00000004   Zero   RW          312    .bss.uwTick         stm32l4xx_hal.o
    0x2000035c   0x0800416c   0x00000004   PAD
    0x20000360        -       0x00000200   Zero   RW            2    HEAP                startup_stm32l431xx.o
    0x20000560        -       0x00000400   Zero   RW            1    STACK               startup_stm32l431xx.o


==============================================================================

Image component sizes


      Code (inc. data)   RO Data    RW Data    ZI Data      Debug   Object Name

        18          0          0          0          0      21426   alg_filter.o
       178          0          0          0         40       4490   can.o
       210          0          0          0         53      12685   drv_can.o
       238          0          0          0         32       4590   drv_tim.o
       574         36          0          0          0       6857   dvc_ma600_spi.o
       292          0          0          0          0       2517   gpio.o
       168          0          0          0         56       6043   lptim.o
       468          0          0          4          0       4551   main.o
       194          0          0          0        100       5128   spi.o
        64         26        396          0       1536        840   startup_stm32l431xx.o
       148          0          0          8          4       8595   stm32l4xx_hal.o
       778          0          0          0          0      14076   stm32l4xx_hal_can.o
       196          0          0          0          0      10313   stm32l4xx_hal_cortex.o
       452          0          0          0          0       5244   stm32l4xx_hal_gpio.o
      1262          0          0          0          0      19020   stm32l4xx_hal_lptim.o
        50          0          0          0          0       1602   stm32l4xx_hal_msp.o
       156          0          0          0          0       8391   stm32l4xx_hal_pwr_ex.o
      2610          0          0          0          0      12149   stm32l4xx_hal_rcc.o
      1012          0          0          0          0      14195   stm32l4xx_hal_rcc_ex.o
      1586          0          0          0          0      25751   stm32l4xx_hal_spi.o
      1330          0          0          0          0      64163   stm32l4xx_hal_tim.o
       114          0          0          0          0      23112   stm32l4xx_hal_tim_ex.o
        50          0          0          0          0       2008   stm32l4xx_hal_wwdg.o
        68          0          0          0          0       5861   stm32l4xx_it.o
        18          0         64          4          0       2965   system_stm32l4xx.o
       740         40          0         50         76      19613   task.o
       568          0          0          0        304       8428   tim.o
        48          0          0          0         20       2396   wwdg.o

    ----------------------------------------------------------------------
     13700        106        494         68       2236     317009   Object Totals
         0          0         32          0          0          0   (incl. Generated)
       110          4          2          2         15          0   (incl. Padding)

    ----------------------------------------------------------------------

      Code (inc. data)   RO Data    RW Data    ZI Data      Debug   Library Member Name

         8          0          0          0          0         68   __main.o
         0          0          0          0          0          0   __rtentry.o
        12          0          0          0          0          0   __rtentry2.o
         6          0          0          0          0          0   __rtentry4.o
        94          8          0          0          0          0   __scatter.o
        26          0          0          0          0          0   __scatter_copy.o
        28          0          0          0          0          0   __scatter_zi.o
        18          0          0          0          0         80   exit.o
         6          0          0          0          0        152   heapauxi.o
         0          0          0          0          0          0   indicate_semi.o
         2          0          0          0          0          0   libinit.o
         6          0          0          0          0          0   libinit2.o
         2          0          0          0          0          0   libshutdown.o
         2          0          0          0          0          0   libshutdown2.o
         8          4          0          0         96         68   libspace.o
        78          0          0          0          0         80   rt_memclr_w.o
         2          0          0          0          0          0   rtexit.o
        10          0          0          0          0          0   rtexit2.o
        12          4          0          0          0         68   sys_exit.o
        74          0          0          0          0         80   sys_stackheap_outer.o
         2          0          0          0          0         68   use_no_semi.o
        98          4          0          0          0        140   d2f.o
        84          0          0          0          0        244   dcmp.o
        24          0          0          0          0        116   dcmpi.o
       696        140          0          0          0        264   ddiv.o
       120          4          0          0          0        140   deqf.o
        46          0          0          0          0        116   dflt_clz.o
       120          4          0          0          0        140   dgeqf.o
       120          4          0          0          0        140   dleqf.o
       340         12          0          0          0        152   dmul.o
       156          4          0          0          0        140   dnaninf.o
        12          0          0          0          0        116   dretinf.o
        86          4          0          0          0        132   f2d.o
       140          4          0          0          0        132   fnaninf.o
        26          0          0          0          0        116   fpinit.o
        10          0          0          0          0        116   fretinf.o
         0          0          0          0          0          0   usenofp.o

    ----------------------------------------------------------------------
      2486        196          0          0         96       2868   Library Totals
        12          0          0          0          0          0   (incl. Padding)

    ----------------------------------------------------------------------

      Code (inc. data)   RO Data    RW Data    ZI Data      Debug   Library Name

       396         16          0          0         96        664   c_w.l
      2078        180          0          0          0       2204   fz_wm.l

    ----------------------------------------------------------------------
      2486        196          0          0         96       2868   Library Totals

    ----------------------------------------------------------------------

==============================================================================


      Code (inc. data)   RO Data    RW Data    ZI Data      Debug   

     16186        302        494         68       2332     317817   Grand Totals
     16186        302        494         68       2332     317817   ELF Image Totals
     16186        302        494         68          0          0   ROM Totals

==============================================================================

    Total RO  Size (Code + RO Data)                16680 (  16.29kB)
    Total RW  Size (RW Data + ZI Data)              2400 (   2.34kB)
    Total ROM Size (Code + RO Data + RW Data)      16748 (  16.36kB)

==============================================================================

