<html>
<body>
<pre>
<h1>µVision Build Log</h1>
<h2>Tool Versions:</h2>
IDE-Version: ¦ÌVision V5.43.1.0
Copyright (C) 2025 ARM Ltd and ARM Germany GmbH. All rights reserved.
License Information: JS LI, NEUQ, LIC=----
 
Tool Versions:
Toolchain:       MDK-Lite  Version: 5.43.0.0
Toolchain Path:  C:\Users\15940\AppData\Local\Keil_v5\ARM\ARMCLANG\Bin
C Compiler:      ArmClang.exe V6.24
Assembler:       Armasm.exe V6.24
Linker/Locator:  ArmLink.exe V6.24
Library Manager: ArmAr.exe V6.24
Hex Converter:   FromElf.exe V6.24
CPU DLL:         SARMCM3.DLL V5.43.0.0
Dialog DLL:      DCM.DLL V1.17.5.0
Target DLL:      CMSIS_AGDI.dll V1.33.24.0
Dialog DLL:      TCM.DLL V1.56.6.0
 
<h2>Project:</h2>
E:\CAN_Encoder\L431_Ver\L431\L431_BtoA\MDK-ARM\L431_BtoA.uvprojx
Project File Date:  02/25/2026

<h2>Output:</h2>
*** Using Compiler 'V6.24', folder: 'C:\Users\15940\AppData\Local\Keil_v5\ARM\ARMCLANG\Bin'
Rebuild target 'L431_BtoA'
assembling startup_stm32l431xx.s...
compiling stm32l4xx_hal_msp.c...
compiling wwdg.c...
compiling gpio.c...
compiling spi.c...
compiling tim.c...
compiling lptim.c...
compiling can.c...
compiling main.c...
compiling stm32l4xx_it.c...
compiling stm32l4xx_hal_can.c...
compiling stm32l4xx_hal.c...
compiling stm32l4xx_hal_flash_ramfunc.c...
compiling stm32l4xx_hal_i2c.c...
compiling stm32l4xx_hal_i2c_ex.c...
compiling stm32l4xx_hal_gpio.c...
compiling stm32l4xx_hal_flash.c...
compiling stm32l4xx_hal_flash_ex.c...
compiling stm32l4xx_hal_dma_ex.c...
compiling stm32l4xx_hal_rcc.c...
compiling stm32l4xx_hal_rcc_ex.c...
compiling stm32l4xx_hal_dma.c...
compiling stm32l4xx_hal_pwr.c...
compiling stm32l4xx_hal_cortex.c...
compiling stm32l4xx_hal_pwr_ex.c...
compiling stm32l4xx_hal_spi_ex.c...
compiling stm32l4xx_hal_exti.c...
compiling stm32l4xx_hal_wwdg.c...
compiling system_stm32l4xx.c...
compiling dvc_ma600_spi.cpp...
compiling drv_can.cpp...
compiling drv_dwt.cpp...
compiling stm32l4xx_hal_lptim.c...
compiling drv_crclite.cpp...
compiling stm32l4xx_hal_tim_ex.c...
compiling drv_tim.cpp...
compiling drv_math.cpp...
compiling stm32l4xx_hal_spi.c...
compiling alg_filter.cpp...
compiling task.cpp...
compiling stm32l4xx_hal_tim.c...
linking...
Program Size: Code=16194 RO-data=494 RW-data=68 ZI-data=2332  
FromELF: creating hex file...
"L431_BtoA\L431_BtoA.axf" - 0 Error(s), 0 Warning(s).

<h2>Software Packages used:</h2>

Package Vendor: ARM
                https://www.keil.com/pack/ARM.CMSIS.6.3.0.pack
                ARM::CMSIS@6.3.0
                CMSIS (Common Microcontroller Software Interface Standard)
   * Component: CORE Version: 6.2.0

Package Vendor: Keil
                https://www.keil.com/pack/Keil.STM32L4xx_DFP.3.1.0.pack
                Keil::STM32L4xx_DFP@3.1.0
                STMicroelectronics STM32L4 Series Device Support

<h2>Collection of Component include folders:</h2>
  ./RTE/_L431_BtoA
  C:/Users/15940/AppData/Local/Arm/Packs/ARM/CMSIS/6.3.0/CMSIS/Core/Include

<h2>Collection of Component Files used:</h2>

   * Component: ARM::CMSIS:CORE@6.2.0
      Include file:  CMSIS/Core/Include/tz_context.h
Build Time Elapsed:  00:00:03
</pre>
</body>
</html>
